Archive member included to satisfy reference by file (symbol)

C:\Users\bitshen\Desktop\git\heystack-ch59x\StdPeriphDriver\libISP592.a(ISP583.o)
                              ./StdPeriphDriver/CH59x_flash.o (FLASH_EEPROM_CMD)
C:\Users\bitshen\Desktop\git\heystack-ch59x\LIB\libCH59xBLE.a(message.o)
                              ./HAL/MCU.o (tmos_msg_deallocate)
C:\Users\bitshen\Desktop\git\heystack-ch59x\LIB\libCH59xBLE.a(tmos.o)
                              ./Profile/devinfoservice.o (tmos_memcpy)
C:\Users\bitshen\Desktop\git\heystack-ch59x\LIB\libCH59xBLE.a(tmos_hw.o)
                              C:\Users\bitshen\Desktop\git\heystack-ch59x\LIB\libCH59xBLE.a(tmos.o) (bleClock_t)
C:\Users\bitshen\Desktop\git\heystack-ch59x\LIB\libCH59xBLE.a(tmos_snv.o)
                              C:\Users\bitshen\Desktop\git\heystack-ch59x\LIB\libCH59xBLE.a(tmos.o) (tmos_snv_init)
C:\Users\bitshen\Desktop\git\heystack-ch59x\LIB\libCH59xBLE.a(gap.o)
                              ./APP/broadcaster.o (GAP_SetParamValue)
C:\Users\bitshen\Desktop\git\heystack-ch59x\LIB\libCH59xBLE.a(gap_central.o)
                              C:\Users\bitshen\Desktop\git\heystack-ch59x\LIB\libCH59xBLE.a(gap.o) (gapProcessPeriodicAdvertisingSyncEstablishedEvt)
C:\Users\bitshen\Desktop\git\heystack-ch59x\LIB\libCH59xBLE.a(gap_peripheral.o)
                              ./APP/broadcaster.o (GAP_UpdateAdvertisingData)
C:\Users\bitshen\Desktop\git\heystack-ch59x\LIB\libCH59xBLE.a(gatt_uuid.o)
                              ./Profile/devinfoservice.o (characterUUID)
C:\Users\bitshen\Desktop\git\heystack-ch59x\LIB\libCH59xBLE.a(gattservapp.o)
                              ./Profile/devinfoservice.o (GATTServApp_RegisterService)
C:\Users\bitshen\Desktop\git\heystack-ch59x\LIB\libCH59xBLE.a(l2cap.o)
                              C:\Users\bitshen\Desktop\git\heystack-ch59x\LIB\libCH59xBLE.a(gattservapp.o) (L2CAP_GetMTU)
C:\Users\bitshen\Desktop\git\heystack-ch59x\LIB\libCH59xBLE.a(l2cap_input.o)
                              C:\Users\bitshen\Desktop\git\heystack-ch59x\LIB\libCH59xBLE.a(l2cap.o) (l2capProcessRxData)
C:\Users\bitshen\Desktop\git\heystack-ch59x\LIB\libCH59xBLE.a(l2cap_output.o)
                              C:\Users\bitshen\Desktop\git\heystack-ch59x\LIB\libCH59xBLE.a(l2cap_input.o) (l2capNotifyData)
C:\Users\bitshen\Desktop\git\heystack-ch59x\LIB\libCH59xBLE.a(l2cap_sdu.o)
                              C:\Users\bitshen\Desktop\git\heystack-ch59x\LIB\libCH59xBLE.a(l2cap_input.o) (l2capBuildDisconnectRsp)
C:\Users\bitshen\Desktop\git\heystack-ch59x\LIB\libCH59xBLE.a(linkdb.o)
                              C:\Users\bitshen\Desktop\git\heystack-ch59x\LIB\libCH59xBLE.a(l2cap.o) (linkDB_Init)
C:\Users\bitshen\Desktop\git\heystack-ch59x\LIB\libCH59xBLE.a(sm.o)
                              C:\Users\bitshen\Desktop\git\heystack-ch59x\LIB\libCH59xBLE.a(gap.o) (smFreePairingParams)
C:\Users\bitshen\Desktop\git\heystack-ch59x\LIB\libCH59xBLE.a(sm_initiator.o)
                              C:\Users\bitshen\Desktop\git\heystack-ch59x\LIB\libCH59xBLE.a(sm.o) (smInitiatorSendNextKeyInfo)
C:\Users\bitshen\Desktop\git\heystack-ch59x\LIB\libCH59xBLE.a(sm_pdu.o)
                              C:\Users\bitshen\Desktop\git\heystack-ch59x\LIB\libCH59xBLE.a(sm.o) (smpBuildPairingReq)
C:\Users\bitshen\Desktop\git\heystack-ch59x\LIB\libCH59xBLE.a(sm_responding.o)
                              C:\Users\bitshen\Desktop\git\heystack-ch59x\LIB\libCH59xBLE.a(sm.o) (smResponderSendNextKeyInfo)
C:\Users\bitshen\Desktop\git\heystack-ch59x\LIB\libCH59xBLE.a(sm_toolbox.o)
                              C:\Users\bitshen\Desktop\git\heystack-ch59x\LIB\libCH59xBLE.a(sm.o) (sm_ah)
C:\Users\bitshen\Desktop\git\heystack-ch59x\LIB\libCH59xBLE.a(host_input.o)
                              C:\Users\bitshen\Desktop\git\heystack-ch59x\LIB\libCH59xBLE.a(gap.o) (gBleHostPara)
C:\Users\bitshen\Desktop\git\heystack-ch59x\LIB\libCH59xBLE.a(host_output.o)
                              C:\Users\bitshen\Desktop\git\heystack-ch59x\LIB\libCH59xBLE.a(gap.o) (HCI_DisconnectCmd)
C:\Users\bitshen\Desktop\git\heystack-ch59x\LIB\libCH59xBLE.a(ll_connect.o)
                              C:\Users\bitshen\Desktop\git\heystack-ch59x\LIB\libCH59xBLE.a(tmos.o) (LL_GetNextConnectEventTime)
C:\Users\bitshen\Desktop\git\heystack-ch59x\LIB\libCH59xBLE.a(ll_core.o)
                              C:\Users\bitshen\Desktop\git\heystack-ch59x\LIB\libCH59xBLE.a(ll_connect.o) (LL_CoreGetCore)
C:\Users\bitshen\Desktop\git\heystack-ch59x\LIB\libCH59xBLE.a(ll_hop.o)
                              C:\Users\bitshen\Desktop\git\heystack-ch59x\LIB\libCH59xBLE.a(ll_connect.o) (LL_HopGetChannel)
C:\Users\bitshen\Desktop\git\heystack-ch59x\LIB\libCH59xBLE.a(ll_master.o)
                              C:\Users\bitshen\Desktop\git\heystack-ch59x\LIB\libCH59xBLE.a(gap_central.o) (LL_SetDataSendPriority)
C:\Users\bitshen\Desktop\git\heystack-ch59x\LIB\libCH59xBLE.a(ll_pdu.o)
[...]
Memory Configuration

Name             Origin             Length             Attributes
FLASH            0x0000000000000000 0x0000000000070000 xr
RAM              0x0000000020000000 0x0000000000006800 xrw
*default*        0x0000000000000000 0xffffffffffffffff

Linker script and memory map

LOAD ./StdPeriphDriver/CH59x_adc.o
LOAD ./StdPeriphDriver/CH59x_clk.o
LOAD ./StdPeriphDriver/CH59x_flash.o
LOAD ./StdPeriphDriver/CH59x_gpio.o
LOAD ./StdPeriphDriver/CH59x_i2c.o
LOAD ./StdPeriphDriver/CH59x_lcd.o
LOAD ./StdPeriphDriver/CH59x_pwr.o
LOAD ./StdPeriphDriver/CH59x_sys.o
LOAD ./StdPeriphDriver/CH59x_uart1.o
LOAD ./Startup/startup_CH592.o
LOAD ./RVMSIS/core_riscv.o
LOAD ./Profile/devinfoservice.o
LOAD ./LIB/ble_task_scheduler.o
LOAD ./HAL/MCU.o
LOAD ./HAL/RTC.o
LOAD ./HAL/SLEEP.o
LOAD ./APP/broadcaster.o
LOAD ./APP/broadcaster_main.o
LOAD C:\Users\bitshen\Desktop\git\heystack-ch59x\StdPeriphDriver\libISP592.a
LOAD C:\Users\bitshen\Desktop\git\heystack-ch59x\LIB\libCH59xBLE.a
LOAD e:/mounriver/mounriver_studio/toolchain/risc-v embedded gcc12/bin/../lib/gcc/riscv-none-elf/12.2.0/../../../../riscv-none-elf/lib\libprintfloat.a
LOAD e:/mounriver/mounriver_studio/toolchain/risc-v embedded gcc12/bin/../lib/gcc/riscv-none-elf/12.2.0\libgcc.a
LOAD e:/mounriver/mounriver_studio/toolchain/risc-v embedded gcc12/bin/../lib/gcc/riscv-none-elf/12.2.0/../../../../riscv-none-elf/lib\libg_nano.a
LOAD e:/mounriver/mounriver_studio/toolchain/risc-v embedded gcc12/bin/../lib/gcc/riscv-none-elf/12.2.0/../../../../riscv-none-elf/lib\libc_nano.a
LOAD e:/mounriver/mounriver_studio/toolchain/risc-v embedded gcc12/bin/../lib/gcc/riscv-none-elf/12.2.0\libgcc.a
START GROUP
LOAD e:/mounriver/mounriver_studio/toolchain/risc-v embedded gcc12/bin/../lib/gcc/riscv-none-elf/12.2.0\libgcc.a
LOAD e:/mounriver/mounriver_studio/toolchain/risc-v embedded gcc12/bin/../lib/gcc/riscv-none-elf/12.2.0/../../../../riscv-none-elf/lib\libc_nano.a
LOAD e:/mounriver/mounriver_studio/toolchain/risc-v embedded gcc12/bin/../lib/gcc/riscv-none-elf/12.2.0/../../../../riscv-none-elf/lib\libnosys.a
END GROUP
START GROUP
LOAD e:/mounriver/mounriver_studio/toolchain/risc-v embedded gcc12/bin/../lib/gcc/riscv-none-elf/12.2.0\libgcc.a
LOAD e:/mounriver/mounriver_studio/toolchain/risc-v embedded gcc12/bin/../lib/gcc/riscv-none-elf/12.2.0/../../../../riscv-none-elf/lib\libc_nano.a
LOAD e:/mounriver/mounriver_studio/toolchain/risc-v embedded gcc12/bin/../lib/gcc/riscv-none-elf/12.2.0/../../../../riscv-none-elf/lib\libnosys.a
END GROUP

.init           0x0000000000000000        0x4
                0x0000000000000000                _sinit = .
                0x0000000000000000                . = ALIGN (0x4)
 *(SORT_NONE(.init))
 .init          0x0000000000000000        0x4 ./Startup/startup_CH592.o
                0x0000000000000000                _start
                0x0000000000000004                . = ALIGN (0x4)
                0x0000000000000004                _einit = .

.highcodelalign
                0x0000000000000004        0x0
                0x0000000000000004                . = ALIGN (0x4)
                0x0000000000000004                PROVIDE (_highcode_lma = .)

.highcode       0x0000000020000000     0x1d14 load address 0x0000000000000004
                0x0000000020000000                . = ALIGN (0x4)
                0x0000000020000000                PROVIDE (_highcode_vma_start = .)
 *(.vector)
 .vector        0x0000000020000000       0x90 ./Startup/startup_CH592.o
 *(SORT_NONE(.vector_handler))
 .vector_handler
                0x0000000020000090        0x2 ./Startup/startup_CH592.o
                0x0000000020000090                GPIOB_IRQHandler
                0x0000000020000090                GPIOA_IRQHandler
                0x0000000020000090                SysTick_Handler
                0x0000000020000090                NMI_Handler
                0x0000000020000090                UART1_IRQHandler
                0x0000000020000090                UART0_IRQHandler
                0x0000000020000090                BB_IRQHandler
                0x0000000020000090                Break_Point_Handler
                0x0000000020000090                TMR0_IRQHandler
                0x0000000020000090                UART2_IRQHandler
                0x0000000020000090                PWMX_IRQHandler
                0x0000000020000090                ADC_IRQHandler
                0x0000000020000090                TMR2_IRQHandler
                0x0000000020000090                USB_IRQHandler
                0x0000000020000090                I2C_IRQHandler
                0x0000000020000090                WDOG_BAT_IRQHandler
                0x0000000020000090                TMR3_IRQHandler
                0x0000000020000090                SW_Handler
                0x0000000020000090                SPI0_IRQHandler
                0x0000000020000090                UART3_IRQHandler
                0x0000000020000090                TMR1_IRQHandler
 *(.highcode)
 .highcode      0x0000000020000092      0x4dc ./StdPeriphDriver/CH59x_pwr.o
                0x0000000020000092                LowPower_Idle
                0x00000000200000ce                LowPower_Halt
                0x00000000200001f4                LowPower_Sleep
                0x00000000200003fc                LowPower_Shutdown
 .highcode      0x000000002000056e      0x2b0 ./StdPeriphDriver/CH59x_sys.o
                0x000000002000056e                SetSysClock
                0x0000000020000710                SYS_ResetExecute
                0x0000000020000768                HardFault_Handler
                0x00000000200007e8                mDelayuS
                0x00000000200007f6                mDelaymS
 *fill*         0x000000002000081e        0x2 
 .highcode      0x0000000020000820       0x4e ./LIB/ble_task_scheduler.o
                0x0000000020000820                Ecall_U_Mode_Handler
                0x0000000020000820                Ecall_M_Mode_Handler
 .highcode      0x000000002000086e       0x2e ./HAL/RTC.o
                0x0000000020000886                RTC_IRQHandler
 .highcode      0x000000002000089c      0x19c ./APP/broadcaster.o
                0x000000002000090e                sample_battery_voltage
                0x000000002000098e                get_battery
                0x00000000200009d4                ble_set_advertisement_key
                0x00000000200009e8                set_and_advertise_next_key
 .highcode      0x0000000020000a38        0xa ./APP/broadcaster_main.o
                0x0000000020000a38                Main_Circulation
 .highcode      0x0000000020000a42      0x426 C:\Users\bitshen\Desktop\git\heystack-ch59x\StdPeriphDriver\libISP592.a(ISP583.o)
                0x0000000020000a42                FLASH_ROM_BEG
                0x0000000020000a54                FLASH_ROM_END
                0x0000000020000a62                FLASH_ROM_IN
                0x0000000020000a70                FLASH_ROM_OUT
                0x0000000020000a7e                FLASH_ROM_ADDR
                0x0000000020000ac6                FLASH_ROM_WAIT
                0x0000000020000afe                FLASH_EEPROM_CMD
 .highcode      0x0000000020000e68      0x56e C:\Users\bitshen\Desktop\git\heystack-ch59x\LIB\libCH59xBLE.a(tmos.o)
                0x0000000020000e68                tmos_memcpy
                0x0000000020000ea2                tmos_memcpy_word
                0x0000000020000ed2                tmos_memset
                0x0000000020000f00                tmos_strlen
                0x0000000020000f2c                tmos_memdup
                0x0000000020000f7a                tmos_memcmp
                0x0000000020000fc4                tmos_revmemcpy
                0x0000000020000ff8                tmos_isbufset
                0x000000002000117a                ble_controller_func
                0x00000000200011ba                TMOS_SystemProcess
 .highcode      0x00000000200013d6       0x36 C:\Users\bitshen\Desktop\git\heystack-ch59x\LIB\libCH59xBLE.a(tmos_hw.o)
 .highcode      0x000000002000140c       0x4e C:\Users\bitshen\Desktop\git\heystack-ch59x\LIB\libCH59xBLE.a(ll_whitelist.o)
                0x000000002000140c                LL_WhitelistLookup
 .highcode      0x000000002000145a      0x10c C:\Users\bitshen\Desktop\git\heystack-ch59x\LIB\libCH59xBLE.a(bb.o)
                0x000000002000145a                BB_IRQLibHandler
                0x0000000020001560                BB_IRQLibFunction
 .highcode      0x0000000020001566      0x1e6 C:\Users\bitshen\Desktop\git\heystack-ch59x\LIB\libCH59xBLE.a(ip.o)
                0x0000000020001566                ll_rx_wait_finish
                0x00000000200015a4                ble_ll_chkcrc
                0x0000000020001636                ll_tx_wait_finish
 .highcode      0x000000002000174c      0x1f8 C:\Users\bitshen\Desktop\git\heystack-ch59x\LIB\libCH59xBLE.a(lle.o)
                0x000000002000174c                LLE_IRQSubHandler
 .highcode      0x0000000020001944       0x3a C:\Users\bitshen\Desktop\git\heystack-ch59x\LIB\libCH59xBLE.a(rfend.o)
                0x0000000020001944                RFEND_WaitTune
 .highcode      0x000000002000197e      0x1ee C:\Users\bitshen\Desktop\git\heystack-ch59x\LIB\libCH59xBLE.a(memory.o)
                0x000000002000197e                tmos_memory_allocate
                0x0000000020001a6c                tmos_memory_free
 .highcode      0x0000000020001b6c       0xd8 C:\Users\bitshen\Desktop\git\heystack-ch59x\LIB\libCH59xBLE.a(ll_resolvinglist.o)
                0x0000000020001b6c                LL_ResolvinglistPeerIdentifyAddressGetIrk
                0x0000000020001bc0                LL_ResolvinglistPeerRpaAddressGetIrk
                0x0000000020001c02                LL_ResolvinglistLocalRpaAddressGetIrk
 *(.highcode.*)
 *fill*         0x0000000020001c44        0x0 
 .highcode.LLE_IRQHandler
                0x0000000020001c44       0x86 ./LIB/ble_task_scheduler.o
                0x0000000020001c44                LLE_IRQHandler
 *fill*         0x0000000020001cca        0x2 
 .highcode.ble_controller_scheduler
                0x0000000020001ccc        0xa C:\Users\bitshen\Desktop\git\heystack-ch59x\LIB\libCH59xBLE.a(ble_task_process.o)
 *fill*         0x0000000020001cd6        0x2 
 .highcode.LLE_IRQLibHandler
                0x0000000020001cd8       0x3a C:\Users\bitshen\Desktop\git\heystack-ch59x\LIB\libCH59xBLE.a(ble_task_process.o)
                0x0000000020001cd8                LLE_IRQLibHandler
                0x0000000020001d14                . = ALIGN (0x4)
 *fill*         0x0000000020001d12        0x2 
                0x0000000020001d14                PROVIDE (_highcode_vma_end = .)

.text           0x0000000000001d18    0x1bc7c
                0x0000000000001d18                . = ALIGN (0x4)
 *(SORT_NONE(.handle_reset))
 .handle_reset  0x0000000000001d18       0xae ./Startup/startup_CH592.o
                0x0000000000001d18                handle_reset
 *(.text)
 .text          0x0000000000001dc6       0x16 e:/mounriver/mounriver_studio/toolchain/risc-v embedded gcc12/bin/../lib/gcc/riscv-none-elf/12.2.0/../../../../riscv-none-elf/lib\libg_nano.a(lib_a-memcpy-asm.o)
                0x0000000000001dc6                memcpy
 *(.text.*)
 .text.ADC_DataCalib_Rough
                0x0000000000001ddc       0x92 ./StdPeriphDriver/CH59x_adc.o
                0x0000000000001ddc                ADC_DataCalib_Rough
 .text.ADC_InterBATSampInit
                0x0000000000001e6e       0x2a ./StdPeriphDriver/CH59x_adc.o
                0x0000000000001e6e                ADC_InterBATSampInit
 .text.ADC_ExcutSingleConver
                0x0000000000001e98       0x22 ./StdPeriphDriver/CH59x_adc.o
                0x0000000000001e98                ADC_ExcutSingleConver
 .text.HSECFG_Current
                0x0000000000001eba       0x4e ./StdPeriphDriver/CH59x_clk.o
                0x0000000000001eba                HSECFG_Current
 .text.RTC_InitTime
                0x0000000000001f08      0x1e8 ./StdPeriphDriver/CH59x_clk.o
                0x0000000000001f08                RTC_InitTime
 .text.RTC_GetCycle32k
                0x00000000000020f0       0x18 ./StdPeriphDriver/CH59x_clk.o
                0x00000000000020f0                RTC_GetCycle32k
 .text.GPIOA_ModeCfg
                0x0000000000002108       0x9e ./StdPeriphDriver/CH59x_gpio.o
                0x0000000000002108                GPIOA_ModeCfg
 .text.GPIOB_ModeCfg
                0x00000000000021a6       0x9e ./StdPeriphDriver/CH59x_gpio.o
                0x00000000000021a6                GPIOB_ModeCfg
 .text.PWR_DCDCCfg
                0x0000000000002244      0x120 ./StdPeriphDriver/CH59x_pwr.o
                0x0000000000002244                PWR_DCDCCfg
 .text.SYS_DisableAllIrq
                0x0000000000002364       0x1c ./StdPeriphDriver/CH59x_sys.o
                0x0000000000002364                SYS_DisableAllIrq
 .text.SYS_RecoverIrq
                0x0000000000002380       0x14 ./StdPeriphDriver/CH59x_sys.o
                0x0000000000002380                SYS_RecoverIrq
 .text.SYS_GetSysTickCnt
                0x0000000000002394        0xa ./StdPeriphDriver/CH59x_sys.o
                0x0000000000002394                SYS_GetSysTickCnt
 .text.HAL_ProcessEvent
                0x000000000000239e       0x52 ./HAL/MCU.o
                0x000000000000239e                HAL_ProcessEvent
 .text.CH59x_BLEInit
                0x00000000000023f0       0xec ./HAL/MCU.o
                0x00000000000023f0                CH59x_BLEInit
 .text.HAL_Init
                0x00000000000024dc       0x1c ./HAL/MCU.o
                0x00000000000024dc                HAL_Init
 .text.RTC_SetTignTime
                0x00000000000024f8       0x44 ./HAL/RTC.o
                0x00000000000024f8                RTC_SetTignTime
 .text.HAL_TimeInit
                0x000000000000253c       0xbc ./HAL/RTC.o
                0x000000000000253c                HAL_TimeInit
 .text.CH59x_LowPower
                0x00000000000025f8       0x82 ./HAL/SLEEP.o
                0x00000000000025f8                CH59x_LowPower
 .text.HAL_SleepInit
                0x000000000000267a       0x8a ./HAL/SLEEP.o
                0x000000000000267a                HAL_SleepInit
 .text.Broadcaster_StateNotificationCB
                0x0000000000002704        0x2 ./APP/broadcaster.o
 .text.Broadcaster_ProcessEvent
                0x0000000000002706       0xec ./APP/broadcaster.o
                0x0000000000002706                Broadcaster_ProcessEvent
 .text.Broadcaster_Init
                0x00000000000027f2       0x9a ./APP/broadcaster.o
                0x00000000000027f2                Broadcaster_Init
 .text.startup.main
                0x000000000000288c       0x34 ./APP/broadcaster_main.o
                0x000000000000288c                main
 .text.tmos_msg_enqueue
                0x00000000000028c0       0x1e C:\Users\bitshen\Desktop\git\heystack-ch59x\LIB\libCH59xBLE.a(message.o)
                0x00000000000028c0                tmos_msg_enqueue
 .text.tmos_msg_deallocate
                0x00000000000028de       0x4e C:\Users\bitshen\Desktop\git\heystack-ch59x\LIB\libCH59xBLE.a(message.o)
                0x00000000000028de                tmos_msg_deallocate
 .text.tmos_msg_allocate
                0x000000000000292c       0x68 C:\Users\bitshen\Desktop\git\heystack-ch59x\LIB\libCH59xBLE.a(message.o)
                0x000000000000292c                tmos_msg_allocate
 .text.tmos_msg_receive
                0x0000000000002994       0x86 C:\Users\bitshen\Desktop\git\heystack-ch59x\LIB\libCH59xBLE.a(message.o)
                0x0000000000002994                tmos_msg_receive
 .text.tmos_msg_send
                0x0000000000002a1a       0x8c C:\Users\bitshen\Desktop\git\heystack-ch59x\LIB\libCH59xBLE.a(message.o)
                0x0000000000002a1a                tmos_msg_send
 .text.tmos_msg_init
                0x0000000000002aa6        0xa C:\Users\bitshen\Desktop\git\heystack-ch59x\LIB\libCH59xBLE.a(message.o)
                0x0000000000002aa6                tmos_msg_init
 .text.tmosFindTask
                0x0000000000002ab0       0x24 C:\Users\bitshen\Desktop\git\heystack-ch59x\LIB\libCH59xBLE.a(tmos.o)
 .text.TMOS_CB_PeriodicProcessEvent
                0x0000000000002ad4       0x86 C:\Users\bitshen\Desktop\git\heystack-ch59x\LIB\libCH59xBLE.a(tmos.o)
                0x0000000000002ad4                TMOS_CB_PeriodicProcessEvent
 .text.TMOS_CB_ProcessEvent
                0x0000000000002b5a       0x80 C:\Users\bitshen\Desktop\git\heystack-ch59x\LIB\libCH59xBLE.a(tmos.o)
                0x0000000000002b5a                TMOS_CB_ProcessEvent
 .text.tmos_rand
                0x0000000000002bda       0x70 C:\Users\bitshen\Desktop\git\heystack-ch59x\LIB\libCH59xBLE.a(tmos.o)
                0x0000000000002bda                tmos_rand
 .text.tmos_start_periodic_callback_task
                0x0000000000002c4a      0x11a C:\Users\bitshen\Desktop\git\heystack-ch59x\LIB\libCH59xBLE.a(tmos.o)
                0x0000000000002c4a                tmos_start_periodic_callback_task
 .text.tmos_set_event
                0x0000000000002d64       0x46 C:\Users\bitshen\Desktop\git\heystack-ch59x\LIB\libCH59xBLE.a(tmos.o)
                0x0000000000002d64                tmos_set_event
 .text.tmos_clear_event
                0x0000000000002daa       0x4a C:\Users\bitshen\Desktop\git\heystack-ch59x\LIB\libCH59xBLE.a(tmos.o)
                0x0000000000002daa                tmos_clear_event
 .text.tmos_update_callback_timer
                0x0000000000002df4       0xde C:\Users\bitshen\Desktop\git\heystack-ch59x\LIB\libCH59xBLE.a(tmos.o)
                0x0000000000002df4                tmos_update_callback_timer
 .text.tmos_start_task
                0x0000000000002ed2      0x15e C:\Users\bitshen\Desktop\git\heystack-ch59x\LIB\libCH59xBLE.a(tmos.o)
                0x0000000000002ed2                tmos_start_task
 .text.tmos_start_callback_task
                0x0000000000003030       0xc2 C:\Users\bitshen\Desktop\git\heystack-ch59x\LIB\libCH59xBLE.a(tmos.o)
                0x0000000000003030                tmos_start_callback_task
 .text.tmos_start_reload_task
                0x00000000000030f2       0x70 C:\Users\bitshen\Desktop\git\heystack-ch59x\LIB\libCH59xBLE.a(tmos.o)
                0x00000000000030f2                tmos_start_reload_task
 .text.tmos_stop_task
                0x0000000000003162       0x6c C:\Users\bitshen\Desktop\git\heystack-ch59x\LIB\libCH59xBLE.a(tmos.o)
                0x0000000000003162                tmos_stop_task
 .text.tmos_stop_callback_task
                0x00000000000031ce       0x7c C:\Users\bitshen\Desktop\git\heystack-ch59x\LIB\libCH59xBLE.a(tmos.o)
                0x00000000000031ce                tmos_stop_callback_task
 .text.tmos_get_task_timer
                0x000000000000324a       0x7e C:\Users\bitshen\Desktop\git\heystack-ch59x\LIB\libCH59xBLE.a(tmos.o)
                0x000000000000324a                tmos_get_task_timer
 .text.tmos_proces_idle
                0x00000000000032c8      0x124 C:\Users\bitshen\Desktop\git\heystack-ch59x\LIB\libCH59xBLE.a(tmos.o)
                0x00000000000032c8                tmos_proces_idle
 .text.TMOS_TimerRegister
                0x00000000000033ec       0x1e C:\Users\bitshen\Desktop\git\heystack-ch59x\LIB\libCH59xBLE.a(tmos.o)
                0x00000000000033ec                TMOS_TimerRegister
 .text.TMOS_ProcessRegister
                0x000000000000340a       0x16 C:\Users\bitshen\Desktop\git\heystack-ch59x\LIB\libCH59xBLE.a(tmos.o)
                0x000000000000340a                TMOS_ProcessRegister
 .text.TMOS_SysRegister
                0x0000000000003420       0x16 C:\Users\bitshen\Desktop\git\heystack-ch59x\LIB\libCH59xBLE.a(tmos.o)
                0x0000000000003420                TMOS_SysRegister
 .text.TMOS_Init
                0x0000000000003436      0x13e C:\Users\bitshen\Desktop\git\heystack-ch59x\LIB\libCH59xBLE.a(tmos.o)
                0x0000000000003436                TMOS_Init
 .text.TMOS_ProcessEventRegister
                0x0000000000003574       0x3c C:\Users\bitshen\Desktop\git\heystack-ch59x\LIB\libCH59xBLE.a(tmos.o)
                0x0000000000003574                TMOS_ProcessEventRegister
 .text.BLE_LibInit
                0x00000000000035b0      0x14c C:\Users\bitshen\Desktop\git\heystack-ch59x\LIB\libCH59xBLE.a(tmos.o)
                0x00000000000035b0                BLE_LibInit
 .text.clockGetTickValve
                0x00000000000036fc       0x7e C:\Users\bitshen\Desktop\git\heystack-ch59x\LIB\libCH59xBLE.a(tmos_hw.o)
 .text.ll_get_sca_own
                0x000000000000377a       0x46 C:\Users\bitshen\Desktop\git\heystack-ch59x\LIB\libCH59xBLE.a(tmos_hw.o)
                0x000000000000377a                ll_get_sca_own
 .text.ble_ll_common_rand8
                0x00000000000037c0       0x24 C:\Users\bitshen\Desktop\git\heystack-ch59x\LIB\libCH59xBLE.a(tmos_hw.o)
                0x00000000000037c0                ble_ll_common_rand8
 .text.ble_ll_common_rand16
                0x00000000000037e4       0x24 C:\Users\bitshen\Desktop\git\heystack-ch59x\LIB\libCH59xBLE.a(tmos_hw.o)
                0x00000000000037e4                ble_ll_common_rand16
 .text.ble_ll_common_rand32
                0x0000000000003808       0x20 C:\Users\bitshen\Desktop\git\heystack-ch59x\LIB\libCH59xBLE.a(tmos_hw.o)
                0x0000000000003808                ble_ll_common_rand32
 .text.TMOS_TempSample
                0x0000000000003828       0x62 C:\Users\bitshen\Desktop\git\heystack-ch59x\LIB\libCH59xBLE.a(tmos_hw.o)
                0x0000000000003828                TMOS_TempSample
 .text.TMOS_TimerInit
                0x000000000000388a       0xec C:\Users\bitshen\Desktop\git\heystack-ch59x\LIB\libCH59xBLE.a(tmos_hw.o)
                0x000000000000388a                TMOS_TimerInit
 .text.tmos_snv_init
                0x0000000000003976       0xc0 C:\Users\bitshen\Desktop\git\heystack-ch59x\LIB\libCH59xBLE.a(tmos_snv.o)
                0x0000000000003976                tmos_snv_init
 .text.tmos_snv_read
                0x0000000000003a36      0x294 C:\Users\bitshen\Desktop\git\heystack-ch59x\LIB\libCH59xBLE.a(tmos_snv.o)
                0x0000000000003a36                tmos_snv_read
 .text.tmos_snv_notify
                0x0000000000003cca       0x5a C:\Users\bitshen\Desktop\git\heystack-ch59x\LIB\libCH59xBLE.a(tmos_snv.o)
                0x0000000000003cca                tmos_snv_notify
 .text.tmos_snv_write
                0x0000000000003d24      0x2d2 C:\Users\bitshen\Desktop\git\heystack-ch59x\LIB\libCH59xBLE.a(tmos_snv.o)
                0x0000000000003d24                tmos_snv_write
 .text.tmos_snv_compact
                0x0000000000003ff6        0x4 C:\Users\bitshen\Desktop\git\heystack-ch59x\LIB\libCH59xBLE.a(tmos_snv.o)
                0x0000000000003ff6                tmos_snv_compact
 .text.disconnectNext
                0x0000000000003ffa       0x22 C:\Users\bitshen\Desktop\git\heystack-ch59x\LIB\libCH59xBLE.a(gap.o)
 .text.GAP_ParamInit
                0x000000000000401c      0x164 C:\Users\bitshen\Desktop\git\heystack-ch59x\LIB\libCH59xBLE.a(gap.o)
                0x000000000000401c                GAP_ParamInit
 .text.sendTerminateEvent
                0x0000000000004180       0x58 C:\Users\bitshen\Desktop\git\heystack-ch59x\LIB\libCH59xBLE.a(gap.o)
                0x0000000000004180                sendTerminateEvent
 .text.gapRegisterCentral
                0x00000000000041d8        0x6 C:\Users\bitshen\Desktop\git\heystack-ch59x\LIB\libCH59xBLE.a(gap.o)
                0x00000000000041d8                gapRegisterCentral
 .text.gapRegisterCentralConn
                0x00000000000041de        0x6 C:\Users\bitshen\Desktop\git\heystack-ch59x\LIB\libCH59xBLE.a(gap.o)
                0x00000000000041de                gapRegisterCentralConn
 .text.gapRegisterPeripheral
                0x00000000000041e4        0x6 C:\Users\bitshen\Desktop\git\heystack-ch59x\LIB\libCH59xBLE.a(gap.o)
                0x00000000000041e4                gapRegisterPeripheral
 .text.gapRegisterPeripheralConn
                0x00000000000041ea        0x6 C:\Users\bitshen\Desktop\git\heystack-ch59x\LIB\libCH59xBLE.a(gap.o)
                0x00000000000041ea                gapRegisterPeripheralConn
 .text.smGenerateRandBuf
                0x00000000000041f0       0x56 C:\Users\bitshen\Desktop\git\heystack-ch59x\LIB\libCH59xBLE.a(gap.o)
                0x00000000000041f0                smGenerateRandBuf
 .text.gapL2capConnParamUpdateReq
                0x0000000000004246       0x36 C:\Users\bitshen\Desktop\git\heystack-ch59x\LIB\libCH59xBLE.a(gap.o)
                0x0000000000004246                gapL2capConnParamUpdateReq
 .text.gapValidADType
                0x000000000000427c       0x16 C:\Users\bitshen\Desktop\git\heystack-ch59x\LIB\libCH59xBLE.a(gap.o)
                0x000000000000427c                gapValidADType
 .text.gapFindADType
                0x0000000000004292       0x92 C:\Users\bitshen\Desktop\git\heystack-ch59x\LIB\libCH59xBLE.a(gap.o)
                0x0000000000004292                gapFindADType
 .text.GAP_SecParamsInit
                0x0000000000004324       0xaa C:\Users\bitshen\Desktop\git\heystack-ch59x\LIB\libCH59xBLE.a(gap.o)
                0x0000000000004324                GAP_SecParamsInit
 .text.GAP_ParamsInit
                0x00000000000043ce       0x50 C:\Users\bitshen\Desktop\git\heystack-ch59x\LIB\libCH59xBLE.a(gap.o)
                0x00000000000043ce                GAP_ParamsInit
 .text.gapAddAddrAdj
                0x000000000000441e       0x48 C:\Users\bitshen\Desktop\git\heystack-ch59x\LIB\libCH59xBLE.a(gap.o)
                0x000000000000441e                gapAddAddrAdj
 .text.gapDetermineAddrType
                0x0000000000004466       0x28 C:\Users\bitshen\Desktop\git\heystack-ch59x\LIB\libCH59xBLE.a(gap.o)
                0x0000000000004466                gapDetermineAddrType
 .text.gapFreeAuthLink
                0x000000000000448e       0x4a C:\Users\bitshen\Desktop\git\heystack-ch59x\LIB\libCH59xBLE.a(gap.o)
                0x000000000000448e                gapFreeAuthLink
 .text.gapGetDevAddress
                0x00000000000044d8       0x24 C:\Users\bitshen\Desktop\git\heystack-ch59x\LIB\libCH59xBLE.a(gap.o)
                0x00000000000044d8                gapGetDevAddress
 .text.gapGetDevAddressMode
                0x00000000000044fc        0xa C:\Users\bitshen\Desktop\git\heystack-ch59x\LIB\libCH59xBLE.a(gap.o)
                0x00000000000044fc                gapGetDevAddressMode
 .text.gapGetIRK
                0x0000000000004506        0xc C:\Users\bitshen\Desktop\git\heystack-ch59x\LIB\libCH59xBLE.a(gap.o)
                0x0000000000004506                gapGetIRK
 .text.gapGetSRK
                0x0000000000004512        0xc C:\Users\bitshen\Desktop\git\heystack-ch59x\LIB\libCH59xBLE.a(gap.o)
                0x0000000000004512                gapGetSRK
 .text.gapGetSignCounter
                0x000000000000451e        0xe C:\Users\bitshen\Desktop\git\heystack-ch59x\LIB\libCH59xBLE.a(gap.o)
                0x000000000000451e                gapGetSignCounter
 .text.gapIncSignCounter
                0x000000000000452c       0x28 C:\Users\bitshen\Desktop\git\heystack-ch59x\LIB\libCH59xBLE.a(gap.o)
                0x000000000000452c                gapIncSignCounter
 .text.gapProcessConnEvt
                0x0000000000004554       0x48 C:\Users\bitshen\Desktop\git\heystack-ch59x\LIB\libCH59xBLE.a(gap.o)
                0x0000000000004554                gapProcessConnEvt
 .text.gapProcessDisconnectCompleteEvt
                0x000000000000459c       0xa4 C:\Users\bitshen\Desktop\git\heystack-ch59x\LIB\libCH59xBLE.a(gap.o)
                0x000000000000459c                gapProcessDisconnectCompleteEvt
 .text.sendAuthEvent
                0x0000000000004640      0x11e C:\Users\bitshen\Desktop\git\heystack-ch59x\LIB\libCH59xBLE.a(gap.o)
                0x0000000000004640                sendAuthEvent
 .text.gapSendBondCompleteEvent
                0x000000000000475e       0x74 C:\Users\bitshen\Desktop\git\heystack-ch59x\LIB\libCH59xBLE.a(gap.o)
                0x000000000000475e                gapSendBondCompleteEvent
 .text.gapSendPairingReqEvent
                0x00000000000047d2       0x96 C:\Users\bitshen\Desktop\git\heystack-ch59x\LIB\libCH59xBLE.a(gap.o)
                0x00000000000047d2                gapSendPairingReqEvent
 .text.gapSendSlaveSecurityReqEvent
                0x0000000000004868       0x68 C:\Users\bitshen\Desktop\git\heystack-ch59x\LIB\libCH59xBLE.a(gap.o)
                0x0000000000004868                gapSendSlaveSecurityReqEvent
 .text.gapSendDeviceInitDoneEvent
                0x00000000000048d0       0x88 C:\Users\bitshen\Desktop\git\heystack-ch59x\LIB\libCH59xBLE.a(gap.o)
                0x00000000000048d0                gapSendDeviceInitDoneEvent
 .text.gapSendLinkUpdateEvent
                0x0000000000004958       0xb2 C:\Users\bitshen\Desktop\git\heystack-ch59x\LIB\libCH59xBLE.a(gap.o)
                0x0000000000004958                gapSendLinkUpdateEvent
 .text.gapSendPhyUpdateEvent
                0x0000000000004a0a       0x58 C:\Users\bitshen\Desktop\git\heystack-ch59x\LIB\libCH59xBLE.a(gap.o)
                0x0000000000004a0a                gapSendPhyUpdateEvent
 .text.gapSendEstLinkEvent
                0x0000000000004a62       0xbc C:\Users\bitshen\Desktop\git\heystack-ch59x\LIB\libCH59xBLE.a(gap.o)
                0x0000000000004a62                gapSendEstLinkEvent
 .text.gapProcessNewAddr
                0x0000000000004b1e       0x3e C:\Users\bitshen\Desktop\git\heystack-ch59x\LIB\libCH59xBLE.a(gap.o)
                0x0000000000004b1e                gapProcessNewAddr
 .text.gapProcessRandomAddrComplete
                0x0000000000004b5c       0xb6 C:\Users\bitshen\Desktop\git\heystack-ch59x\LIB\libCH59xBLE.a(gap.o)
                0x0000000000004b5c                gapProcessRandomAddrComplete
 .text.GAP_Authenticate
                0x0000000000004c12       0xde C:\Users\bitshen\Desktop\git\heystack-ch59x\LIB\libCH59xBLE.a(gap.o)
                0x0000000000004c12                GAP_Authenticate
 .text.GAP_Bond
                0x0000000000004cf0       0xaa C:\Users\bitshen\Desktop\git\heystack-ch59x\LIB\libCH59xBLE.a(gap.o)
                0x0000000000004cf0                GAP_Bond
 .text.GAP_GetParamValue
                0x0000000000004d9a       0x20 C:\Users\bitshen\Desktop\git\heystack-ch59x\LIB\libCH59xBLE.a(gap.o)
                0x0000000000004d9a                GAP_GetParamValue
 .text.GAP_PasscodeUpdate
                0x0000000000004dba       0x54 C:\Users\bitshen\Desktop\git\heystack-ch59x\LIB\libCH59xBLE.a(gap.o)
                0x0000000000004dba                GAP_PasscodeUpdate
 .text.GAP_RegisterForMsgs
                0x0000000000004e0e        0xa C:\Users\bitshen\Desktop\git\heystack-ch59x\LIB\libCH59xBLE.a(gap.o)
                0x0000000000004e0e                GAP_RegisterForMsgs
 .text.GAP_ResolvePrivateAddr
                0x0000000000004e18        0x4 C:\Users\bitshen\Desktop\git\heystack-ch59x\LIB\libCH59xBLE.a(gap.o)
                0x0000000000004e18                GAP_ResolvePrivateAddr
 .text.gapPairingCompleteCB
                0x0000000000004e1c      0x18c C:\Users\bitshen\Desktop\git\heystack-ch59x\LIB\libCH59xBLE.a(gap.o)
                0x0000000000004e1c                gapPairingCompleteCB
 .text.gapPasskeyNeededCB
                0x0000000000004fa8       0x8e C:\Users\bitshen\Desktop\git\heystack-ch59x\LIB\libCH59xBLE.a(gap.o)
                0x0000000000004fa8                gapPasskeyNeededCB
 .text.gapOobNeededCB
                0x0000000000005036       0xa6 C:\Users\bitshen\Desktop\git\heystack-ch59x\LIB\libCH59xBLE.a(gap.o)
                0x0000000000005036                gapOobNeededCB
 .text.gapFreeEstLink
                0x00000000000050dc       0x20 C:\Users\bitshen\Desktop\git\heystack-ch59x\LIB\libCH59xBLE.a(gap.o)
                0x00000000000050dc                gapFreeEstLink
 .text.gapUpdateConnSignCounter
                0x00000000000050fc       0x7a C:\Users\bitshen\Desktop\git\heystack-ch59x\LIB\libCH59xBLE.a(gap.o)
                0x00000000000050fc                gapUpdateConnSignCounter
 .text.GAP_TerminateAuth
                0x0000000000005176       0x2a C:\Users\bitshen\Desktop\git\heystack-ch59x\LIB\libCH59xBLE.a(gap.o)
                0x0000000000005176                GAP_TerminateAuth
 .text.GAP_NumActiveConnections
                0x00000000000051a0        0x4 C:\Users\bitshen\Desktop\git\heystack-ch59x\LIB\libCH59xBLE.a(gap.o)
                0x00000000000051a0                GAP_NumActiveConnections
 .text.GAP_TerminateLinkReq
                0x00000000000051a4       0x8e C:\Users\bitshen\Desktop\git\heystack-ch59x\LIB\libCH59xBLE.a(gap.o)
                0x00000000000051a4                GAP_TerminateLinkReq
 .text.GAP_SetParamValue
                0x0000000000005232       0x6c C:\Users\bitshen\Desktop\git\heystack-ch59x\LIB\libCH59xBLE.a(gap.o)
                0x0000000000005232                GAP_SetParamValue
 .text.GAP_Init
                0x000000000000529e       0x48 C:\Users\bitshen\Desktop\git\heystack-ch59x\LIB\libCH59xBLE.a(gap.o)
                0x000000000000529e                GAP_Init
 .text.GAP_ProcessEvent
                0x00000000000052e6      0x66a C:\Users\bitshen\Desktop\git\heystack-ch59x\LIB\libCH59xBLE.a(gap.o)
                0x00000000000052e6                GAP_ProcessEvent
 .text.gapSendScanEnable
                0x0000000000005950       0x3a C:\Users\bitshen\Desktop\git\heystack-ch59x\LIB\libCH59xBLE.a(gap_central.o)
 .text.gapCentProcessConnEvt
                0x000000000000598a      0x168 C:\Users\bitshen\Desktop\git\heystack-ch59x\LIB\libCH59xBLE.a(gap_central.o)
                0x000000000000598a                gapCentProcessConnEvt
 .text.gapProcessScanningPeriodicAdvEvt
                0x0000000000005af2       0xa0 C:\Users\bitshen\Desktop\git\heystack-ch59x\LIB\libCH59xBLE.a(gap_central.o)
                0x0000000000005af2                gapProcessScanningPeriodicAdvEvt
 .text.gapCancelLinkReq
                0x0000000000005b92       0x38 C:\Users\bitshen\Desktop\git\heystack-ch59x\LIB\libCH59xBLE.a(gap_central.o)
                0x0000000000005b92                gapCancelLinkReq
 .text.gapProcessAdvertDevInfo
                0x0000000000005bca      0x242 C:\Users\bitshen\Desktop\git\heystack-ch59x\LIB\libCH59xBLE.a(gap_central.o)
                0x0000000000005bca                gapProcessAdvertDevInfo
 .text.gapProcessExtAdvertDevInfo
                0x0000000000005e0c      0x260 C:\Users\bitshen\Desktop\git\heystack-ch59x\LIB\libCH59xBLE.a(gap_central.o)
                0x0000000000005e0c                gapProcessExtAdvertDevInfo
 .text.gapProcessPeriodicAdvertisingSyncEstablishedEvt
                0x000000000000606c       0xae C:\Users\bitshen\Desktop\git\heystack-ch59x\LIB\libCH59xBLE.a(gap_central.o)
                0x000000000000606c                gapProcessPeriodicAdvertisingSyncEstablishedEvt
 .text.gapProcessPeriodicAdvertisingSyncLostEvt
                0x000000000000611a       0x56 C:\Users\bitshen\Desktop\git\heystack-ch59x\LIB\libCH59xBLE.a(gap_central.o)
                0x000000000000611a                gapProcessPeriodicAdvertisingSyncLostEvt
 .text.gapFreeScanRecs
                0x0000000000006170       0xa6 C:\Users\bitshen\Desktop\git\heystack-ch59x\LIB\libCH59xBLE.a(gap_central.o)
                0x0000000000006170                gapFreeScanRecs
 .text.gapSendDevDiscEvent
                0x0000000000006216      0x124 C:\Users\bitshen\Desktop\git\heystack-ch59x\LIB\libCH59xBLE.a(gap_central.o)
                0x0000000000006216                gapSendDevDiscEvent
 .text.gapSetScanParamStatus
                0x000000000000633a       0x56 C:\Users\bitshen\Desktop\git\heystack-ch59x\LIB\libCH59xBLE.a(gap_central.o)
 .text.gapCentProcessHCICmdEvt
                0x0000000000006390       0x3c C:\Users\bitshen\Desktop\git\heystack-ch59x\LIB\libCH59xBLE.a(gap_central.o)
                0x0000000000006390                gapCentProcessHCICmdEvt
 .text.gapProcessScanningEvt
                0x00000000000063cc      0x10e C:\Users\bitshen\Desktop\git\heystack-ch59x\LIB\libCH59xBLE.a(gap_central.o)
                0x00000000000063cc                gapProcessScanningEvt
 .text.gapProcessScanningDirectEvt
                0x00000000000064da       0xfc C:\Users\bitshen\Desktop\git\heystack-ch59x\LIB\libCH59xBLE.a(gap_central.o)
                0x00000000000064da                gapProcessScanningDirectEvt
 .text.gapProcessScanningExtAdvEvt
                0x00000000000065d6      0x2c4 C:\Users\bitshen\Desktop\git\heystack-ch59x\LIB\libCH59xBLE.a(gap_central.o)
                0x00000000000065d6                gapProcessScanningExtAdvEvt
 .text.GAP_CentConnRegister
                0x000000000000689a       0x1a C:\Users\bitshen\Desktop\git\heystack-ch59x\LIB\libCH59xBLE.a(gap_central.o)
                0x000000000000689a                GAP_CentConnRegister
 .text.GAP_CentralParamInit
                0x00000000000068b4       0x6e C:\Users\bitshen\Desktop\git\heystack-ch59x\LIB\libCH59xBLE.a(gap_central.o)
                0x00000000000068b4                GAP_CentralParamInit
 .text.GAP_CentDevMgrInit
                0x0000000000006922       0x9c C:\Users\bitshen\Desktop\git\heystack-ch59x\LIB\libCH59xBLE.a(gap_central.o)
                0x0000000000006922                GAP_CentDevMgrInit
 .text.gapFreeAdvertState
                0x00000000000069be       0x20 C:\Users\bitshen\Desktop\git\heystack-ch59x\LIB\libCH59xBLE.a(gap_peripheral.o)
 .text.gapSetPeriodicAdvParams
                0x00000000000069de       0x30 C:\Users\bitshen\Desktop\git\heystack-ch59x\LIB\libCH59xBLE.a(gap_peripheral.o)
 .text.gapSetConnectionlessCTEParams
                0x0000000000006a0e       0x54 C:\Users\bitshen\Desktop\git\heystack-ch59x\LIB\libCH59xBLE.a(gap_peripheral.o)
 .text.gapSetAdvParams
                0x0000000000006a62       0xfc C:\Users\bitshen\Desktop\git\heystack-ch59x\LIB\libCH59xBLE.a(gap_peripheral.o)
 .text.gapPeriProcessConnEvt
                0x0000000000006b5e       0xd0 C:\Users\bitshen\Desktop\git\heystack-ch59x\LIB\libCH59xBLE.a(gap_peripheral.o)
 .text.gapWriteAdvDataStatus
                0x0000000000006c2e       0x8a C:\Users\bitshen\Desktop\git\heystack-ch59x\LIB\libCH59xBLE.a(gap_peripheral.o)
 .text.GAP_MakeDiscoverable
                0x0000000000006cb8      0x174 C:\Users\bitshen\Desktop\git\heystack-ch59x\LIB\libCH59xBLE.a(gap_peripheral.o)
                0x0000000000006cb8                GAP_MakeDiscoverable
 .text.GAP_EndDiscoverable
                0x0000000000006e2c       0x66 C:\Users\bitshen\Desktop\git\heystack-ch59x\LIB\libCH59xBLE.a(gap_peripheral.o)
                0x0000000000006e2c                GAP_EndDiscoverable
 .text.gapProcessAdvertisingEvt
                0x0000000000006e92      0x116 C:\Users\bitshen\Desktop\git\heystack-ch59x\LIB\libCH59xBLE.a(gap_peripheral.o)
 .text.GAP_MakePeriodic
                0x0000000000006fa8       0x26 C:\Users\bitshen\Desktop\git\heystack-ch59x\LIB\libCH59xBLE.a(gap_peripheral.o)
                0x0000000000006fa8                GAP_MakePeriodic
 .text.GAP_EndPeriodic
                0x0000000000006fce        0xc C:\Users\bitshen\Desktop\git\heystack-ch59x\LIB\libCH59xBLE.a(gap_peripheral.o)
                0x0000000000006fce                GAP_EndPeriodic
 .text.GAP_MakeConnecttionlessCTE
                0x0000000000006fda       0x1a C:\Users\bitshen\Desktop\git\heystack-ch59x\LIB\libCH59xBLE.a(gap_peripheral.o)
                0x0000000000006fda                GAP_MakeConnecttionlessCTE
 .text.GAP_EndConnecttionlessCTE
                0x0000000000006ff4        0xc C:\Users\bitshen\Desktop\git\heystack-ch59x\LIB\libCH59xBLE.a(gap_peripheral.o)
                0x0000000000006ff4                GAP_EndConnecttionlessCTE
 .text.GAP_UpdateAdvertisingData
                0x0000000000007000      0x136 C:\Users\bitshen\Desktop\git\heystack-ch59x\LIB\libCH59xBLE.a(gap_peripheral.o)
                0x0000000000007000                GAP_UpdateAdvertisingData
 .text.GAP_SetAdvertisingAdvData
                0x0000000000007136      0x102 C:\Users\bitshen\Desktop\git\heystack-ch59x\LIB\libCH59xBLE.a(gap_peripheral.o)
                0x0000000000007136                GAP_SetAdvertisingAdvData
 .text.GAP_SetAdvertisingRspData
                0x0000000000007238      0x102 C:\Users\bitshen\Desktop\git\heystack-ch59x\LIB\libCH59xBLE.a(gap_peripheral.o)
                0x0000000000007238                GAP_SetAdvertisingRspData
 .text.GAP_SetPeriodicAdvertisingData
                0x000000000000733a       0xc6 C:\Users\bitshen\Desktop\git\heystack-ch59x\LIB\libCH59xBLE.a(gap_peripheral.o)
                0x000000000000733a                GAP_SetPeriodicAdvertisingData
 .text.GAP_GetAdvertisingAdvData
                0x0000000000007400       0x26 C:\Users\bitshen\Desktop\git\heystack-ch59x\LIB\libCH59xBLE.a(gap_peripheral.o)
                0x0000000000007400                GAP_GetAdvertisingAdvData
 .text.GAP_GetAdvertisingRspData
                0x0000000000007426       0x34 C:\Users\bitshen\Desktop\git\heystack-ch59x\LIB\libCH59xBLE.a(gap_peripheral.o)
                0x0000000000007426                GAP_GetAdvertisingRspData
 .text.GAP_GetPeriodicAdvertisingData
                0x000000000000745a       0x34 C:\Users\bitshen\Desktop\git\heystack-ch59x\LIB\libCH59xBLE.a(gap_peripheral.o)
                0x000000000000745a                GAP_GetPeriodicAdvertisingData
 .text.GAP_ConfigDeviceAddr
                0x000000000000748e      0x124 C:\Users\bitshen\Desktop\git\heystack-ch59x\LIB\libCH59xBLE.a(gap_peripheral.o)
                0x000000000000748e                GAP_ConfigDeviceAddr
 .text.GAP_PeriConnRegister
                0x00000000000075b2       0x2e C:\Users\bitshen\Desktop\git\heystack-ch59x\LIB\libCH59xBLE.a(gap_peripheral.o)
                0x00000000000075b2                GAP_PeriConnRegister
 .text.GAP_PeripheralParamInit
                0x00000000000075e0       0x6c C:\Users\bitshen\Desktop\git\heystack-ch59x\LIB\libCH59xBLE.a(gap_peripheral.o)
                0x00000000000075e0                GAP_PeripheralParamInit
 .text.gapSendMakeDiscEvent
                0x000000000000764c       0x50 C:\Users\bitshen\Desktop\git\heystack-ch59x\LIB\libCH59xBLE.a(gap_peripheral.o)
                0x000000000000764c                gapSendMakeDiscEvent
 .text.gapWriteAdvEnableStatus
                0x000000000000769c      0x10e C:\Users\bitshen\Desktop\git\heystack-ch59x\LIB\libCH59xBLE.a(gap_peripheral.o)
 .text.gapSendMakePeriodicEvent
                0x00000000000077aa       0x3a C:\Users\bitshen\Desktop\git\heystack-ch59x\LIB\libCH59xBLE.a(gap_peripheral.o)
                0x00000000000077aa                gapSendMakePeriodicEvent
 .text.gapSendMakeConnectionlessCTEEvent
                0x00000000000077e4       0x3a C:\Users\bitshen\Desktop\git\heystack-ch59x\LIB\libCH59xBLE.a(gap_peripheral.o)
                0x00000000000077e4                gapSendMakeConnectionlessCTEEvent
 .text.gapPeriProcessHCICmdCompleteEvt
                0x000000000000781e      0x22c C:\Users\bitshen\Desktop\git\heystack-ch59x\LIB\libCH59xBLE.a(gap_peripheral.o)
 .text.GAP_PeriDevMgrInit
                0x0000000000007a4a       0x2e C:\Users\bitshen\Desktop\git\heystack-ch59x\LIB\libCH59xBLE.a(gap_peripheral.o)
                0x0000000000007a4a                GAP_PeriDevMgrInit
 .text.gattProcessExchangeMTUReq
                0x0000000000007a78        0x4 C:\Users\bitshen\Desktop\git\heystack-ch59x\LIB\libCH59xBLE.a(gattservapp.o)
 .text.gattServApp_FindCharCfgItem
                0x0000000000007a7c       0x24 C:\Users\bitshen\Desktop\git\heystack-ch59x\LIB\libCH59xBLE.a(gattservapp.o)
 .text.gattServerHandleTimerCB
                0x0000000000007aa0       0x3c C:\Users\bitshen\Desktop\git\heystack-ch59x\LIB\libCH59xBLE.a(gattservapp.o)
 .text.GATTServApp_InitCharCfg.part.12
                0x0000000000007adc       0x20 C:\Users\bitshen\Desktop\git\heystack-ch59x\LIB\libCH59xBLE.a(gattservapp.o)
 .text.gattProcessExecuteWriteReq
                0x0000000000007afc        0x4 C:\Users\bitshen\Desktop\git\heystack-ch59x\LIB\libCH59xBLE.a(gattservapp.o)
 .text.GATTServApp_ParamInit
                0x0000000000007b00       0xd6 C:\Users\bitshen\Desktop\git\heystack-ch59x\LIB\libCH59xBLE.a(gattservapp.o)
                0x0000000000007b00                GATTServApp_ParamInit
 .text.GATTServApp_ReadCharCfg
                0x0000000000007bd6       0x16 C:\Users\bitshen\Desktop\git\heystack-ch59x\LIB\libCH59xBLE.a(gattservapp.o)
                0x0000000000007bd6                GATTServApp_ReadCharCfg
 .text.GATTServApp_WriteCharCfg
                0x0000000000007bec       0x38 C:\Users\bitshen\Desktop\git\heystack-ch59x\LIB\libCH59xBLE.a(gattservapp.o)
                0x0000000000007bec                GATTServApp_WriteCharCfg
 .text.GATTServApp_ProcessCCCWriteReq
                0x0000000000007c24       0x5c C:\Users\bitshen\Desktop\git\heystack-ch59x\LIB\libCH59xBLE.a(gattservapp.o)
                0x0000000000007c24                GATTServApp_ProcessCCCWriteReq
 .text.gattServApp_WriteAttrCB
                0x0000000000007c80       0x32 C:\Users\bitshen\Desktop\git\heystack-ch59x\LIB\libCH59xBLE.a(gattservapp.o)
                0x0000000000007c80                gattServApp_WriteAttrCB
 .text.GATTServApp_SendCCCUpdatedEvent
                0x0000000000007cb2       0x5e C:\Users\bitshen\Desktop\git\heystack-ch59x\LIB\libCH59xBLE.a(gattservapp.o)
                0x0000000000007cb2                GATTServApp_SendCCCUpdatedEvent
 .text.GATTServApp_SendServiceChangedInd
                0x0000000000007d10       0x34 C:\Users\bitshen\Desktop\git\heystack-ch59x\LIB\libCH59xBLE.a(gattservapp.o)
                0x0000000000007d10                GATTServApp_SendServiceChangedInd
 .text.gattServApp_ClearPrepareWriteQ
                0x0000000000007d44       0x50 C:\Users\bitshen\Desktop\git\heystack-ch59x\LIB\libCH59xBLE.a(gattservapp.o)
                0x0000000000007d44                gattServApp_ClearPrepareWriteQ
 .text.gattServApp_FindPrepareWriteQ
                0x0000000000007d94       0x30 C:\Users\bitshen\Desktop\git\heystack-ch59x\LIB\libCH59xBLE.a(gattservapp.o)
                0x0000000000007d94                gattServApp_FindPrepareWriteQ
 .text.gattServApp_FindServiceCBs
                0x0000000000007dc4       0x18 C:\Users\bitshen\Desktop\git\heystack-ch59x\LIB\libCH59xBLE.a(gattservapp.o)
                0x0000000000007dc4                gattServApp_FindServiceCBs
 .text.gattServApp_FindAuthorizeAttrCB
                0x0000000000007ddc       0x14 C:\Users\bitshen\Desktop\git\heystack-ch59x\LIB\libCH59xBLE.a(gattservapp.o)
                0x0000000000007ddc                gattServApp_FindAuthorizeAttrCB
 .text.gattServApp_IsWriteLong
                0x0000000000007df0       0xea C:\Users\bitshen\Desktop\git\heystack-ch59x\LIB\libCH59xBLE.a(gattservapp.o)
                0x0000000000007df0                gattServApp_IsWriteLong
 .text.gattFindService
                0x0000000000007eda       0x1c C:\Users\bitshen\Desktop\git\heystack-ch59x\LIB\libCH59xBLE.a(gattservapp.o)
                0x0000000000007eda                gattFindService
 .text.GATT_ServiceNumAttrs
                0x0000000000007ef6       0x16 C:\Users\bitshen\Desktop\git\heystack-ch59x\LIB\libCH59xBLE.a(gattservapp.o)
                0x0000000000007ef6                GATT_ServiceNumAttrs
 .text.GATT_ServiceEncKeySize
                0x0000000000007f0c       0x16 C:\Users\bitshen\Desktop\git\heystack-ch59x\LIB\libCH59xBLE.a(gattservapp.o)
                0x0000000000007f0c                GATT_ServiceEncKeySize
 .text.GATT_VerifyWritePermissions.part.7
                0x0000000000007f22       0x2c C:\Users\bitshen\Desktop\git\heystack-ch59x\LIB\libCH59xBLE.a(gattservapp.o)
 .text.gattResetServerInfo
                0x0000000000007f4e       0x1c C:\Users\bitshen\Desktop\git\heystack-ch59x\LIB\libCH59xBLE.a(gattservapp.o)
                0x0000000000007f4e                gattResetServerInfo
 .text.gattFindServerInfo
                0x0000000000007f6a       0x2c C:\Users\bitshen\Desktop\git\heystack-ch59x\LIB\libCH59xBLE.a(gattservapp.o)
                0x0000000000007f6a                gattFindServerInfo
 .text.gattServerHandleConnStatusCB
                0x0000000000007f96       0x8e C:\Users\bitshen\Desktop\git\heystack-ch59x\LIB\libCH59xBLE.a(gattservapp.o)
                0x0000000000007f96                gattServerHandleConnStatusCB
 .text.gattServerProcessMsgCB
                0x0000000000008024      0x1ba C:\Users\bitshen\Desktop\git\heystack-ch59x\LIB\libCH59xBLE.a(gattservapp.o)
                0x0000000000008024                gattServerProcessMsgCB
 .text.gattServerNotifyTxCB
                0x00000000000081de       0x28 C:\Users\bitshen\Desktop\git\heystack-ch59x\LIB\libCH59xBLE.a(gattservapp.o)
 .text.GATT_FindHandle
                0x0000000000008206       0x4a C:\Users\bitshen\Desktop\git\heystack-ch59x\LIB\libCH59xBLE.a(gattservapp.o)
                0x0000000000008206                GATT_FindHandle
 .text.GATTServApp_WriteAttr
                0x0000000000008250       0xa6 C:\Users\bitshen\Desktop\git\heystack-ch59x\LIB\libCH59xBLE.a(gattservapp.o)
                0x0000000000008250                GATTServApp_WriteAttr
 .text.gattServApp_ProcessExecuteWriteReq
                0x00000000000082f6       0xfe C:\Users\bitshen\Desktop\git\heystack-ch59x\LIB\libCH59xBLE.a(gattservapp.o)
                0x00000000000082f6                gattServApp_ProcessExecuteWriteReq
 .text.gattServApp_ProcessPrepareWriteReq
                0x00000000000083f4      0x10e C:\Users\bitshen\Desktop\git\heystack-ch59x\LIB\libCH59xBLE.a(gattservapp.o)
                0x00000000000083f4                gattServApp_ProcessPrepareWriteReq
 .text.gattServApp_ProcessWriteReq
                0x0000000000008502       0xb0 C:\Users\bitshen\Desktop\git\heystack-ch59x\LIB\libCH59xBLE.a(gattservapp.o)
                0x0000000000008502                gattServApp_ProcessWriteReq
 .text.GATT_Indication
                0x00000000000085b2       0xa4 C:\Users\bitshen\Desktop\git\heystack-ch59x\LIB\libCH59xBLE.a(gattservapp.o)
                0x00000000000085b2                GATT_Indication
 .text.GATT_FindHandleUUID
                0x0000000000008656       0x94 C:\Users\bitshen\Desktop\git\heystack-ch59x\LIB\libCH59xBLE.a(gattservapp.o)
                0x0000000000008656                GATT_FindHandleUUID
 .text.gattProcessReadByGrpTypeReq
                0x00000000000086ea       0x5e C:\Users\bitshen\Desktop\git\heystack-ch59x\LIB\libCH59xBLE.a(gattservapp.o)
 .text.gattProcessReadByTypeReq
                0x0000000000008748       0x34 C:\Users\bitshen\Desktop\git\heystack-ch59x\LIB\libCH59xBLE.a(gattservapp.o)
 .text.gattProcessFindByTypeValueReq
                0x000000000000877c       0x34 C:\Users\bitshen\Desktop\git\heystack-ch59x\LIB\libCH59xBLE.a(gattservapp.o)
 .text.gattProcessFindInfoReq
                0x00000000000087b0      0x1aa C:\Users\bitshen\Desktop\git\heystack-ch59x\LIB\libCH59xBLE.a(gattservapp.o)
 .text.GATT_VerifyWritePermissions
                0x000000000000895a       0x6a C:\Users\bitshen\Desktop\git\heystack-ch59x\LIB\libCH59xBLE.a(gattservapp.o)
                0x000000000000895a                GATT_VerifyWritePermissions
 .text.gattProcessWriteReq
                0x00000000000089c4       0x34 C:\Users\bitshen\Desktop\git\heystack-ch59x\LIB\libCH59xBLE.a(gattservapp.o)
 .text.GATT_VerifyPrepareWritePermissions
                0x00000000000089f8       0x56 C:\Users\bitshen\Desktop\git\heystack-ch59x\LIB\libCH59xBLE.a(gattservapp.o)
                0x00000000000089f8                GATT_VerifyPrepareWritePermissions
 .text.gattProcessPrepareWriteReq
                0x0000000000008a4e       0x34 C:\Users\bitshen\Desktop\git\heystack-ch59x\LIB\libCH59xBLE.a(gattservapp.o)
 .text.GATT_FindNextAttr
                0x0000000000008a82       0xc2 C:\Users\bitshen\Desktop\git\heystack-ch59x\LIB\libCH59xBLE.a(gattservapp.o)
                0x0000000000008a82                GATT_FindNextAttr
 .text.GATTServApp_ReadAttr
                0x0000000000008b44      0x2ea C:\Users\bitshen\Desktop\git\heystack-ch59x\LIB\libCH59xBLE.a(gattservapp.o)
                0x0000000000008b44                GATTServApp_ReadAttr
 .text.gattServApp_ProcessReadMultiReq
                0x0000000000008e2e      0x16e C:\Users\bitshen\Desktop\git\heystack-ch59x\LIB\libCH59xBLE.a(gattservapp.o)
                0x0000000000008e2e                gattServApp_ProcessReadMultiReq
 .text.gattServApp_ProcessFindByTypeValueReq
                0x0000000000008f9c      0x1a0 C:\Users\bitshen\Desktop\git\heystack-ch59x\LIB\libCH59xBLE.a(gattservapp.o)
                0x0000000000008f9c                gattServApp_ProcessFindByTypeValueReq
 .text.GATT_VerifyReadPermissions
                0x000000000000913c       0x68 C:\Users\bitshen\Desktop\git\heystack-ch59x\LIB\libCH59xBLE.a(gattservapp.o)
                0x000000000000913c                GATT_VerifyReadPermissions
 .text.gattProcessReadMultiReq
                0x00000000000091a4       0xae C:\Users\bitshen\Desktop\git\heystack-ch59x\LIB\libCH59xBLE.a(gattservapp.o)
 .text.gattProcessReadReq
                0x0000000000009252       0x30 C:\Users\bitshen\Desktop\git\heystack-ch59x\LIB\libCH59xBLE.a(gattservapp.o)
 .text.gattServApp_ProcessReadByGrpTypeReq
                0x0000000000009282      0x21c C:\Users\bitshen\Desktop\git\heystack-ch59x\LIB\libCH59xBLE.a(gattservapp.o)
                0x0000000000009282                gattServApp_ProcessReadByGrpTypeReq
 .text.gattServApp_ProcessReadByTypeReq
                0x000000000000949e      0x1ae C:\Users\bitshen\Desktop\git\heystack-ch59x\LIB\libCH59xBLE.a(gattservapp.o)
                0x000000000000949e                gattServApp_ProcessReadByTypeReq
 .text.GATTServApp_InitCharCfg
                0x000000000000964c       0x28 C:\Users\bitshen\Desktop\git\heystack-ch59x\LIB\libCH59xBLE.a(gattservapp.o)
                0x000000000000964c                GATTServApp_InitCharCfg
 .text.gattServApp_HandleConnStatusCB
                0x0000000000009674       0x74 C:\Users\bitshen\Desktop\git\heystack-ch59x\LIB\libCH59xBLE.a(gattservapp.o)
                0x0000000000009674                gattServApp_HandleConnStatusCB
 .text.GATT_InitServer
                0x00000000000096e8       0xfa C:\Users\bitshen\Desktop\git\heystack-ch59x\LIB\libCH59xBLE.a(gattservapp.o)
                0x00000000000096e8                GATT_InitServer
 .text.GATTServApp_Init
                0x00000000000097e2       0x34 C:\Users\bitshen\Desktop\git\heystack-ch59x\LIB\libCH59xBLE.a(gattservapp.o)
                0x00000000000097e2                GATTServApp_Init
 .text.GATTServApp_ProcessEvent
                0x0000000000009816      0x36a C:\Users\bitshen\Desktop\git\heystack-ch59x\LIB\libCH59xBLE.a(gattservapp.o)
                0x0000000000009816                GATTServApp_ProcessEvent
 .text.l2capAllocConnChannel
                0x0000000000009b80       0xe0 C:\Users\bitshen\Desktop\git\heystack-ch59x\LIB\libCH59xBLE.a(l2cap.o)
                0x0000000000009b80                l2capAllocConnChannel
 .text.l2capFindLocalCID
                0x0000000000009c60       0x2c C:\Users\bitshen\Desktop\git\heystack-ch59x\LIB\libCH59xBLE.a(l2cap.o)
                0x0000000000009c60                l2capFindLocalCID
 .text.l2capFindLocalId
                0x0000000000009c8c       0x30 C:\Users\bitshen\Desktop\git\heystack-ch59x\LIB\libCH59xBLE.a(l2cap.o)
                0x0000000000009c8c                l2capFindLocalId
 .text.l2capFindPsm
                0x0000000000009cbc       0x30 C:\Users\bitshen\Desktop\git\heystack-ch59x\LIB\libCH59xBLE.a(l2cap.o)
                0x0000000000009cbc                l2capFindPsm
 .text.l2capFindRemoteCID
                0x0000000000009cec       0x3c C:\Users\bitshen\Desktop\git\heystack-ch59x\LIB\libCH59xBLE.a(l2cap.o)
                0x0000000000009cec                l2capFindRemoteCID
 .text.l2capFreeChannel
                0x0000000000009d28       0x4e C:\Users\bitshen\Desktop\git\heystack-ch59x\LIB\libCH59xBLE.a(l2cap.o)
                0x0000000000009d28                l2capFreeChannel
 .text.l2capDisconnectChannel
                0x0000000000009d76       0x28 C:\Users\bitshen\Desktop\git\heystack-ch59x\LIB\libCH59xBLE.a(l2cap.o)
                0x0000000000009d76                l2capDisconnectChannel
 .text.l2capHandleTimerCB
                0x0000000000009d9e       0x2c C:\Users\bitshen\Desktop\git\heystack-ch59x\LIB\libCH59xBLE.a(l2cap.o)
                0x0000000000009d9e                l2capHandleTimerCB
 .text.l2capFreePendingPkt
                0x0000000000009dca       0x58 C:\Users\bitshen\Desktop\git\heystack-ch59x\LIB\libCH59xBLE.a(l2cap.o)
                0x0000000000009dca                l2capFreePendingPkt
 .text.l2capGetCoChannelInfo
                0x0000000000009e22       0x86 C:\Users\bitshen\Desktop\git\heystack-ch59x\LIB\libCH59xBLE.a(l2cap.o)
                0x0000000000009e22                l2capGetCoChannelInfo
 .text.l2capNumActiveChannnels
                0x0000000000009ea8       0x48 C:\Users\bitshen\Desktop\git\heystack-ch59x\LIB\libCH59xBLE.a(l2cap.o)
                0x0000000000009ea8                l2capNumActiveChannnels
 .text.l2capStartTimer
                0x0000000000009ef0       0x1a C:\Users\bitshen\Desktop\git\heystack-ch59x\LIB\libCH59xBLE.a(l2cap.o)
                0x0000000000009ef0                l2capStartTimer
 .text.l2capStopTimer
                0x0000000000009f0a       0x1e C:\Users\bitshen\Desktop\git\heystack-ch59x\LIB\libCH59xBLE.a(l2cap.o)
                0x0000000000009f0a                l2capStopTimer
 .text.l2capDisconnectAllChannels
                0x0000000000009f28       0xdc C:\Users\bitshen\Desktop\git\heystack-ch59x\LIB\libCH59xBLE.a(l2cap.o)
                0x0000000000009f28                l2capDisconnectAllChannels
 .text.l2capHandleConnStatusCB
                0x000000000000a004       0x3c C:\Users\bitshen\Desktop\git\heystack-ch59x\LIB\libCH59xBLE.a(l2cap.o)
                0x000000000000a004                l2capHandleConnStatusCB
 .text.l2capHandleRxError
                0x000000000000a040        0x6 C:\Users\bitshen\Desktop\git\heystack-ch59x\LIB\libCH59xBLE.a(l2cap.o)
                0x000000000000a040                l2capHandleRxError
 .text.L2CAP_GetMTU
                0x000000000000a046        0x6 C:\Users\bitshen\Desktop\git\heystack-ch59x\LIB\libCH59xBLE.a(l2cap.o)
                0x000000000000a046                L2CAP_GetMTU
 .text.L2CAP_HostNumCompletedPkts
                0x000000000000a04c       0x28 C:\Users\bitshen\Desktop\git\heystack-ch59x\LIB\libCH59xBLE.a(l2cap.o)
                0x000000000000a04c                L2CAP_HostNumCompletedPkts
 .text.L2CAP_ParseConnectReq
                0x000000000000a074       0x5e C:\Users\bitshen\Desktop\git\heystack-ch59x\LIB\libCH59xBLE.a(l2cap.o)
                0x000000000000a074                L2CAP_ParseConnectReq
 .text.L2CAP_ParseFlowCtrlCredit
                0x000000000000a0d2       0x2e C:\Users\bitshen\Desktop\git\heystack-ch59x\LIB\libCH59xBLE.a(l2cap.o)
                0x000000000000a0d2                L2CAP_ParseFlowCtrlCredit
 .text.L2CAP_RegisterApp
                0x000000000000a100       0x30 C:\Users\bitshen\Desktop\git\heystack-ch59x\LIB\libCH59xBLE.a(l2cap.o)
                0x000000000000a100                L2CAP_RegisterApp
 .text.L2CAP_SetBufSize
                0x000000000000a130       0x1e C:\Users\bitshen\Desktop\git\heystack-ch59x\LIB\libCH59xBLE.a(l2cap.o)
                0x000000000000a130                L2CAP_SetBufSize
 .text.L2CAP_bm_alloc
                0x000000000000a14e       0x2a C:\Users\bitshen\Desktop\git\heystack-ch59x\LIB\libCH59xBLE.a(l2cap.o)
                0x000000000000a14e                L2CAP_bm_alloc
 .text.L2CAP_Init
                0x000000000000a178      0x15e C:\Users\bitshen\Desktop\git\heystack-ch59x\LIB\libCH59xBLE.a(l2cap.o)
                0x000000000000a178                L2CAP_Init
 .text.L2CAP_ProcessEvent
                0x000000000000a2d6       0xd4 C:\Users\bitshen\Desktop\git\heystack-ch59x\LIB\libCH59xBLE.a(l2cap.o)
                0x000000000000a2d6                L2CAP_ProcessEvent
 .text.l2capParseCmdReject
                0x000000000000a3aa       0x5e C:\Users\bitshen\Desktop\git\heystack-ch59x\LIB\libCH59xBLE.a(l2cap_input.o)
                0x000000000000a3aa                l2capParseCmdReject
 .text.l2capParseDisconnectReq
                0x000000000000a408       0x2e C:\Users\bitshen\Desktop\git\heystack-ch59x\LIB\libCH59xBLE.a(l2cap_input.o)
                0x000000000000a408                l2capParseDisconnectReq
 .text.l2capParseDisconnectRsp
                0x000000000000a436       0x2e C:\Users\bitshen\Desktop\git\heystack-ch59x\LIB\libCH59xBLE.a(l2cap_input.o)
                0x000000000000a436                l2capParseDisconnectRsp
 .text.L2CAP_ParseParamUpdateReq
                0x000000000000a464       0x4e C:\Users\bitshen\Desktop\git\heystack-ch59x\LIB\libCH59xBLE.a(l2cap_input.o)
                0x000000000000a464                L2CAP_ParseParamUpdateReq
 .text.l2capParseParamUpdateRsp
                0x000000000000a4b2       0x1e C:\Users\bitshen\Desktop\git\heystack-ch59x\LIB\libCH59xBLE.a(l2cap_input.o)
                0x000000000000a4b2                l2capParseParamUpdateRsp
 .text.l2capProcessConnectReq
                0x000000000000a4d0       0xfc C:\Users\bitshen\Desktop\git\heystack-ch59x\LIB\libCH59xBLE.a(l2cap_input.o)
                0x000000000000a4d0                l2capProcessConnectReq
 .text.l2capParseConnectRsp
                0x000000000000a5cc       0x5e C:\Users\bitshen\Desktop\git\heystack-ch59x\LIB\libCH59xBLE.a(l2cap_input.o)
                0x000000000000a5cc                l2capParseConnectRsp
 .text.l2capParseSignalHdr
                0x000000000000a62a       0x22 C:\Users\bitshen\Desktop\git\heystack-ch59x\LIB\libCH59xBLE.a(l2cap_input.o)
                0x000000000000a62a                l2capParseSignalHdr
 .text.l2capParsePacket
                0x000000000000a64c       0x8c C:\Users\bitshen\Desktop\git\heystack-ch59x\LIB\libCH59xBLE.a(l2cap_input.o)
                0x000000000000a64c                l2capParsePacket
 .text.l2capProcessReq
                0x000000000000a6d8      0x15e C:\Users\bitshen\Desktop\git\heystack-ch59x\LIB\libCH59xBLE.a(l2cap_input.o)
                0x000000000000a6d8                l2capProcessReq
 .text.l2capProcessRsp
                0x000000000000a836      0x150 C:\Users\bitshen\Desktop\git\heystack-ch59x\LIB\libCH59xBLE.a(l2cap_input.o)
                0x000000000000a836                l2capProcessRsp
 .text.l2capProcessRxData
                0x000000000000a986       0xf8 C:\Users\bitshen\Desktop\git\heystack-ch59x\LIB\libCH59xBLE.a(l2cap_input.o)
                0x000000000000a986                l2capProcessRxData
 .text.l2capNotifyData
                0x000000000000aa7e       0x5e C:\Users\bitshen\Desktop\git\heystack-ch59x\LIB\libCH59xBLE.a(l2cap_output.o)
                0x000000000000aa7e                l2capNotifyData
 .text.l2capNotifySignal
                0x000000000000aadc       0x7a C:\Users\bitshen\Desktop\git\heystack-ch59x\LIB\libCH59xBLE.a(l2cap_output.o)
                0x000000000000aadc                l2capNotifySignal
 .text.l2capNotifyCreditEvt
                0x000000000000ab56       0xa4 C:\Users\bitshen\Desktop\git\heystack-ch59x\LIB\libCH59xBLE.a(l2cap_output.o)
                0x000000000000ab56                l2capNotifyCreditEvt
 .text.l2capNotifyChannelEstEvt
                0x000000000000abfa       0x5c C:\Users\bitshen\Desktop\git\heystack-ch59x\LIB\libCH59xBLE.a(l2cap_output.o)
                0x000000000000abfa                l2capNotifyChannelEstEvt
 .text.l2capNotifyChannelTermEvt
                0x000000000000ac56       0x3e C:\Users\bitshen\Desktop\git\heystack-ch59x\LIB\libCH59xBLE.a(l2cap_output.o)
                0x000000000000ac56                l2capNotifyChannelTermEvt
 .text.l2capNotifyEvent
                0x000000000000ac94       0x66 C:\Users\bitshen\Desktop\git\heystack-ch59x\LIB\libCH59xBLE.a(l2cap_output.o)
                0x000000000000ac94                l2capNotifyEvent
 .text.l2capStoreFCPkt
                0x000000000000acfa       0x32 C:\Users\bitshen\Desktop\git\heystack-ch59x\LIB\libCH59xBLE.a(l2cap_output.o)
                0x000000000000acfa                l2capStoreFCPkt
 .text.l2capFreeTxSDU
                0x000000000000ad2c       0x9e C:\Users\bitshen\Desktop\git\heystack-ch59x\LIB\libCH59xBLE.a(l2cap_output.o)
                0x000000000000ad2c                l2capFreeTxSDU
 .text.l2capReassembleSegment
                0x000000000000adca      0x178 C:\Users\bitshen\Desktop\git\heystack-ch59x\LIB\libCH59xBLE.a(l2cap_output.o)
                0x000000000000adca                l2capReassembleSegment
 .text.l2capEncapSendData
                0x000000000000af42       0xf0 C:\Users\bitshen\Desktop\git\heystack-ch59x\LIB\libCH59xBLE.a(l2cap_output.o)
                0x000000000000af42                l2capEncapSendData
 .text.l2capSendFCPkt.part.3
                0x000000000000b032       0x70 C:\Users\bitshen\Desktop\git\heystack-ch59x\LIB\libCH59xBLE.a(l2cap_output.o)
 .text.l2capSendSegment
                0x000000000000b0a2      0x108 C:\Users\bitshen\Desktop\git\heystack-ch59x\LIB\libCH59xBLE.a(l2cap_output.o)
                0x000000000000b0a2                l2capSendSegment
 .text.l2capSendNextSegment
                0x000000000000b1aa       0xb4 C:\Users\bitshen\Desktop\git\heystack-ch59x\LIB\libCH59xBLE.a(l2cap_output.o)
                0x000000000000b1aa                l2capSendNextSegment
 .text.l2capSendPkt
                0x000000000000b25e       0x3a C:\Users\bitshen\Desktop\git\heystack-ch59x\LIB\libCH59xBLE.a(l2cap_output.o)
                0x000000000000b25e                l2capSendPkt
 .text.L2CAP_SendData
                0x000000000000b298       0x82 C:\Users\bitshen\Desktop\git\heystack-ch59x\LIB\libCH59xBLE.a(l2cap_output.o)
                0x000000000000b298                L2CAP_SendData
 .text.l2capSendCmd
                0x000000000000b31a       0x8a C:\Users\bitshen\Desktop\git\heystack-ch59x\LIB\libCH59xBLE.a(l2cap_output.o)
                0x000000000000b31a                l2capSendCmd
 .text.l2capSendReq
                0x000000000000b3a4       0xc8 C:\Users\bitshen\Desktop\git\heystack-ch59x\LIB\libCH59xBLE.a(l2cap_output.o)
                0x000000000000b3a4                l2capSendReq
 .text.l2capBuildDisconnectReq
                0x000000000000b46c       0x28 C:\Users\bitshen\Desktop\git\heystack-ch59x\LIB\libCH59xBLE.a(l2cap_sdu.o)
 .text.l2capBuildParamUpdateReq
                0x000000000000b494       0x4c C:\Users\bitshen\Desktop\git\heystack-ch59x\LIB\libCH59xBLE.a(l2cap_sdu.o)
 .text.l2capBuildParamUpdateRsp
                0x000000000000b4e0       0x16 C:\Users\bitshen\Desktop\git\heystack-ch59x\LIB\libCH59xBLE.a(l2cap_sdu.o)
 .text.l2capBuildConnectRsp
                0x000000000000b4f6       0x5e C:\Users\bitshen\Desktop\git\heystack-ch59x\LIB\libCH59xBLE.a(l2cap_sdu.o)
 .text.l2capBuildCmdReject
                0x000000000000b554       0x62 C:\Users\bitshen\Desktop\git\heystack-ch59x\LIB\libCH59xBLE.a(l2cap_sdu.o)
                0x000000000000b554                l2capBuildCmdReject
 .text.l2capBuildDisconnectRsp
                0x000000000000b5b6       0x28 C:\Users\bitshen\Desktop\git\heystack-ch59x\LIB\libCH59xBLE.a(l2cap_sdu.o)
                0x000000000000b5b6                l2capBuildDisconnectRsp
 .text.l2capSendConnectRsp
                0x000000000000b5de       0xaa C:\Users\bitshen\Desktop\git\heystack-ch59x\LIB\libCH59xBLE.a(l2cap_sdu.o)
                0x000000000000b5de                l2capSendConnectRsp
 .text.L2CAP_CmdReject
                0x000000000000b688       0x12 C:\Users\bitshen\Desktop\git\heystack-ch59x\LIB\libCH59xBLE.a(l2cap_sdu.o)
                0x000000000000b688                L2CAP_CmdReject
 .text.L2CAP_DisconnectReq
                0x000000000000b69a       0x2a C:\Users\bitshen\Desktop\git\heystack-ch59x\LIB\libCH59xBLE.a(l2cap_sdu.o)
                0x000000000000b69a                L2CAP_DisconnectReq
 .text.L2CAP_ConnParamUpdateReq
                0x000000000000b6c4       0x16 C:\Users\bitshen\Desktop\git\heystack-ch59x\LIB\libCH59xBLE.a(l2cap_sdu.o)
                0x000000000000b6c4                L2CAP_ConnParamUpdateReq
 .text.L2CAP_ConnParamUpdateRsp
                0x000000000000b6da       0x12 C:\Users\bitshen\Desktop\git\heystack-ch59x\LIB\libCH59xBLE.a(l2cap_sdu.o)
                0x000000000000b6da                L2CAP_ConnParamUpdateRsp
 .text.reportStatusChange
                0x000000000000b6ec       0x3e C:\Users\bitshen\Desktop\git\heystack-ch59x\LIB\libCH59xBLE.a(linkdb.o)
 .text.linkDB_Init
                0x000000000000b72a       0xa8 C:\Users\bitshen\Desktop\git\heystack-ch59x\LIB\libCH59xBLE.a(linkdb.o)
                0x000000000000b72a                linkDB_Init
 .text.linkDB_Find
                0x000000000000b7d2       0x34 C:\Users\bitshen\Desktop\git\heystack-ch59x\LIB\libCH59xBLE.a(linkdb.o)
                0x000000000000b7d2                linkDB_Find
 .text.linkDB_Authen
                0x000000000000b806       0x5c C:\Users\bitshen\Desktop\git\heystack-ch59x\LIB\libCH59xBLE.a(linkdb.o)
                0x000000000000b806                linkDB_Authen
 .text.linkDB_FindByAddr
                0x000000000000b862       0x82 C:\Users\bitshen\Desktop\git\heystack-ch59x\LIB\libCH59xBLE.a(linkdb.o)
                0x000000000000b862                linkDB_FindByAddr
 .text.linkDB_FindFirst
                0x000000000000b8e4       0x40 C:\Users\bitshen\Desktop\git\heystack-ch59x\LIB\libCH59xBLE.a(linkdb.o)
                0x000000000000b8e4                linkDB_FindFirst
 .text.linkDB_MTU
                0x000000000000b924       0x18 C:\Users\bitshen\Desktop\git\heystack-ch59x\LIB\libCH59xBLE.a(linkdb.o)
                0x000000000000b924                linkDB_MTU
 .text.linkDB_NumActive
                0x000000000000b93c       0x36 C:\Users\bitshen\Desktop\git\heystack-ch59x\LIB\libCH59xBLE.a(linkdb.o)
                0x000000000000b93c                linkDB_NumActive
 .text.linkDB_NumConns
                0x000000000000b972        0xa C:\Users\bitshen\Desktop\git\heystack-ch59x\LIB\libCH59xBLE.a(linkdb.o)
                0x000000000000b972                linkDB_NumConns
 .text.linkDB_Register
                0x000000000000b97c       0x28 C:\Users\bitshen\Desktop\git\heystack-ch59x\LIB\libCH59xBLE.a(linkdb.o)
                0x000000000000b97c                linkDB_Register
 .text.linkDB_Remove
                0x000000000000b9a4       0x4c C:\Users\bitshen\Desktop\git\heystack-ch59x\LIB\libCH59xBLE.a(linkdb.o)
                0x000000000000b9a4                linkDB_Remove
 .text.linkDB_Role
                0x000000000000b9f0       0x18 C:\Users\bitshen\Desktop\git\heystack-ch59x\LIB\libCH59xBLE.a(linkdb.o)
                0x000000000000b9f0                linkDB_Role
 .text.linkDB_State
                0x000000000000ba08       0x30 C:\Users\bitshen\Desktop\git\heystack-ch59x\LIB\libCH59xBLE.a(linkdb.o)
                0x000000000000ba08                linkDB_State
 .text.linkDB_UpdateMTU
                0x000000000000ba38       0x28 C:\Users\bitshen\Desktop\git\heystack-ch59x\LIB\libCH59xBLE.a(linkdb.o)
                0x000000000000ba38                linkDB_UpdateMTU
 .text.linkDB_PerformFunc
                0x000000000000ba60       0x5a C:\Users\bitshen\Desktop\git\heystack-ch59x\LIB\libCH59xBLE.a(linkdb.o)
                0x000000000000ba60                linkDB_PerformFunc
 .text.linkDB_GetSMEvtID
                0x000000000000baba       0x60 C:\Users\bitshen\Desktop\git\heystack-ch59x\LIB\libCH59xBLE.a(linkdb.o)
                0x000000000000baba                linkDB_GetSMEvtID
 .text.linkDB_Add
                0x000000000000bb1a       0xb2 C:\Users\bitshen\Desktop\git\heystack-ch59x\LIB\libCH59xBLE.a(linkdb.o)
                0x000000000000bb1a                linkDB_Add
 .text.linkDB_GetHandleFromSMEvtID
                0x000000000000bbcc       0x3a C:\Users\bitshen\Desktop\git\heystack-ch59x\LIB\libCH59xBLE.a(linkdb.o)
                0x000000000000bbcc                linkDB_GetHandleFromSMEvtID
 .text.linkDB_GetPairingParam
                0x000000000000bc06       0x76 C:\Users\bitshen\Desktop\git\heystack-ch59x\LIB\libCH59xBLE.a(linkdb.o)
                0x000000000000bc06                linkDB_GetPairingParam
 .text.linkDB_NeedSendKey
                0x000000000000bc7c       0x4c C:\Users\bitshen\Desktop\git\heystack-ch59x\LIB\libCH59xBLE.a(linkdb.o)
                0x000000000000bc7c                linkDB_NeedSendKey
 .text.smStartRspTimer
                0x000000000000bcc8       0x3a C:\Users\bitshen\Desktop\git\heystack-ch59x\LIB\libCH59xBLE.a(sm.o)
 .text.smStartEncryption
                0x000000000000bd02       0xa0 C:\Users\bitshen\Desktop\git\heystack-ch59x\LIB\libCH59xBLE.a(sm.o)
 .text.smFreePairingParams
                0x000000000000bda2       0x7e C:\Users\bitshen\Desktop\git\heystack-ch59x\LIB\libCH59xBLE.a(sm.o)
                0x000000000000bda2                smFreePairingParams
 .text.smEndPairing
                0x000000000000be20       0x60 C:\Users\bitshen\Desktop\git\heystack-ch59x\LIB\libCH59xBLE.a(sm.o)
                0x000000000000be20                smEndPairing
 .text.smLinkCheck
                0x000000000000be80       0x34 C:\Users\bitshen\Desktop\git\heystack-ch59x\LIB\libCH59xBLE.a(sm.o)
                0x000000000000be80                smLinkCheck
 .text.smNextPairingState
                0x000000000000beb4       0x60 C:\Users\bitshen\Desktop\git\heystack-ch59x\LIB\libCH59xBLE.a(sm.o)
                0x000000000000beb4                smNextPairingState
 .text.smProcessEncryptChange
                0x000000000000bf14       0xf8 C:\Users\bitshen\Desktop\git\heystack-ch59x\LIB\libCH59xBLE.a(sm.o)
                0x000000000000bf14                smProcessEncryptChange
 .text.smSendSMMsg
                0x000000000000c00c       0x5c C:\Users\bitshen\Desktop\git\heystack-ch59x\LIB\libCH59xBLE.a(sm.o)
                0x000000000000c00c                smSendSMMsg
 .text.smSendFailAndEnd
                0x000000000000c068       0x38 C:\Users\bitshen\Desktop\git\heystack-ch59x\LIB\libCH59xBLE.a(sm.o)
                0x000000000000c068                smSendFailAndEnd
 .text.smProcessPairingReq
                0x000000000000c0a0       0x40 C:\Users\bitshen\Desktop\git\heystack-ch59x\LIB\libCH59xBLE.a(sm.o)
                0x000000000000c0a0                smProcessPairingReq
 .text.smSetPairingReqRsp
                0x000000000000c0e0       0x3c C:\Users\bitshen\Desktop\git\heystack-ch59x\LIB\libCH59xBLE.a(sm.o)
                0x000000000000c0e0                smSetPairingReqRsp
 .text.SM_StartEncryption
                0x000000000000c11c       0x1a C:\Users\bitshen\Desktop\git\heystack-ch59x\LIB\libCH59xBLE.a(sm.o)
                0x000000000000c11c                SM_StartEncryption
 .text.sm_dhkey
                0x000000000000c136       0x3e C:\Users\bitshen\Desktop\git\heystack-ch59x\LIB\libCH59xBLE.a(sm.o)
                0x000000000000c136                sm_dhkey
 .text.sm_c1    0x000000000000c174       0xb4 C:\Users\bitshen\Desktop\git\heystack-ch59x\LIB\libCH59xBLE.a(sm.o)
                0x000000000000c174                sm_c1
 .text.smDetermineKeySize
                0x000000000000c228       0x20 C:\Users\bitshen\Desktop\git\heystack-ch59x\LIB\libCH59xBLE.a(sm.o)
                0x000000000000c228                smDetermineKeySize
 .text.smpParsePairingReq
                0x000000000000c248      0x118 C:\Users\bitshen\Desktop\git\heystack-ch59x\LIB\libCH59xBLE.a(sm.o)
                0x000000000000c248                smpParsePairingReq
 .text.smpParseEncInfo
                0x000000000000c360       0x2a C:\Users\bitshen\Desktop\git\heystack-ch59x\LIB\libCH59xBLE.a(sm.o)
                0x000000000000c360                smpParseEncInfo
 .text.smpParseIdentityAddrInfo
                0x000000000000c38a       0x34 C:\Users\bitshen\Desktop\git\heystack-ch59x\LIB\libCH59xBLE.a(sm.o)
                0x000000000000c38a                smpParseIdentityAddrInfo
 .text.smpParseIdentityInfo
                0x000000000000c3be       0x2a C:\Users\bitshen\Desktop\git\heystack-ch59x\LIB\libCH59xBLE.a(sm.o)
                0x000000000000c3be                smpParseIdentityInfo
 .text.smpParseMasterID
                0x000000000000c3e8       0x3c C:\Users\bitshen\Desktop\git\heystack-ch59x\LIB\libCH59xBLE.a(sm.o)
                0x000000000000c3e8                smpParseMasterID
 .text.smpParsePairingConfirm
                0x000000000000c424       0x2a C:\Users\bitshen\Desktop\git\heystack-ch59x\LIB\libCH59xBLE.a(sm.o)
                0x000000000000c424                smpParsePairingConfirm
 .text.smpParsePairingFailed
                0x000000000000c44e       0x1c C:\Users\bitshen\Desktop\git\heystack-ch59x\LIB\libCH59xBLE.a(sm.o)
                0x000000000000c44e                smpParsePairingFailed
 .text.smpParsePairingRandom
                0x000000000000c46a       0x2a C:\Users\bitshen\Desktop\git\heystack-ch59x\LIB\libCH59xBLE.a(sm.o)
                0x000000000000c46a                smpParsePairingRandom
 .text.smpParseSigningInfo
                0x000000000000c494       0x2a C:\Users\bitshen\Desktop\git\heystack-ch59x\LIB\libCH59xBLE.a(sm.o)
                0x000000000000c494                smpParseSigningInfo
 .text.smpParsePairingPublicKey
                0x000000000000c4be       0x2c C:\Users\bitshen\Desktop\git\heystack-ch59x\LIB\libCH59xBLE.a(sm.o)
                0x000000000000c4be                smpParsePairingPublicKey
 .text.smpParsePairingDHKeyCheck
                0x000000000000c4ea       0x2a C:\Users\bitshen\Desktop\git\heystack-ch59x\LIB\libCH59xBLE.a(sm.o)
                0x000000000000c4ea                smpParsePairingDHKeyCheck
 .text.smProcessDataMsg
                0x000000000000c514      0x104 C:\Users\bitshen\Desktop\git\heystack-ch59x\LIB\libCH59xBLE.a(sm.o)
                0x000000000000c514                smProcessDataMsg
 .text.smProcessTMOSMsg
                0x000000000000c618      0x170 C:\Users\bitshen\Desktop\git\heystack-ch59x\LIB\libCH59xBLE.a(sm.o)
                0x000000000000c618                smProcessTMOSMsg
 .text.SM_CalcRandomAddr
                0x000000000000c788       0x54 C:\Users\bitshen\Desktop\git\heystack-ch59x\LIB\libCH59xBLE.a(sm.o)
                0x000000000000c788                SM_CalcRandomAddr
 .text.SM_GenerateAuthenSig
                0x000000000000c7dc       0xe6 C:\Users\bitshen\Desktop\git\heystack-ch59x\LIB\libCH59xBLE.a(sm.o)
                0x000000000000c7dc                SM_GenerateAuthenSig
 .text.SM_PasskeyUpdate
                0x000000000000c8c2       0xe6 C:\Users\bitshen\Desktop\git\heystack-ch59x\LIB\libCH59xBLE.a(sm.o)
                0x000000000000c8c2                SM_PasskeyUpdate
 .text.SM_ResolveRandomAddrs
                0x000000000000c9a8       0x5e C:\Users\bitshen\Desktop\git\heystack-ch59x\LIB\libCH59xBLE.a(sm.o)
                0x000000000000c9a8                SM_ResolveRandomAddrs
 .text.SM_StartPairing
                0x000000000000ca06       0xc2 C:\Users\bitshen\Desktop\git\heystack-ch59x\LIB\libCH59xBLE.a(sm.o)
                0x000000000000ca06                SM_StartPairing
 .text.SM_VerifyAuthenSig
                0x000000000000cac8      0x150 C:\Users\bitshen\Desktop\git\heystack-ch59x\LIB\libCH59xBLE.a(sm.o)
                0x000000000000cac8                SM_VerifyAuthenSig
 .text.SM_ProcessEvent
                0x000000000000cc18       0xb4 C:\Users\bitshen\Desktop\git\heystack-ch59x\LIB\libCH59xBLE.a(sm.o)
                0x000000000000cc18                SM_ProcessEvent
 .text.SM_ParamInit
                0x000000000000cccc       0x66 C:\Users\bitshen\Desktop\git\heystack-ch59x\LIB\libCH59xBLE.a(sm.o)
                0x000000000000cccc                SM_ParamInit
 .text.SM_InitiatorInit
                0x000000000000cd32       0x22 C:\Users\bitshen\Desktop\git\heystack-ch59x\LIB\libCH59xBLE.a(sm.o)
                0x000000000000cd32                SM_InitiatorInit
 .text.SM_ResponderInit
                0x000000000000cd54       0x22 C:\Users\bitshen\Desktop\git\heystack-ch59x\LIB\libCH59xBLE.a(sm.o)
                0x000000000000cd54                SM_ResponderInit
 .text.SM_Init  0x000000000000cd76       0x2a C:\Users\bitshen\Desktop\git\heystack-ch59x\LIB\libCH59xBLE.a(sm.o)
                0x000000000000cd76                SM_Init
 .text.smpInitiatorProcessPairingRsp
                0x000000000000cda0      0x26e C:\Users\bitshen\Desktop\git\heystack-ch59x\LIB\libCH59xBLE.a(sm_initiator.o)
                0x000000000000cda0                smpInitiatorProcessPairingRsp
 .text.smInitiatorSendNextKeyInfo
                0x000000000000d00e      0x26e C:\Users\bitshen\Desktop\git\heystack-ch59x\LIB\libCH59xBLE.a(sm_initiator.o)
                0x000000000000d00e                smInitiatorSendNextKeyInfo
 .text.setupInitiatorKeys
                0x000000000000d27c       0x88 C:\Users\bitshen\Desktop\git\heystack-ch59x\LIB\libCH59xBLE.a(sm_initiator.o)
 .text.smpInitiatorProcessIncoming
                0x000000000000d304      0x418 C:\Users\bitshen\Desktop\git\heystack-ch59x\LIB\libCH59xBLE.a(sm_initiator.o)
                0x000000000000d304                smpInitiatorProcessIncoming
 .text.smpBuildPairingReqRsp
                0x000000000000d71c       0xc6 C:\Users\bitshen\Desktop\git\heystack-ch59x\LIB\libCH59xBLE.a(sm_pdu.o)
 .text.smpBuildPairingReq
                0x000000000000d7e2        0xa C:\Users\bitshen\Desktop\git\heystack-ch59x\LIB\libCH59xBLE.a(sm_pdu.o)
                0x000000000000d7e2                smpBuildPairingReq
 .text.smpBuildPairingRsp
                0x000000000000d7ec        0xa C:\Users\bitshen\Desktop\git\heystack-ch59x\LIB\libCH59xBLE.a(sm_pdu.o)
                0x000000000000d7ec                smpBuildPairingRsp
 .text.smpBuildPairingConfirm
                0x000000000000d7f6       0x30 C:\Users\bitshen\Desktop\git\heystack-ch59x\LIB\libCH59xBLE.a(sm_pdu.o)
                0x000000000000d7f6                smpBuildPairingConfirm
 .text.smpBuildPairingRandom
                0x000000000000d826       0x30 C:\Users\bitshen\Desktop\git\heystack-ch59x\LIB\libCH59xBLE.a(sm_pdu.o)
                0x000000000000d826                smpBuildPairingRandom
 .text.smpBuildEncInfo
                0x000000000000d856       0x30 C:\Users\bitshen\Desktop\git\heystack-ch59x\LIB\libCH59xBLE.a(sm_pdu.o)
                0x000000000000d856                smpBuildEncInfo
 .text.smpBuildMasterID
                0x000000000000d886       0x44 C:\Users\bitshen\Desktop\git\heystack-ch59x\LIB\libCH59xBLE.a(sm_pdu.o)
                0x000000000000d886                smpBuildMasterID
 .text.smpBuildIdentityInfo
                0x000000000000d8ca       0x30 C:\Users\bitshen\Desktop\git\heystack-ch59x\LIB\libCH59xBLE.a(sm_pdu.o)
                0x000000000000d8ca                smpBuildIdentityInfo
 .text.smpBuildIdentityAddrInfo
                0x000000000000d8fa       0x3a C:\Users\bitshen\Desktop\git\heystack-ch59x\LIB\libCH59xBLE.a(sm_pdu.o)
                0x000000000000d8fa                smpBuildIdentityAddrInfo
 .text.smpBuildSigningInfo
                0x000000000000d934       0x30 C:\Users\bitshen\Desktop\git\heystack-ch59x\LIB\libCH59xBLE.a(sm_pdu.o)
                0x000000000000d934                smpBuildSigningInfo
 .text.smpBuildPublicKey
                0x000000000000d964       0x32 C:\Users\bitshen\Desktop\git\heystack-ch59x\LIB\libCH59xBLE.a(sm_pdu.o)
                0x000000000000d964                smpBuildPublicKey
 .text.smpBuildDHKey
                0x000000000000d996       0x30 C:\Users\bitshen\Desktop\git\heystack-ch59x\LIB\libCH59xBLE.a(sm_pdu.o)
                0x000000000000d996                smpBuildDHKey
 .text.smpBuildPairingFailed
                0x000000000000d9c6       0x1a C:\Users\bitshen\Desktop\git\heystack-ch59x\LIB\libCH59xBLE.a(sm_pdu.o)
                0x000000000000d9c6                smpBuildPairingFailed
 .text.smGeneratePairingReq
                0x000000000000d9e0       0x30 C:\Users\bitshen\Desktop\git\heystack-ch59x\LIB\libCH59xBLE.a(sm_pdu.o)
                0x000000000000d9e0                smGeneratePairingReq
 .text.smGeneratePairingRsp
                0x000000000000da10       0x30 C:\Users\bitshen\Desktop\git\heystack-ch59x\LIB\libCH59xBLE.a(sm_pdu.o)
                0x000000000000da10                smGeneratePairingRsp
 .text.smGenerateConfirm
                0x000000000000da40       0x34 C:\Users\bitshen\Desktop\git\heystack-ch59x\LIB\libCH59xBLE.a(sm_pdu.o)
                0x000000000000da40                smGenerateConfirm
 .text.smGenerateRandMsg
                0x000000000000da74       0x34 C:\Users\bitshen\Desktop\git\heystack-ch59x\LIB\libCH59xBLE.a(sm_pdu.o)
                0x000000000000da74                smGenerateRandMsg
 .text.smGeneratePairingPublicKey
                0x000000000000daa8       0x64 C:\Users\bitshen\Desktop\git\heystack-ch59x\LIB\libCH59xBLE.a(sm_pdu.o)
                0x000000000000daa8                smGeneratePairingPublicKey
 .text.smGeneratePairingDHKeyCheck
                0x000000000000db0c      0x250 C:\Users\bitshen\Desktop\git\heystack-ch59x\LIB\libCH59xBLE.a(sm_pdu.o)
                0x000000000000db0c                smGeneratePairingDHKeyCheck
 .text.smPairingSendEncInfo
                0x000000000000dd5c       0x10 C:\Users\bitshen\Desktop\git\heystack-ch59x\LIB\libCH59xBLE.a(sm_pdu.o)
                0x000000000000dd5c                smPairingSendEncInfo
 .text.smPairingSendIdentityAddrInfo
                0x000000000000dd6c       0x38 C:\Users\bitshen\Desktop\git\heystack-ch59x\LIB\libCH59xBLE.a(sm_pdu.o)
                0x000000000000dd6c                smPairingSendIdentityAddrInfo
 .text.smPairingSendIdentityInfo
                0x000000000000dda4       0x10 C:\Users\bitshen\Desktop\git\heystack-ch59x\LIB\libCH59xBLE.a(sm_pdu.o)
                0x000000000000dda4                smPairingSendIdentityInfo
 .text.smPairingSendMasterID
                0x000000000000ddb4       0x38 C:\Users\bitshen\Desktop\git\heystack-ch59x\LIB\libCH59xBLE.a(sm_pdu.o)
                0x000000000000ddb4                smPairingSendMasterID
 .text.smPairingSendSingingInfo
                0x000000000000ddec       0x10 C:\Users\bitshen\Desktop\git\heystack-ch59x\LIB\libCH59xBLE.a(sm_pdu.o)
                0x000000000000ddec                smPairingSendSingingInfo
 .text.smResponderSendNextKeyInfo
                0x000000000000ddfc      0x2e6 C:\Users\bitshen\Desktop\git\heystack-ch59x\LIB\libCH59xBLE.a(sm_responding.o)
                0x000000000000ddfc                smResponderSendNextKeyInfo
 .text.smResponderProcessLTKReq
                0x000000000000e0e2      0x1b6 C:\Users\bitshen\Desktop\git\heystack-ch59x\LIB\libCH59xBLE.a(sm_responding.o)
                0x000000000000e0e2                smResponderProcessLTKReq
 .text.smpResponderProcessIncoming
                0x000000000000e298      0x6f2 C:\Users\bitshen\Desktop\git\heystack-ch59x\LIB\libCH59xBLE.a(sm_responding.o)
                0x000000000000e298                smpResponderProcessIncoming
 .text.xor_128  0x000000000000e98a       0x28 C:\Users\bitshen\Desktop\git\heystack-ch59x\LIB\libCH59xBLE.a(sm_toolbox.o)
                0x000000000000e98a                xor_128
 .text.leftshift_onebit
                0x000000000000e9b2       0x2e C:\Users\bitshen\Desktop\git\heystack-ch59x\LIB\libCH59xBLE.a(sm_toolbox.o)
                0x000000000000e9b2                leftshift_onebit
 .text.padding  0x000000000000e9e0       0x38 C:\Users\bitshen\Desktop\git\heystack-ch59x\LIB\libCH59xBLE.a(sm_toolbox.o)
                0x000000000000e9e0                padding
 .text.generate_subkey
                0x000000000000ea18       0xd4 C:\Users\bitshen\Desktop\git\heystack-ch59x\LIB\libCH59xBLE.a(sm_toolbox.o)
                0x000000000000ea18                generate_subkey
 .text.sm_xor   0x000000000000eaec       0x24 C:\Users\bitshen\Desktop\git\heystack-ch59x\LIB\libCH59xBLE.a(sm_toolbox.o)
                0x000000000000eaec                sm_xor
 .text.sm_ah    0x000000000000eb10       0x90 C:\Users\bitshen\Desktop\git\heystack-ch59x\LIB\libCH59xBLE.a(sm_toolbox.o)
                0x000000000000eb10                sm_ah
 .text.sm_c1new
                0x000000000000eba0      0x144 C:\Users\bitshen\Desktop\git\heystack-ch59x\LIB\libCH59xBLE.a(sm_toolbox.o)
                0x000000000000eba0                sm_c1new
 .text.sm_s1    0x000000000000ece4       0x96 C:\Users\bitshen\Desktop\git\heystack-ch59x\LIB\libCH59xBLE.a(sm_toolbox.o)
                0x000000000000ece4                sm_s1
 .text.sm_CMAC  0x000000000000ed7a      0x172 C:\Users\bitshen\Desktop\git\heystack-ch59x\LIB\libCH59xBLE.a(sm_toolbox.o)
                0x000000000000ed7a                sm_CMAC
 .text.HOST_LE_ConnectionCompleteEvent
                0x000000000000eeec       0xca C:\Users\bitshen\Desktop\git\heystack-ch59x\LIB\libCH59xBLE.a(host_input.o)
                0x000000000000eeec                HOST_LE_ConnectionCompleteEvent
 .text.HOST_LE_ConnectionUpdateCompleteEvent
                0x000000000000efb6       0x60 C:\Users\bitshen\Desktop\git\heystack-ch59x\LIB\libCH59xBLE.a(host_input.o)
                0x000000000000efb6                HOST_LE_ConnectionUpdateCompleteEvent
 .text.HOST_LE_ReadRemoteUsedFeaturesCompleteEvent
                0x000000000000f016       0x66 C:\Users\bitshen\Desktop\git\heystack-ch59x\LIB\libCH59xBLE.a(host_input.o)
                0x000000000000f016                HOST_LE_ReadRemoteUsedFeaturesCompleteEvent
 .text.HOST_LE_LongTermKeyRequestEvent
                0x000000000000f07c       0x64 C:\Users\bitshen\Desktop\git\heystack-ch59x\LIB\libCH59xBLE.a(host_input.o)
                0x000000000000f07c                HOST_LE_LongTermKeyRequestEvent
 .text.HOST_LE_RemoteConnectionParameterRequestEvent
                0x000000000000f0e0       0x60 C:\Users\bitshen\Desktop\git\heystack-ch59x\LIB\libCH59xBLE.a(host_input.o)
                0x000000000000f0e0                HOST_LE_RemoteConnectionParameterRequestEvent
 .text.HOST_RemoteConnectionParameterRequestEvent
                0x000000000000f140       0x42 C:\Users\bitshen\Desktop\git\heystack-ch59x\LIB\libCH59xBLE.a(host_input.o)
                0x000000000000f140                HOST_RemoteConnectionParameterRequestEvent
 .text.HOST_LE_DataLengthChangeEvent
                0x000000000000f182       0x60 C:\Users\bitshen\Desktop\git\heystack-ch59x\LIB\libCH59xBLE.a(host_input.o)
                0x000000000000f182                HOST_LE_DataLengthChangeEvent
 .text.HOST_LE_EnhancedConnectionCompleteEvent
                0x000000000000f1e2      0x128 C:\Users\bitshen\Desktop\git\heystack-ch59x\LIB\libCH59xBLE.a(host_input.o)
                0x000000000000f1e2                HOST_LE_EnhancedConnectionCompleteEvent
 .text.HOST_LE_PHYUpdateCompleteReportEvent
                0x000000000000f30a       0x58 C:\Users\bitshen\Desktop\git\heystack-ch59x\LIB\libCH59xBLE.a(host_input.o)
                0x000000000000f30a                HOST_LE_PHYUpdateCompleteReportEvent
 .text.HOST_LE_PeriodicAdvertisingSyncEstablishedEvent
                0x000000000000f362       0x9c C:\Users\bitshen\Desktop\git\heystack-ch59x\LIB\libCH59xBLE.a(host_input.o)
                0x000000000000f362                HOST_LE_PeriodicAdvertisingSyncEstablishedEvent
 .text.HOST_LE_PeriodicAdvertisingSyncLostEvent
                0x000000000000f3fe       0x40 C:\Users\bitshen\Desktop\git\heystack-ch59x\LIB\libCH59xBLE.a(host_input.o)
                0x000000000000f3fe                HOST_LE_PeriodicAdvertisingSyncLostEvent
 .text.HOST_LE_ScanTimeoutEvent
                0x000000000000f43e       0x3a C:\Users\bitshen\Desktop\git\heystack-ch59x\LIB\libCH59xBLE.a(host_input.o)
                0x000000000000f43e                HOST_LE_ScanTimeoutEvent
 .text.HOST_LE_AdvertisingSetTerminatedEvent
                0x000000000000f478       0x58 C:\Users\bitshen\Desktop\git\heystack-ch59x\LIB\libCH59xBLE.a(host_input.o)
                0x000000000000f478                HOST_LE_AdvertisingSetTerminatedEvent
 .text.HOST_LE_ScanRequestReceivedEvent
                0x000000000000f4d0       0x6c C:\Users\bitshen\Desktop\git\heystack-ch59x\LIB\libCH59xBLE.a(host_input.o)
                0x000000000000f4d0                HOST_LE_ScanRequestReceivedEvent
 .text.HOST_LE_ChannelSelectionAlgorithmEvent
                0x000000000000f53c       0x48 C:\Users\bitshen\Desktop\git\heystack-ch59x\LIB\libCH59xBLE.a(host_input.o)
                0x000000000000f53c                HOST_LE_ChannelSelectionAlgorithmEvent
 .text.HOST_DisconnectionCompleteEvent
                0x000000000000f584       0x48 C:\Users\bitshen\Desktop\git\heystack-ch59x\LIB\libCH59xBLE.a(host_input.o)
                0x000000000000f584                HOST_DisconnectionCompleteEvent
 .text.HOST_EncryptionChangeEvent
                0x000000000000f5cc       0x50 C:\Users\bitshen\Desktop\git\heystack-ch59x\LIB\libCH59xBLE.a(host_input.o)
                0x000000000000f5cc                HOST_EncryptionChangeEvent
 .text.HOST_ReadRemoteVersionInfoEvent
                0x000000000000f61c       0x5a C:\Users\bitshen\Desktop\git\heystack-ch59x\LIB\libCH59xBLE.a(host_input.o)
                0x000000000000f61c                HOST_ReadRemoteVersionInfoEvent
 .text.HOST_CommandCompleteEvent
                0x000000000000f676       0x62 C:\Users\bitshen\Desktop\git\heystack-ch59x\LIB\libCH59xBLE.a(host_input.o)
                0x000000000000f676                HOST_CommandCompleteEvent
 .text.HOST_CommandStatusEvent
                0x000000000000f6d8       0x48 C:\Users\bitshen\Desktop\git\heystack-ch59x\LIB\libCH59xBLE.a(host_input.o)
                0x000000000000f6d8                HOST_CommandStatusEvent
 .text.HOST_DataBufferOverflowEvent
                0x000000000000f720       0x3e C:\Users\bitshen\Desktop\git\heystack-ch59x\LIB\libCH59xBLE.a(host_input.o)
                0x000000000000f720                HOST_DataBufferOverflowEvent
 .text.HOST_EncryptionKeyRefreshCompleteEvent
                0x000000000000f75e       0x4a C:\Users\bitshen\Desktop\git\heystack-ch59x\LIB\libCH59xBLE.a(host_input.o)
                0x000000000000f75e                HOST_EncryptionKeyRefreshCompleteEvent