Archive member included to satisfy reference by file (symbol)

C:\Users\bitshen\Desktop\Broadcaster-CH592\StdPeriphDriver\libISP592.a(ISP583.o)
                              ./StdPeriphDriver/CH59x_flash.o (FLASH_EEPROM_CMD)
C:\Users\bitshen\Desktop\Broadcaster-CH592\LIB\libCH59xBLE.a(message.o)
                              ./HAL/MCU.o (tmos_msg_deallocate)
C:\Users\bitshen\Desktop\Broadcaster-CH592\LIB\libCH59xBLE.a(tmos.o)
                              ./Profile/devinfoservice.o (tmos_memcpy)
C:\Users\bitshen\Desktop\Broadcaster-CH592\LIB\libCH59xBLE.a(tmos_hw.o)
                              C:\Users\bitshen\Desktop\Broadcaster-CH592\LIB\libCH59xBLE.a(tmos.o) (bleClock_t)
C:\Users\bitshen\Desktop\Broadcaster-CH592\LIB\libCH59xBLE.a(tmos_snv.o)
                              C:\Users\bitshen\Desktop\Broadcaster-CH592\LIB\libCH59xBLE.a(tmos.o) (tmos_snv_init)
C:\Users\bitshen\Desktop\Broadcaster-CH592\LIB\libCH59xBLE.a(gap.o)
                              ./APP/broadcaster.o (GAP_SetParamValue)
C:\Users\bitshen\Desktop\Broadcaster-CH592\LIB\libCH59xBLE.a(gap_central.o)
                              C:\Users\bitshen\Desktop\Broadcaster-CH592\LIB\libCH59xBLE.a(gap.o) (gapProcessPeriodicAdvertisingSyncEstablishedEvt)
C:\Users\bitshen\Desktop\Broadcaster-CH592\LIB\libCH59xBLE.a(gap_peripheral.o)
                              ./APP/broadcaster.o (GAP_UpdateAdvertisingData)
C:\Users\bitshen\Desktop\Broadcaster-CH592\LIB\libCH59xBLE.a(gatt_uuid.o)
                              ./Profile/devinfoservice.o (characterUUID)
C:\Users\bitshen\Desktop\Broadcaster-CH592\LIB\libCH59xBLE.a(gattservapp.o)
                              ./Profile/devinfoservice.o (GATTServApp_RegisterService)
C:\Users\bitshen\Desktop\Broadcaster-CH592\LIB\libCH59xBLE.a(l2cap.o)
                              C:\Users\bitshen\Desktop\Broadcaster-CH592\LIB\libCH59xBLE.a(gattservapp.o) (L2CAP_GetMTU)
C:\Users\bitshen\Desktop\Broadcaster-CH592\LIB\libCH59xBLE.a(l2cap_input.o)
                              C:\Users\bitshen\Desktop\Broadcaster-CH592\LIB\libCH59xBLE.a(l2cap.o) (l2capProcessRxData)
C:\Users\bitshen\Desktop\Broadcaster-CH592\LIB\libCH59xBLE.a(l2cap_output.o)
                              C:\Users\bitshen\Desktop\Broadcaster-CH592\LIB\libCH59xBLE.a(l2cap_input.o) (l2capNotifyData)
C:\Users\bitshen\Desktop\Broadcaster-CH592\LIB\libCH59xBLE.a(l2cap_sdu.o)
                              C:\Users\bitshen\Desktop\Broadcaster-CH592\LIB\libCH59xBLE.a(l2cap_input.o) (l2capBuildDisconnectRsp)
C:\Users\bitshen\Desktop\Broadcaster-CH592\LIB\libCH59xBLE.a(linkdb.o)
                              C:\Users\bitshen\Desktop\Broadcaster-CH592\LIB\libCH59xBLE.a(l2cap.o) (linkDB_Init)
C:\Users\bitshen\Desktop\Broadcaster-CH592\LIB\libCH59xBLE.a(sm.o)
                              C:\Users\bitshen\Desktop\Broadcaster-CH592\LIB\libCH59xBLE.a(gap.o) (smFreePairingParams)
C:\Users\bitshen\Desktop\Broadcaster-CH592\LIB\libCH59xBLE.a(sm_initiator.o)
                              C:\Users\bitshen\Desktop\Broadcaster-CH592\LIB\libCH59xBLE.a(sm.o) (smInitiatorSendNextKeyInfo)
C:\Users\bitshen\Desktop\Broadcaster-CH592\LIB\libCH59xBLE.a(sm_pdu.o)
                              C:\Users\bitshen\Desktop\Broadcaster-CH592\LIB\libCH59xBLE.a(sm.o) (smpBuildPairingReq)
C:\Users\bitshen\Desktop\Broadcaster-CH592\LIB\libCH59xBLE.a(sm_responding.o)
                              C:\Users\bitshen\Desktop\Broadcaster-CH592\LIB\libCH59xBLE.a(sm.o) (smResponderSendNextKeyInfo)
C:\Users\bitshen\Desktop\Broadcaster-CH592\LIB\libCH59xBLE.a(sm_toolbox.o)
                              C:\Users\bitshen\Desktop\Broadcaster-CH592\LIB\libCH59xBLE.a(sm.o) (sm_ah)
C:\Users\bitshen\Desktop\Broadcaster-CH592\LIB\libCH59xBLE.a(host_input.o)
                              C:\Users\bitshen\Desktop\Broadcaster-CH592\LIB\libCH59xBLE.a(gap.o) (gBleHostPara)
C:\Users\bitshen\Desktop\Broadcaster-CH592\LIB\libCH59xBLE.a(host_output.o)
                              C:\Users\bitshen\Desktop\Broadcaster-CH592\LIB\libCH59xBLE.a(gap.o) (HCI_DisconnectCmd)
C:\Users\bitshen\Desktop\Broadcaster-CH592\LIB\libCH59xBLE.a(ll_connect.o)
                              C:\Users\bitshen\Desktop\Broadcaster-CH592\LIB\libCH59xBLE.a(tmos.o) (LL_GetNextConnectEventTime)
C:\Users\bitshen\Desktop\Broadcaster-CH592\LIB\libCH59xBLE.a(ll_core.o)
                              C:\Users\bitshen\Desktop\Broadcaster-CH592\LIB\libCH59xBLE.a(ll_connect.o) (LL_CoreGetCore)
C:\Users\bitshen\Desktop\Broadcaster-CH592\LIB\libCH59xBLE.a(ll_hop.o)
                              C:\Users\bitshen\Desktop\Broadcaster-CH592\LIB\libCH59xBLE.a(ll_connect.o) (LL_HopGetChannel)
C:\Users\bitshen\Desktop\Broadcaster-CH592\LIB\libCH59xBLE.a(ll_master.o)
                              C:\Users\bitshen\Desktop\Broadcaster-CH592\LIB\libCH59xBLE.a(gap_central.o) (LL_SetDataSendPriority)
C:\Users\bitshen\Desktop\Broadcaster-CH592\LIB\libCH59xBLE.a(ll_pdu.o)
[...]
Memory Configuration

Name             Origin             Length             Attributes
FLASH            0x0000000000000000 0x0000000000070000 xr
RAM              0x0000000020000000 0x0000000000006800 xrw
*default*        0x0000000000000000 0xffffffffffffffff

Linker script and memory map

LOAD ./StdPeriphDriver/CH59x_adc.o
LOAD ./StdPeriphDriver/CH59x_clk.o
LOAD ./StdPeriphDriver/CH59x_flash.o
LOAD ./StdPeriphDriver/CH59x_gpio.o
LOAD ./StdPeriphDriver/CH59x_i2c.o
LOAD ./StdPeriphDriver/CH59x_lcd.o
LOAD ./StdPeriphDriver/CH59x_pwr.o
LOAD ./StdPeriphDriver/CH59x_sys.o
LOAD ./StdPeriphDriver/CH59x_uart1.o
LOAD ./Startup/startup_CH592.o
LOAD ./RVMSIS/core_riscv.o
LOAD ./Profile/devinfoservice.o
LOAD ./LIB/ble_task_scheduler.o
LOAD ./HAL/MCU.o
LOAD ./HAL/RTC.o
LOAD ./HAL/SLEEP.o
LOAD ./APP/broadcaster.o
LOAD ./APP/broadcaster_main.o
LOAD C:\Users\bitshen\Desktop\Broadcaster-CH592\StdPeriphDriver\libISP592.a
LOAD C:\Users\bitshen\Desktop\Broadcaster-CH592\LIB\libCH59xBLE.a
LOAD e:/mounriver/mounriver_studio/toolchain/risc-v embedded gcc12/bin/../lib/gcc/riscv-none-elf/12.2.0/../../../../riscv-none-elf/lib\libprintfloat.a
LOAD e:/mounriver/mounriver_studio/toolchain/risc-v embedded gcc12/bin/../lib/gcc/riscv-none-elf/12.2.0\libgcc.a
LOAD e:/mounriver/mounriver_studio/toolchain/risc-v embedded gcc12/bin/../lib/gcc/riscv-none-elf/12.2.0/../../../../riscv-none-elf/lib\libg_nano.a
LOAD e:/mounriver/mounriver_studio/toolchain/risc-v embedded gcc12/bin/../lib/gcc/riscv-none-elf/12.2.0/../../../../riscv-none-elf/lib\libc_nano.a
LOAD e:/mounriver/mounriver_studio/toolchain/risc-v embedded gcc12/bin/../lib/gcc/riscv-none-elf/12.2.0\libgcc.a
START GROUP
LOAD e:/mounriver/mounriver_studio/toolchain/risc-v embedded gcc12/bin/../lib/gcc/riscv-none-elf/12.2.0\libgcc.a
LOAD e:/mounriver/mounriver_studio/toolchain/risc-v embedded gcc12/bin/../lib/gcc/riscv-none-elf/12.2.0/../../../../riscv-none-elf/lib\libc_nano.a
LOAD e:/mounriver/mounriver_studio/toolchain/risc-v embedded gcc12/bin/../lib/gcc/riscv-none-elf/12.2.0/../../../../riscv-none-elf/lib\libnosys.a
END GROUP
START GROUP
LOAD e:/mounriver/mounriver_studio/toolchain/risc-v embedded gcc12/bin/../lib/gcc/riscv-none-elf/12.2.0\libgcc.a
LOAD e:/mounriver/mounriver_studio/toolchain/risc-v embedded gcc12/bin/../lib/gcc/riscv-none-elf/12.2.0/../../../../riscv-none-elf/lib\libc_nano.a
LOAD e:/mounriver/mounriver_studio/toolchain/risc-v embedded gcc12/bin/../lib/gcc/riscv-none-elf/12.2.0/../../../../riscv-none-elf/lib\libnosys.a
END GROUP

.init           0x0000000000000000        0x4
                0x0000000000000000                _sinit = .
                0x0000000000000000                . = ALIGN (0x4)
 *(SORT_NONE(.init))
 .init          0x0000000000000000        0x4 ./Startup/startup_CH592.o
                0x0000000000000000                _start
                0x0000000000000004                . = ALIGN (0x4)
                0x0000000000000004                _einit = .

.highcodelalign
                0x0000000000000004        0x0
                0x0000000000000004                . = ALIGN (0x4)
                0x0000000000000004                PROVIDE (_highcode_lma = .)

.highcode       0x0000000020000000     0x1c5c load address 0x0000000000000004
                0x0000000020000000                . = ALIGN (0x4)
                0x0000000020000000                PROVIDE (_highcode_vma_start = .)
 *(.vector)
 .vector        0x0000000020000000       0x90 ./Startup/startup_CH592.o
 *(SORT_NONE(.vector_handler))
 .vector_handler
                0x0000000020000090        0x2 ./Startup/startup_CH592.o
                0x0000000020000090                GPIOB_IRQHandler
                0x0000000020000090                GPIOA_IRQHandler
                0x0000000020000090                SysTick_Handler
                0x0000000020000090                NMI_Handler
                0x0000000020000090                UART1_IRQHandler
                0x0000000020000090                UART0_IRQHandler
                0x0000000020000090                BB_IRQHandler
                0x0000000020000090                Break_Point_Handler
                0x0000000020000090                TMR0_IRQHandler
                0x0000000020000090                UART2_IRQHandler
                0x0000000020000090                PWMX_IRQHandler
                0x0000000020000090                ADC_IRQHandler
                0x0000000020000090                TMR2_IRQHandler
                0x0000000020000090                USB_IRQHandler
                0x0000000020000090                I2C_IRQHandler
                0x0000000020000090                WDOG_BAT_IRQHandler
                0x0000000020000090                TMR3_IRQHandler
                0x0000000020000090                SW_Handler
                0x0000000020000090                SPI0_IRQHandler
                0x0000000020000090                UART3_IRQHandler
                0x0000000020000090                TMR1_IRQHandler
 *(.highcode)
 .highcode      0x0000000020000092      0x4dc ./StdPeriphDriver/CH59x_pwr.o
                0x0000000020000092                LowPower_Idle
                0x00000000200000ce                LowPower_Halt
                0x00000000200001f4                LowPower_Sleep
                0x00000000200003fc                LowPower_Shutdown
 .highcode      0x000000002000056e      0x2b0 ./StdPeriphDriver/CH59x_sys.o
                0x000000002000056e                SetSysClock
                0x0000000020000710                SYS_ResetExecute
                0x0000000020000768                HardFault_Handler
                0x00000000200007e8                mDelayuS
                0x00000000200007f6                mDelaymS
 *fill*         0x000000002000081e        0x2 
 .highcode      0x0000000020000820       0x4e ./LIB/ble_task_scheduler.o
                0x0000000020000820                Ecall_U_Mode_Handler
                0x0000000020000820                Ecall_M_Mode_Handler
 .highcode      0x000000002000086e       0x2e ./HAL/RTC.o
                0x0000000020000886                RTC_IRQHandler
 .highcode      0x000000002000089c       0xe4 ./APP/broadcaster.o
                0x000000002000089c                sample_battery_voltage
                0x0000000020000922                set_battery
                0x0000000020000968                update_advert_data
 .highcode      0x0000000020000980        0xa ./APP/broadcaster_main.o
                0x0000000020000980                Main_Circulation
 .highcode      0x000000002000098a      0x426 C:\Users\bitshen\Desktop\Broadcaster-CH592\StdPeriphDriver\libISP592.a(ISP583.o)
                0x000000002000098a                FLASH_ROM_BEG
                0x000000002000099c                FLASH_ROM_END
                0x00000000200009aa                FLASH_ROM_IN
                0x00000000200009b8                FLASH_ROM_OUT
                0x00000000200009c6                FLASH_ROM_ADDR
                0x0000000020000a0e                FLASH_ROM_WAIT
                0x0000000020000a46                FLASH_EEPROM_CMD
 .highcode      0x0000000020000db0      0x56e C:\Users\bitshen\Desktop\Broadcaster-CH592\LIB\libCH59xBLE.a(tmos.o)
                0x0000000020000db0                tmos_memcpy
                0x0000000020000dea                tmos_memcpy_word
                0x0000000020000e1a                tmos_memset
                0x0000000020000e48                tmos_strlen
                0x0000000020000e74                tmos_memdup
                0x0000000020000ec2                tmos_memcmp
                0x0000000020000f0c                tmos_revmemcpy
                0x0000000020000f40                tmos_isbufset
                0x00000000200010c2                ble_controller_func
                0x0000000020001102                TMOS_SystemProcess
 .highcode      0x000000002000131e       0x36 C:\Users\bitshen\Desktop\Broadcaster-CH592\LIB\libCH59xBLE.a(tmos_hw.o)
 .highcode      0x0000000020001354       0x4e C:\Users\bitshen\Desktop\Broadcaster-CH592\LIB\libCH59xBLE.a(ll_whitelist.o)
                0x0000000020001354                LL_WhitelistLookup
 .highcode      0x00000000200013a2      0x10c C:\Users\bitshen\Desktop\Broadcaster-CH592\LIB\libCH59xBLE.a(bb.o)
                0x00000000200013a2                BB_IRQLibHandler
                0x00000000200014a8                BB_IRQLibFunction
 .highcode      0x00000000200014ae      0x1e6 C:\Users\bitshen\Desktop\Broadcaster-CH592\LIB\libCH59xBLE.a(ip.o)
                0x00000000200014ae                ll_rx_wait_finish
                0x00000000200014ec                ble_ll_chkcrc
                0x000000002000157e                ll_tx_wait_finish
 .highcode      0x0000000020001694      0x1f8 C:\Users\bitshen\Desktop\Broadcaster-CH592\LIB\libCH59xBLE.a(lle.o)
                0x0000000020001694                LLE_IRQSubHandler
 .highcode      0x000000002000188c       0x3a C:\Users\bitshen\Desktop\Broadcaster-CH592\LIB\libCH59xBLE.a(rfend.o)
                0x000000002000188c                RFEND_WaitTune
 .highcode      0x00000000200018c6      0x1ee C:\Users\bitshen\Desktop\Broadcaster-CH592\LIB\libCH59xBLE.a(memory.o)
                0x00000000200018c6                tmos_memory_allocate
                0x00000000200019b4                tmos_memory_free
 .highcode      0x0000000020001ab4       0xd8 C:\Users\bitshen\Desktop\Broadcaster-CH592\LIB\libCH59xBLE.a(ll_resolvinglist.o)
                0x0000000020001ab4                LL_ResolvinglistPeerIdentifyAddressGetIrk
                0x0000000020001b08                LL_ResolvinglistPeerRpaAddressGetIrk
                0x0000000020001b4a                LL_ResolvinglistLocalRpaAddressGetIrk
 *(.highcode.*)
 *fill*         0x0000000020001b8c        0x0 
 .highcode.LLE_IRQHandler
                0x0000000020001b8c       0x86 ./LIB/ble_task_scheduler.o
                0x0000000020001b8c                LLE_IRQHandler
 *fill*         0x0000000020001c12        0x2 
 .highcode.ble_controller_scheduler
                0x0000000020001c14        0xa C:\Users\bitshen\Desktop\Broadcaster-CH592\LIB\libCH59xBLE.a(ble_task_process.o)
 *fill*         0x0000000020001c1e        0x2 
 .highcode.LLE_IRQLibHandler
                0x0000000020001c20       0x3a C:\Users\bitshen\Desktop\Broadcaster-CH592\LIB\libCH59xBLE.a(ble_task_process.o)
                0x0000000020001c20                LLE_IRQLibHandler
                0x0000000020001c5c                . = ALIGN (0x4)
 *fill*         0x0000000020001c5a        0x2 
                0x0000000020001c5c                PROVIDE (_highcode_vma_end = .)

.text           0x0000000000001c60    0x1b57c
                0x0000000000001c60                . = ALIGN (0x4)
 *(SORT_NONE(.handle_reset))
 .handle_reset  0x0000000000001c60       0xae ./Startup/startup_CH592.o
                0x0000000000001c60                handle_reset
 *(.text)
 .text          0x0000000000001d0e       0x16 e:/mounriver/mounriver_studio/toolchain/risc-v embedded gcc12/bin/../lib/gcc/riscv-none-elf/12.2.0/../../../../riscv-none-elf/lib\libg_nano.a(lib_a-memcpy-asm.o)
                0x0000000000001d0e                memcpy
 *(.text.*)
 .text.ADC_DataCalib_Rough
                0x0000000000001d24       0x92 ./StdPeriphDriver/CH59x_adc.o
                0x0000000000001d24                ADC_DataCalib_Rough
 .text.ADC_InterBATSampInit
                0x0000000000001db6       0x2a ./StdPeriphDriver/CH59x_adc.o
                0x0000000000001db6                ADC_InterBATSampInit
 .text.ADC_ExcutSingleConver
                0x0000000000001de0       0x22 ./StdPeriphDriver/CH59x_adc.o
                0x0000000000001de0                ADC_ExcutSingleConver
 .text.HSECFG_Current
                0x0000000000001e02       0x4e ./StdPeriphDriver/CH59x_clk.o
                0x0000000000001e02                HSECFG_Current
 .text.RTC_InitTime
                0x0000000000001e50      0x1e8 ./StdPeriphDriver/CH59x_clk.o
                0x0000000000001e50                RTC_InitTime
 .text.RTC_GetCycle32k
                0x0000000000002038       0x18 ./StdPeriphDriver/CH59x_clk.o
                0x0000000000002038                RTC_GetCycle32k
 .text.GPIOA_ModeCfg
                0x0000000000002050       0x9e ./StdPeriphDriver/CH59x_gpio.o
                0x0000000000002050                GPIOA_ModeCfg
 .text.GPIOB_ModeCfg
                0x00000000000020ee       0x9e ./StdPeriphDriver/CH59x_gpio.o
                0x00000000000020ee                GPIOB_ModeCfg
 .text.PWR_DCDCCfg
                0x000000000000218c      0x120 ./StdPeriphDriver/CH59x_pwr.o
                0x000000000000218c                PWR_DCDCCfg
 .text.SYS_DisableAllIrq
                0x00000000000022ac       0x1c ./StdPeriphDriver/CH59x_sys.o
                0x00000000000022ac                SYS_DisableAllIrq
 .text.SYS_RecoverIrq
                0x00000000000022c8       0x14 ./StdPeriphDriver/CH59x_sys.o
                0x00000000000022c8                SYS_RecoverIrq
 .text.SYS_GetSysTickCnt
                0x00000000000022dc        0xa ./StdPeriphDriver/CH59x_sys.o
                0x00000000000022dc                SYS_GetSysTickCnt
 .text.HAL_ProcessEvent
                0x00000000000022e6       0x52 ./HAL/MCU.o
                0x00000000000022e6                HAL_ProcessEvent
 .text.CH59x_BLEInit
                0x0000000000002338       0xec ./HAL/MCU.o
                0x0000000000002338                CH59x_BLEInit
 .text.HAL_Init
                0x0000000000002424       0x1c ./HAL/MCU.o
                0x0000000000002424                HAL_Init
 .text.RTC_SetTignTime
                0x0000000000002440       0x44 ./HAL/RTC.o
                0x0000000000002440                RTC_SetTignTime
 .text.HAL_TimeInit
                0x0000000000002484       0xbc ./HAL/RTC.o
                0x0000000000002484                HAL_TimeInit
 .text.CH59x_LowPower
                0x0000000000002540       0x82 ./HAL/SLEEP.o
                0x0000000000002540                CH59x_LowPower
 .text.HAL_SleepInit
                0x00000000000025c2       0x8a ./HAL/SLEEP.o
                0x00000000000025c2                HAL_SleepInit
 .text.Broadcaster_StateNotificationCB
                0x000000000000264c        0x2 ./APP/broadcaster.o
 .text.Broadcaster_ProcessEvent
                0x000000000000264e       0x76 ./APP/broadcaster.o
                0x000000000000264e                Broadcaster_ProcessEvent
 .text.Broadcaster_Init
                0x00000000000026c4       0xcc ./APP/broadcaster.o
                0x00000000000026c4                Broadcaster_Init
 .text.startup.main
                0x0000000000002790       0x34 ./APP/broadcaster_main.o
                0x0000000000002790                main
 .text.tmos_msg_enqueue
                0x00000000000027c4       0x1e C:\Users\bitshen\Desktop\Broadcaster-CH592\LIB\libCH59xBLE.a(message.o)
                0x00000000000027c4                tmos_msg_enqueue
 .text.tmos_msg_deallocate
                0x00000000000027e2       0x4e C:\Users\bitshen\Desktop\Broadcaster-CH592\LIB\libCH59xBLE.a(message.o)
                0x00000000000027e2                tmos_msg_deallocate
 .text.tmos_msg_allocate
                0x0000000000002830       0x68 C:\Users\bitshen\Desktop\Broadcaster-CH592\LIB\libCH59xBLE.a(message.o)
                0x0000000000002830                tmos_msg_allocate
 .text.tmos_msg_receive
                0x0000000000002898       0x86 C:\Users\bitshen\Desktop\Broadcaster-CH592\LIB\libCH59xBLE.a(message.o)
                0x0000000000002898                tmos_msg_receive
 .text.tmos_msg_send
                0x000000000000291e       0x8c C:\Users\bitshen\Desktop\Broadcaster-CH592\LIB\libCH59xBLE.a(message.o)
                0x000000000000291e                tmos_msg_send
 .text.tmos_msg_init
                0x00000000000029aa        0xa C:\Users\bitshen\Desktop\Broadcaster-CH592\LIB\libCH59xBLE.a(message.o)
                0x00000000000029aa                tmos_msg_init
 .text.tmosFindTask
                0x00000000000029b4       0x24 C:\Users\bitshen\Desktop\Broadcaster-CH592\LIB\libCH59xBLE.a(tmos.o)
 .text.TMOS_CB_PeriodicProcessEvent
                0x00000000000029d8       0x86 C:\Users\bitshen\Desktop\Broadcaster-CH592\LIB\libCH59xBLE.a(tmos.o)
                0x00000000000029d8                TMOS_CB_PeriodicProcessEvent
 .text.TMOS_CB_ProcessEvent
                0x0000000000002a5e       0x80 C:\Users\bitshen\Desktop\Broadcaster-CH592\LIB\libCH59xBLE.a(tmos.o)
                0x0000000000002a5e                TMOS_CB_ProcessEvent
 .text.tmos_rand
                0x0000000000002ade       0x70 C:\Users\bitshen\Desktop\Broadcaster-CH592\LIB\libCH59xBLE.a(tmos.o)
                0x0000000000002ade                tmos_rand
 .text.tmos_start_periodic_callback_task
                0x0000000000002b4e      0x11a C:\Users\bitshen\Desktop\Broadcaster-CH592\LIB\libCH59xBLE.a(tmos.o)
                0x0000000000002b4e                tmos_start_periodic_callback_task
 .text.tmos_set_event
                0x0000000000002c68       0x46 C:\Users\bitshen\Desktop\Broadcaster-CH592\LIB\libCH59xBLE.a(tmos.o)
                0x0000000000002c68                tmos_set_event
 .text.tmos_clear_event
                0x0000000000002cae       0x4a C:\Users\bitshen\Desktop\Broadcaster-CH592\LIB\libCH59xBLE.a(tmos.o)
                0x0000000000002cae                tmos_clear_event
 .text.tmos_update_callback_timer
                0x0000000000002cf8       0xde C:\Users\bitshen\Desktop\Broadcaster-CH592\LIB\libCH59xBLE.a(tmos.o)
                0x0000000000002cf8                tmos_update_callback_timer
 .text.tmos_start_task
                0x0000000000002dd6      0x15e C:\Users\bitshen\Desktop\Broadcaster-CH592\LIB\libCH59xBLE.a(tmos.o)
                0x0000000000002dd6                tmos_start_task
 .text.tmos_start_callback_task
                0x0000000000002f34       0xc2 C:\Users\bitshen\Desktop\Broadcaster-CH592\LIB\libCH59xBLE.a(tmos.o)
                0x0000000000002f34                tmos_start_callback_task
 .text.tmos_start_reload_task
                0x0000000000002ff6       0x70 C:\Users\bitshen\Desktop\Broadcaster-CH592\LIB\libCH59xBLE.a(tmos.o)
                0x0000000000002ff6                tmos_start_reload_task
 .text.tmos_stop_task
                0x0000000000003066       0x6c C:\Users\bitshen\Desktop\Broadcaster-CH592\LIB\libCH59xBLE.a(tmos.o)
                0x0000000000003066                tmos_stop_task
 .text.tmos_stop_callback_task
                0x00000000000030d2       0x7c C:\Users\bitshen\Desktop\Broadcaster-CH592\LIB\libCH59xBLE.a(tmos.o)
                0x00000000000030d2                tmos_stop_callback_task
 .text.tmos_get_task_timer
                0x000000000000314e       0x7e C:\Users\bitshen\Desktop\Broadcaster-CH592\LIB\libCH59xBLE.a(tmos.o)
                0x000000000000314e                tmos_get_task_timer
 .text.tmos_proces_idle
                0x00000000000031cc      0x124 C:\Users\bitshen\Desktop\Broadcaster-CH592\LIB\libCH59xBLE.a(tmos.o)
                0x00000000000031cc                tmos_proces_idle
 .text.TMOS_TimerRegister
                0x00000000000032f0       0x1e C:\Users\bitshen\Desktop\Broadcaster-CH592\LIB\libCH59xBLE.a(tmos.o)
                0x00000000000032f0                TMOS_TimerRegister
 .text.TMOS_ProcessRegister
                0x000000000000330e       0x16 C:\Users\bitshen\Desktop\Broadcaster-CH592\LIB\libCH59xBLE.a(tmos.o)
                0x000000000000330e                TMOS_ProcessRegister
 .text.TMOS_SysRegister
                0x0000000000003324       0x16 C:\Users\bitshen\Desktop\Broadcaster-CH592\LIB\libCH59xBLE.a(tmos.o)
                0x0000000000003324                TMOS_SysRegister
 .text.TMOS_Init
                0x000000000000333a      0x13e C:\Users\bitshen\Desktop\Broadcaster-CH592\LIB\libCH59xBLE.a(tmos.o)
                0x000000000000333a                TMOS_Init
 .text.TMOS_ProcessEventRegister
                0x0000000000003478       0x3c C:\Users\bitshen\Desktop\Broadcaster-CH592\LIB\libCH59xBLE.a(tmos.o)
                0x0000000000003478                TMOS_ProcessEventRegister
 .text.BLE_LibInit
                0x00000000000034b4      0x14c C:\Users\bitshen\Desktop\Broadcaster-CH592\LIB\libCH59xBLE.a(tmos.o)
                0x00000000000034b4                BLE_LibInit
 .text.clockGetTickValve
                0x0000000000003600       0x7e C:\Users\bitshen\Desktop\Broadcaster-CH592\LIB\libCH59xBLE.a(tmos_hw.o)
 .text.ll_get_sca_own
                0x000000000000367e       0x46 C:\Users\bitshen\Desktop\Broadcaster-CH592\LIB\libCH59xBLE.a(tmos_hw.o)
                0x000000000000367e                ll_get_sca_own
 .text.ble_ll_common_rand8
                0x00000000000036c4       0x24 C:\Users\bitshen\Desktop\Broadcaster-CH592\LIB\libCH59xBLE.a(tmos_hw.o)
                0x00000000000036c4                ble_ll_common_rand8
 .text.ble_ll_common_rand16
                0x00000000000036e8       0x24 C:\Users\bitshen\Desktop\Broadcaster-CH592\LIB\libCH59xBLE.a(tmos_hw.o)
                0x00000000000036e8                ble_ll_common_rand16
 .text.ble_ll_common_rand32
                0x000000000000370c       0x20 C:\Users\bitshen\Desktop\Broadcaster-CH592\LIB\libCH59xBLE.a(tmos_hw.o)
                0x000000000000370c                ble_ll_common_rand32
 .text.TMOS_TempSample
                0x000000000000372c       0x62 C:\Users\bitshen\Desktop\Broadcaster-CH592\LIB\libCH59xBLE.a(tmos_hw.o)
                0x000000000000372c                TMOS_TempSample
 .text.TMOS_TimerInit
                0x000000000000378e       0xec C:\Users\bitshen\Desktop\Broadcaster-CH592\LIB\libCH59xBLE.a(tmos_hw.o)
                0x000000000000378e                TMOS_TimerInit
 .text.tmos_snv_init
                0x000000000000387a       0xc0 C:\Users\bitshen\Desktop\Broadcaster-CH592\LIB\libCH59xBLE.a(tmos_snv.o)
                0x000000000000387a                tmos_snv_init
 .text.tmos_snv_read
                0x000000000000393a      0x294 C:\Users\bitshen\Desktop\Broadcaster-CH592\LIB\libCH59xBLE.a(tmos_snv.o)
                0x000000000000393a                tmos_snv_read
 .text.tmos_snv_notify
                0x0000000000003bce       0x5a C:\Users\bitshen\Desktop\Broadcaster-CH592\LIB\libCH59xBLE.a(tmos_snv.o)
                0x0000000000003bce                tmos_snv_notify
 .text.tmos_snv_write
                0x0000000000003c28      0x2d2 C:\Users\bitshen\Desktop\Broadcaster-CH592\LIB\libCH59xBLE.a(tmos_snv.o)
                0x0000000000003c28                tmos_snv_write
 .text.tmos_snv_compact
                0x0000000000003efa        0x4 C:\Users\bitshen\Desktop\Broadcaster-CH592\LIB\libCH59xBLE.a(tmos_snv.o)
                0x0000000000003efa                tmos_snv_compact
 .text.disconnectNext
                0x0000000000003efe       0x22 C:\Users\bitshen\Desktop\Broadcaster-CH592\LIB\libCH59xBLE.a(gap.o)
 .text.GAP_ParamInit
                0x0000000000003f20      0x164 C:\Users\bitshen\Desktop\Broadcaster-CH592\LIB\libCH59xBLE.a(gap.o)
                0x0000000000003f20                GAP_ParamInit
 .text.sendTerminateEvent
                0x0000000000004084       0x58 C:\Users\bitshen\Desktop\Broadcaster-CH592\LIB\libCH59xBLE.a(gap.o)
                0x0000000000004084                sendTerminateEvent
 .text.gapRegisterCentral
                0x00000000000040dc        0x6 C:\Users\bitshen\Desktop\Broadcaster-CH592\LIB\libCH59xBLE.a(gap.o)
                0x00000000000040dc                gapRegisterCentral
 .text.gapRegisterCentralConn
                0x00000000000040e2        0x6 C:\Users\bitshen\Desktop\Broadcaster-CH592\LIB\libCH59xBLE.a(gap.o)
                0x00000000000040e2                gapRegisterCentralConn
 .text.gapRegisterPeripheral
                0x00000000000040e8        0x6 C:\Users\bitshen\Desktop\Broadcaster-CH592\LIB\libCH59xBLE.a(gap.o)
                0x00000000000040e8                gapRegisterPeripheral
 .text.gapRegisterPeripheralConn
                0x00000000000040ee        0x6 C:\Users\bitshen\Desktop\Broadcaster-CH592\LIB\libCH59xBLE.a(gap.o)
                0x00000000000040ee                gapRegisterPeripheralConn
 .text.smGenerateRandBuf
                0x00000000000040f4       0x56 C:\Users\bitshen\Desktop\Broadcaster-CH592\LIB\libCH59xBLE.a(gap.o)
                0x00000000000040f4                smGenerateRandBuf
 .text.gapL2capConnParamUpdateReq
                0x000000000000414a       0x36 C:\Users\bitshen\Desktop\Broadcaster-CH592\LIB\libCH59xBLE.a(gap.o)
                0x000000000000414a                gapL2capConnParamUpdateReq
 .text.gapValidADType
                0x0000000000004180       0x16 C:\Users\bitshen\Desktop\Broadcaster-CH592\LIB\libCH59xBLE.a(gap.o)
                0x0000000000004180                gapValidADType
 .text.gapFindADType
                0x0000000000004196       0x92 C:\Users\bitshen\Desktop\Broadcaster-CH592\LIB\libCH59xBLE.a(gap.o)
                0x0000000000004196                gapFindADType
 .text.GAP_SecParamsInit
                0x0000000000004228       0xaa C:\Users\bitshen\Desktop\Broadcaster-CH592\LIB\libCH59xBLE.a(gap.o)
                0x0000000000004228                GAP_SecParamsInit
 .text.GAP_ParamsInit
                0x00000000000042d2       0x50 C:\Users\bitshen\Desktop\Broadcaster-CH592\LIB\libCH59xBLE.a(gap.o)
                0x00000000000042d2                GAP_ParamsInit
 .text.gapAddAddrAdj
                0x0000000000004322       0x48 C:\Users\bitshen\Desktop\Broadcaster-CH592\LIB\libCH59xBLE.a(gap.o)
                0x0000000000004322                gapAddAddrAdj
 .text.gapDetermineAddrType
                0x000000000000436a       0x28 C:\Users\bitshen\Desktop\Broadcaster-CH592\LIB\libCH59xBLE.a(gap.o)
                0x000000000000436a                gapDetermineAddrType
 .text.gapFreeAuthLink
                0x0000000000004392       0x4a C:\Users\bitshen\Desktop\Broadcaster-CH592\LIB\libCH59xBLE.a(gap.o)
                0x0000000000004392                gapFreeAuthLink
 .text.gapGetDevAddress
                0x00000000000043dc       0x24 C:\Users\bitshen\Desktop\Broadcaster-CH592\LIB\libCH59xBLE.a(gap.o)
                0x00000000000043dc                gapGetDevAddress
 .text.gapGetDevAddressMode
                0x0000000000004400        0xa C:\Users\bitshen\Desktop\Broadcaster-CH592\LIB\libCH59xBLE.a(gap.o)
                0x0000000000004400                gapGetDevAddressMode
 .text.gapGetIRK
                0x000000000000440a        0xc C:\Users\bitshen\Desktop\Broadcaster-CH592\LIB\libCH59xBLE.a(gap.o)
                0x000000000000440a                gapGetIRK
 .text.gapGetSRK
                0x0000000000004416        0xc C:\Users\bitshen\Desktop\Broadcaster-CH592\LIB\libCH59xBLE.a(gap.o)
                0x0000000000004416                gapGetSRK
 .text.gapGetSignCounter
                0x0000000000004422        0xe C:\Users\bitshen\Desktop\Broadcaster-CH592\LIB\libCH59xBLE.a(gap.o)
                0x0000000000004422                gapGetSignCounter
 .text.gapIncSignCounter
                0x0000000000004430       0x28 C:\Users\bitshen\Desktop\Broadcaster-CH592\LIB\libCH59xBLE.a(gap.o)
                0x0000000000004430                gapIncSignCounter
 .text.gapProcessConnEvt
                0x0000000000004458       0x48 C:\Users\bitshen\Desktop\Broadcaster-CH592\LIB\libCH59xBLE.a(gap.o)
                0x0000000000004458                gapProcessConnEvt
 .text.gapProcessDisconnectCompleteEvt
                0x00000000000044a0       0xa4 C:\Users\bitshen\Desktop\Broadcaster-CH592\LIB\libCH59xBLE.a(gap.o)
                0x00000000000044a0                gapProcessDisconnectCompleteEvt
 .text.sendAuthEvent
                0x0000000000004544      0x11e C:\Users\bitshen\Desktop\Broadcaster-CH592\LIB\libCH59xBLE.a(gap.o)
                0x0000000000004544                sendAuthEvent
 .text.gapSendBondCompleteEvent
                0x0000000000004662       0x74 C:\Users\bitshen\Desktop\Broadcaster-CH592\LIB\libCH59xBLE.a(gap.o)
                0x0000000000004662                gapSendBondCompleteEvent
 .text.gapSendPairingReqEvent
                0x00000000000046d6       0x96 C:\Users\bitshen\Desktop\Broadcaster-CH592\LIB\libCH59xBLE.a(gap.o)
                0x00000000000046d6                gapSendPairingReqEvent
 .text.gapSendSlaveSecurityReqEvent
                0x000000000000476c       0x68 C:\Users\bitshen\Desktop\Broadcaster-CH592\LIB\libCH59xBLE.a(gap.o)
                0x000000000000476c                gapSendSlaveSecurityReqEvent
 .text.gapSendDeviceInitDoneEvent
                0x00000000000047d4       0x88 C:\Users\bitshen\Desktop\Broadcaster-CH592\LIB\libCH59xBLE.a(gap.o)
                0x00000000000047d4                gapSendDeviceInitDoneEvent
 .text.gapSendLinkUpdateEvent
                0x000000000000485c       0xb2 C:\Users\bitshen\Desktop\Broadcaster-CH592\LIB\libCH59xBLE.a(gap.o)
                0x000000000000485c                gapSendLinkUpdateEvent
 .text.gapSendPhyUpdateEvent
                0x000000000000490e       0x58 C:\Users\bitshen\Desktop\Broadcaster-CH592\LIB\libCH59xBLE.a(gap.o)
                0x000000000000490e                gapSendPhyUpdateEvent
 .text.gapSendEstLinkEvent
                0x0000000000004966       0xbc C:\Users\bitshen\Desktop\Broadcaster-CH592\LIB\libCH59xBLE.a(gap.o)
                0x0000000000004966                gapSendEstLinkEvent
 .text.gapProcessNewAddr
                0x0000000000004a22       0x3e C:\Users\bitshen\Desktop\Broadcaster-CH592\LIB\libCH59xBLE.a(gap.o)
                0x0000000000004a22                gapProcessNewAddr
 .text.gapProcessRandomAddrComplete
                0x0000000000004a60       0xb6 C:\Users\bitshen\Desktop\Broadcaster-CH592\LIB\libCH59xBLE.a(gap.o)
                0x0000000000004a60                gapProcessRandomAddrComplete
 .text.GAP_Authenticate
                0x0000000000004b16       0xde C:\Users\bitshen\Desktop\Broadcaster-CH592\LIB\libCH59xBLE.a(gap.o)
                0x0000000000004b16                GAP_Authenticate
 .text.GAP_Bond
                0x0000000000004bf4       0xaa C:\Users\bitshen\Desktop\Broadcaster-CH592\LIB\libCH59xBLE.a(gap.o)
                0x0000000000004bf4                GAP_Bond
 .text.GAP_GetParamValue
                0x0000000000004c9e       0x20 C:\Users\bitshen\Desktop\Broadcaster-CH592\LIB\libCH59xBLE.a(gap.o)
                0x0000000000004c9e                GAP_GetParamValue
 .text.GAP_PasscodeUpdate
                0x0000000000004cbe       0x54 C:\Users\bitshen\Desktop\Broadcaster-CH592\LIB\libCH59xBLE.a(gap.o)
                0x0000000000004cbe                GAP_PasscodeUpdate
 .text.GAP_RegisterForMsgs
                0x0000000000004d12        0xa C:\Users\bitshen\Desktop\Broadcaster-CH592\LIB\libCH59xBLE.a(gap.o)
                0x0000000000004d12                GAP_RegisterForMsgs
 .text.GAP_ResolvePrivateAddr
                0x0000000000004d1c        0x4 C:\Users\bitshen\Desktop\Broadcaster-CH592\LIB\libCH59xBLE.a(gap.o)
                0x0000000000004d1c                GAP_ResolvePrivateAddr
 .text.gapPairingCompleteCB
                0x0000000000004d20      0x18c C:\Users\bitshen\Desktop\Broadcaster-CH592\LIB\libCH59xBLE.a(gap.o)
                0x0000000000004d20                gapPairingCompleteCB
 .text.gapPasskeyNeededCB
                0x0000000000004eac       0x8e C:\Users\bitshen\Desktop\Broadcaster-CH592\LIB\libCH59xBLE.a(gap.o)
                0x0000000000004eac                gapPasskeyNeededCB
 .text.gapOobNeededCB
                0x0000000000004f3a       0xa6 C:\Users\bitshen\Desktop\Broadcaster-CH592\LIB\libCH59xBLE.a(gap.o)
                0x0000000000004f3a                gapOobNeededCB
 .text.gapFreeEstLink
                0x0000000000004fe0       0x20 C:\Users\bitshen\Desktop\Broadcaster-CH592\LIB\libCH59xBLE.a(gap.o)
                0x0000000000004fe0                gapFreeEstLink
 .text.gapUpdateConnSignCounter
                0x0000000000005000       0x7a C:\Users\bitshen\Desktop\Broadcaster-CH592\LIB\libCH59xBLE.a(gap.o)
                0x0000000000005000                gapUpdateConnSignCounter
 .text.GAP_TerminateAuth
                0x000000000000507a       0x2a C:\Users\bitshen\Desktop\Broadcaster-CH592\LIB\libCH59xBLE.a(gap.o)
                0x000000000000507a                GAP_TerminateAuth
 .text.GAP_NumActiveConnections
                0x00000000000050a4        0x4 C:\Users\bitshen\Desktop\Broadcaster-CH592\LIB\libCH59xBLE.a(gap.o)
                0x00000000000050a4                GAP_NumActiveConnections
 .text.GAP_TerminateLinkReq
                0x00000000000050a8       0x8e C:\Users\bitshen\Desktop\Broadcaster-CH592\LIB\libCH59xBLE.a(gap.o)
                0x00000000000050a8                GAP_TerminateLinkReq
 .text.GAP_SetParamValue
                0x0000000000005136       0x6c C:\Users\bitshen\Desktop\Broadcaster-CH592\LIB\libCH59xBLE.a(gap.o)
                0x0000000000005136                GAP_SetParamValue
 .text.GAP_Init
                0x00000000000051a2       0x48 C:\Users\bitshen\Desktop\Broadcaster-CH592\LIB\libCH59xBLE.a(gap.o)
                0x00000000000051a2                GAP_Init
 .text.GAP_ProcessEvent
                0x00000000000051ea      0x66a C:\Users\bitshen\Desktop\Broadcaster-CH592\LIB\libCH59xBLE.a(gap.o)
                0x00000000000051ea                GAP_ProcessEvent
 .text.gapSendScanEnable
                0x0000000000005854       0x3a C:\Users\bitshen\Desktop\Broadcaster-CH592\LIB\libCH59xBLE.a(gap_central.o)
 .text.gapCentProcessConnEvt
                0x000000000000588e      0x168 C:\Users\bitshen\Desktop\Broadcaster-CH592\LIB\libCH59xBLE.a(gap_central.o)
                0x000000000000588e                gapCentProcessConnEvt
 .text.gapProcessScanningPeriodicAdvEvt
                0x00000000000059f6       0xa0 C:\Users\bitshen\Desktop\Broadcaster-CH592\LIB\libCH59xBLE.a(gap_central.o)
                0x00000000000059f6                gapProcessScanningPeriodicAdvEvt
 .text.gapCancelLinkReq
                0x0000000000005a96       0x38 C:\Users\bitshen\Desktop\Broadcaster-CH592\LIB\libCH59xBLE.a(gap_central.o)
                0x0000000000005a96                gapCancelLinkReq
 .text.gapProcessAdvertDevInfo
                0x0000000000005ace      0x242 C:\Users\bitshen\Desktop\Broadcaster-CH592\LIB\libCH59xBLE.a(gap_central.o)
                0x0000000000005ace                gapProcessAdvertDevInfo
 .text.gapProcessExtAdvertDevInfo
                0x0000000000005d10      0x260 C:\Users\bitshen\Desktop\Broadcaster-CH592\LIB\libCH59xBLE.a(gap_central.o)
                0x0000000000005d10                gapProcessExtAdvertDevInfo
 .text.gapProcessPeriodicAdvertisingSyncEstablishedEvt
                0x0000000000005f70       0xae C:\Users\bitshen\Desktop\Broadcaster-CH592\LIB\libCH59xBLE.a(gap_central.o)
                0x0000000000005f70                gapProcessPeriodicAdvertisingSyncEstablishedEvt
 .text.gapProcessPeriodicAdvertisingSyncLostEvt
                0x000000000000601e       0x56 C:\Users\bitshen\Desktop\Broadcaster-CH592\LIB\libCH59xBLE.a(gap_central.o)
                0x000000000000601e                gapProcessPeriodicAdvertisingSyncLostEvt
 .text.gapFreeScanRecs
                0x0000000000006074       0xa6 C:\Users\bitshen\Desktop\Broadcaster-CH592\LIB\libCH59xBLE.a(gap_central.o)
                0x0000000000006074                gapFreeScanRecs
 .text.gapSendDevDiscEvent
                0x000000000000611a      0x124 C:\Users\bitshen\Desktop\Broadcaster-CH592\LIB\libCH59xBLE.a(gap_central.o)
                0x000000000000611a                gapSendDevDiscEvent
 .text.gapSetScanParamStatus
                0x000000000000623e       0x56 C:\Users\bitshen\Desktop\Broadcaster-CH592\LIB\libCH59xBLE.a(gap_central.o)
 .text.gapCentProcessHCICmdEvt
                0x0000000000006294       0x3c C:\Users\bitshen\Desktop\Broadcaster-CH592\LIB\libCH59xBLE.a(gap_central.o)
                0x0000000000006294                gapCentProcessHCICmdEvt
 .text.gapProcessScanningEvt
                0x00000000000062d0      0x10e C:\Users\bitshen\Desktop\Broadcaster-CH592\LIB\libCH59xBLE.a(gap_central.o)
                0x00000000000062d0                gapProcessScanningEvt
 .text.gapProcessScanningDirectEvt
                0x00000000000063de       0xfc C:\Users\bitshen\Desktop\Broadcaster-CH592\LIB\libCH59xBLE.a(gap_central.o)
                0x00000000000063de                gapProcessScanningDirectEvt
 .text.gapProcessScanningExtAdvEvt
                0x00000000000064da      0x2c4 C:\Users\bitshen\Desktop\Broadcaster-CH592\LIB\libCH59xBLE.a(gap_central.o)
                0x00000000000064da                gapProcessScanningExtAdvEvt
 .text.GAP_CentConnRegister
                0x000000000000679e       0x1a C:\Users\bitshen\Desktop\Broadcaster-CH592\LIB\libCH59xBLE.a(gap_central.o)
                0x000000000000679e                GAP_CentConnRegister
 .text.GAP_CentralParamInit
                0x00000000000067b8       0x6e C:\Users\bitshen\Desktop\Broadcaster-CH592\LIB\libCH59xBLE.a(gap_central.o)
                0x00000000000067b8                GAP_CentralParamInit
 .text.GAP_CentDevMgrInit
                0x0000000000006826       0x9c C:\Users\bitshen\Desktop\Broadcaster-CH592\LIB\libCH59xBLE.a(gap_central.o)
                0x0000000000006826                GAP_CentDevMgrInit
 .text.gapFreeAdvertState
                0x00000000000068c2       0x20 C:\Users\bitshen\Desktop\Broadcaster-CH592\LIB\libCH59xBLE.a(gap_peripheral.o)
 .text.gapSetPeriodicAdvParams
                0x00000000000068e2       0x30 C:\Users\bitshen\Desktop\Broadcaster-CH592\LIB\libCH59xBLE.a(gap_peripheral.o)
 .text.gapSetConnectionlessCTEParams
                0x0000000000006912       0x54 C:\Users\bitshen\Desktop\Broadcaster-CH592\LIB\libCH59xBLE.a(gap_peripheral.o)
 .text.gapSetAdvParams
                0x0000000000006966       0xfc C:\Users\bitshen\Desktop\Broadcaster-CH592\LIB\libCH59xBLE.a(gap_peripheral.o)
 .text.gapPeriProcessConnEvt
                0x0000000000006a62       0xd0 C:\Users\bitshen\Desktop\Broadcaster-CH592\LIB\libCH59xBLE.a(gap_peripheral.o)
 .text.gapWriteAdvDataStatus
                0x0000000000006b32       0x8a C:\Users\bitshen\Desktop\Broadcaster-CH592\LIB\libCH59xBLE.a(gap_peripheral.o)
 .text.GAP_MakeDiscoverable
                0x0000000000006bbc      0x174 C:\Users\bitshen\Desktop\Broadcaster-CH592\LIB\libCH59xBLE.a(gap_peripheral.o)
                0x0000000000006bbc                GAP_MakeDiscoverable
 .text.GAP_EndDiscoverable
                0x0000000000006d30       0x66 C:\Users\bitshen\Desktop\Broadcaster-CH592\LIB\libCH59xBLE.a(gap_peripheral.o)
                0x0000000000006d30                GAP_EndDiscoverable
 .text.gapProcessAdvertisingEvt
                0x0000000000006d96      0x116 C:\Users\bitshen\Desktop\Broadcaster-CH592\LIB\libCH59xBLE.a(gap_peripheral.o)
 .text.GAP_MakePeriodic
                0x0000000000006eac       0x26 C:\Users\bitshen\Desktop\Broadcaster-CH592\LIB\libCH59xBLE.a(gap_peripheral.o)
                0x0000000000006eac                GAP_MakePeriodic
 .text.GAP_EndPeriodic
                0x0000000000006ed2        0xc C:\Users\bitshen\Desktop\Broadcaster-CH592\LIB\libCH59xBLE.a(gap_peripheral.o)
                0x0000000000006ed2                GAP_EndPeriodic
 .text.GAP_MakeConnecttionlessCTE
                0x0000000000006ede       0x1a C:\Users\bitshen\Desktop\Broadcaster-CH592\LIB\libCH59xBLE.a(gap_peripheral.o)
                0x0000000000006ede                GAP_MakeConnecttionlessCTE
 .text.GAP_EndConnecttionlessCTE
                0x0000000000006ef8        0xc C:\Users\bitshen\Desktop\Broadcaster-CH592\LIB\libCH59xBLE.a(gap_peripheral.o)
                0x0000000000006ef8                GAP_EndConnecttionlessCTE
 .text.GAP_UpdateAdvertisingData
                0x0000000000006f04      0x136 C:\Users\bitshen\Desktop\Broadcaster-CH592\LIB\libCH59xBLE.a(gap_peripheral.o)
                0x0000000000006f04                GAP_UpdateAdvertisingData
 .text.GAP_SetAdvertisingAdvData
                0x000000000000703a      0x102 C:\Users\bitshen\Desktop\Broadcaster-CH592\LIB\libCH59xBLE.a(gap_peripheral.o)
                0x000000000000703a                GAP_SetAdvertisingAdvData
 .text.GAP_SetAdvertisingRspData
                0x000000000000713c      0x102 C:\Users\bitshen\Desktop\Broadcaster-CH592\LIB\libCH59xBLE.a(gap_peripheral.o)
                0x000000000000713c                GAP_SetAdvertisingRspData
 .text.GAP_SetPeriodicAdvertisingData
                0x000000000000723e       0xc6 C:\Users\bitshen\Desktop\Broadcaster-CH592\LIB\libCH59xBLE.a(gap_peripheral.o)
                0x000000000000723e                GAP_SetPeriodicAdvertisingData
 .text.GAP_GetAdvertisingAdvData
                0x0000000000007304       0x26 C:\Users\bitshen\Desktop\Broadcaster-CH592\LIB\libCH59xBLE.a(gap_peripheral.o)
                0x0000000000007304                GAP_GetAdvertisingAdvData
 .text.GAP_GetAdvertisingRspData
                0x000000000000732a       0x34 C:\Users\bitshen\Desktop\Broadcaster-CH592\LIB\libCH59xBLE.a(gap_peripheral.o)
                0x000000000000732a                GAP_GetAdvertisingRspData
 .text.GAP_GetPeriodicAdvertisingData
                0x000000000000735e       0x34 C:\Users\bitshen\Desktop\Broadcaster-CH592\LIB\libCH59xBLE.a(gap_peripheral.o)
                0x000000000000735e                GAP_GetPeriodicAdvertisingData
 .text.GAP_PeriConnRegister
                0x0000000000007392       0x2e C:\Users\bitshen\Desktop\Broadcaster-CH592\LIB\libCH59xBLE.a(gap_peripheral.o)
                0x0000000000007392                GAP_PeriConnRegister
 .text.GAP_PeripheralParamInit
                0x00000000000073c0       0x6c C:\Users\bitshen\Desktop\Broadcaster-CH592\LIB\libCH59xBLE.a(gap_peripheral.o)
                0x00000000000073c0                GAP_PeripheralParamInit
 .text.gapSendMakeDiscEvent
                0x000000000000742c       0x50 C:\Users\bitshen\Desktop\Broadcaster-CH592\LIB\libCH59xBLE.a(gap_peripheral.o)
                0x000000000000742c                gapSendMakeDiscEvent
 .text.gapWriteAdvEnableStatus
                0x000000000000747c      0x10e C:\Users\bitshen\Desktop\Broadcaster-CH592\LIB\libCH59xBLE.a(gap_peripheral.o)
 .text.gapSendMakePeriodicEvent
                0x000000000000758a       0x3a C:\Users\bitshen\Desktop\Broadcaster-CH592\LIB\libCH59xBLE.a(gap_peripheral.o)
                0x000000000000758a                gapSendMakePeriodicEvent
 .text.gapSendMakeConnectionlessCTEEvent
                0x00000000000075c4       0x3a C:\Users\bitshen\Desktop\Broadcaster-CH592\LIB\libCH59xBLE.a(gap_peripheral.o)
                0x00000000000075c4                gapSendMakeConnectionlessCTEEvent
 .text.gapPeriProcessHCICmdCompleteEvt
                0x00000000000075fe      0x22a C:\Users\bitshen\Desktop\Broadcaster-CH592\LIB\libCH59xBLE.a(gap_peripheral.o)
 .text.GAP_PeriDevMgrInit
                0x0000000000007828       0x2e C:\Users\bitshen\Desktop\Broadcaster-CH592\LIB\libCH59xBLE.a(gap_peripheral.o)
                0x0000000000007828                GAP_PeriDevMgrInit
 .text.gattProcessExchangeMTUReq
                0x0000000000007856        0x4 C:\Users\bitshen\Desktop\Broadcaster-CH592\LIB\libCH59xBLE.a(gattservapp.o)
 .text.gattServApp_FindCharCfgItem
                0x000000000000785a       0x24 C:\Users\bitshen\Desktop\Broadcaster-CH592\LIB\libCH59xBLE.a(gattservapp.o)
 .text.gattServerHandleTimerCB
                0x000000000000787e       0x3c C:\Users\bitshen\Desktop\Broadcaster-CH592\LIB\libCH59xBLE.a(gattservapp.o)
 .text.GATTServApp_InitCharCfg.part.12
                0x00000000000078ba       0x20 C:\Users\bitshen\Desktop\Broadcaster-CH592\LIB\libCH59xBLE.a(gattservapp.o)
 .text.gattProcessExecuteWriteReq
                0x00000000000078da        0x4 C:\Users\bitshen\Desktop\Broadcaster-CH592\LIB\libCH59xBLE.a(gattservapp.o)
 .text.GATTServApp_ParamInit
                0x00000000000078de       0xd6 C:\Users\bitshen\Desktop\Broadcaster-CH592\LIB\libCH59xBLE.a(gattservapp.o)
                0x00000000000078de                GATTServApp_ParamInit
 .text.GATTServApp_ReadCharCfg
                0x00000000000079b4       0x16 C:\Users\bitshen\Desktop\Broadcaster-CH592\LIB\libCH59xBLE.a(gattservapp.o)
                0x00000000000079b4                GATTServApp_ReadCharCfg
 .text.GATTServApp_WriteCharCfg
                0x00000000000079ca       0x38 C:\Users\bitshen\Desktop\Broadcaster-CH592\LIB\libCH59xBLE.a(gattservapp.o)
                0x00000000000079ca                GATTServApp_WriteCharCfg
 .text.GATTServApp_ProcessCCCWriteReq
                0x0000000000007a02       0x5c C:\Users\bitshen\Desktop\Broadcaster-CH592\LIB\libCH59xBLE.a(gattservapp.o)
                0x0000000000007a02                GATTServApp_ProcessCCCWriteReq
 .text.gattServApp_WriteAttrCB
                0x0000000000007a5e       0x32 C:\Users\bitshen\Desktop\Broadcaster-CH592\LIB\libCH59xBLE.a(gattservapp.o)
                0x0000000000007a5e                gattServApp_WriteAttrCB
 .text.GATTServApp_SendCCCUpdatedEvent
                0x0000000000007a90       0x5e C:\Users\bitshen\Desktop\Broadcaster-CH592\LIB\libCH59xBLE.a(gattservapp.o)
                0x0000000000007a90                GATTServApp_SendCCCUpdatedEvent
 .text.GATTServApp_SendServiceChangedInd
                0x0000000000007aee       0x34 C:\Users\bitshen\Desktop\Broadcaster-CH592\LIB\libCH59xBLE.a(gattservapp.o)
                0x0000000000007aee                GATTServApp_SendServiceChangedInd
 .text.gattServApp_ClearPrepareWriteQ
                0x0000000000007b22       0x50 C:\Users\bitshen\Desktop\Broadcaster-CH592\LIB\libCH59xBLE.a(gattservapp.o)
                0x0000000000007b22                gattServApp_ClearPrepareWriteQ
 .text.gattServApp_FindPrepareWriteQ
                0x0000000000007b72       0x30 C:\Users\bitshen\Desktop\Broadcaster-CH592\LIB\libCH59xBLE.a(gattservapp.o)
                0x0000000000007b72                gattServApp_FindPrepareWriteQ
 .text.gattServApp_FindServiceCBs
                0x0000000000007ba2       0x18 C:\Users\bitshen\Desktop\Broadcaster-CH592\LIB\libCH59xBLE.a(gattservapp.o)
                0x0000000000007ba2                gattServApp_FindServiceCBs
 .text.gattServApp_FindAuthorizeAttrCB
                0x0000000000007bba       0x14 C:\Users\bitshen\Desktop\Broadcaster-CH592\LIB\libCH59xBLE.a(gattservapp.o)
                0x0000000000007bba                gattServApp_FindAuthorizeAttrCB
 .text.gattServApp_IsWriteLong
                0x0000000000007bce       0xea C:\Users\bitshen\Desktop\Broadcaster-CH592\LIB\libCH59xBLE.a(gattservapp.o)
                0x0000000000007bce                gattServApp_IsWriteLong
 .text.gattFindService
                0x0000000000007cb8       0x1c C:\Users\bitshen\Desktop\Broadcaster-CH592\LIB\libCH59xBLE.a(gattservapp.o)
                0x0000000000007cb8                gattFindService
 .text.GATT_ServiceNumAttrs
                0x0000000000007cd4       0x16 C:\Users\bitshen\Desktop\Broadcaster-CH592\LIB\libCH59xBLE.a(gattservapp.o)
                0x0000000000007cd4                GATT_ServiceNumAttrs
 .text.GATT_ServiceEncKeySize
                0x0000000000007cea       0x16 C:\Users\bitshen\Desktop\Broadcaster-CH592\LIB\libCH59xBLE.a(gattservapp.o)
                0x0000000000007cea                GATT_ServiceEncKeySize
 .text.GATT_VerifyWritePermissions.part.7
                0x0000000000007d00       0x2c C:\Users\bitshen\Desktop\Broadcaster-CH592\LIB\libCH59xBLE.a(gattservapp.o)
 .text.gattResetServerInfo
                0x0000000000007d2c       0x1c C:\Users\bitshen\Desktop\Broadcaster-CH592\LIB\libCH59xBLE.a(gattservapp.o)
                0x0000000000007d2c                gattResetServerInfo
 .text.gattFindServerInfo
                0x0000000000007d48       0x2c C:\Users\bitshen\Desktop\Broadcaster-CH592\LIB\libCH59xBLE.a(gattservapp.o)
                0x0000000000007d48                gattFindServerInfo
 .text.gattServerHandleConnStatusCB
                0x0000000000007d74       0x8e C:\Users\bitshen\Desktop\Broadcaster-CH592\LIB\libCH59xBLE.a(gattservapp.o)
                0x0000000000007d74                gattServerHandleConnStatusCB
 .text.gattServerProcessMsgCB
                0x0000000000007e02      0x1ba C:\Users\bitshen\Desktop\Broadcaster-CH592\LIB\libCH59xBLE.a(gattservapp.o)
                0x0000000000007e02                gattServerProcessMsgCB
 .text.gattServerNotifyTxCB
                0x0000000000007fbc       0x28 C:\Users\bitshen\Desktop\Broadcaster-CH592\LIB\libCH59xBLE.a(gattservapp.o)
 .text.GATT_FindHandle
                0x0000000000007fe4       0x4a C:\Users\bitshen\Desktop\Broadcaster-CH592\LIB\libCH59xBLE.a(gattservapp.o)
                0x0000000000007fe4                GATT_FindHandle
 .text.GATTServApp_WriteAttr
                0x000000000000802e       0xa6 C:\Users\bitshen\Desktop\Broadcaster-CH592\LIB\libCH59xBLE.a(gattservapp.o)
                0x000000000000802e                GATTServApp_WriteAttr
 .text.gattServApp_ProcessExecuteWriteReq
                0x00000000000080d4       0xfe C:\Users\bitshen\Desktop\Broadcaster-CH592\LIB\libCH59xBLE.a(gattservapp.o)
                0x00000000000080d4                gattServApp_ProcessExecuteWriteReq
 .text.gattServApp_ProcessPrepareWriteReq
                0x00000000000081d2      0x10e C:\Users\bitshen\Desktop\Broadcaster-CH592\LIB\libCH59xBLE.a(gattservapp.o)
                0x00000000000081d2                gattServApp_ProcessPrepareWriteReq
 .text.gattServApp_ProcessWriteReq
                0x00000000000082e0       0xb0 C:\Users\bitshen\Desktop\Broadcaster-CH592\LIB\libCH59xBLE.a(gattservapp.o)
                0x00000000000082e0                gattServApp_ProcessWriteReq
 .text.GATT_Indication
                0x0000000000008390       0xa4 C:\Users\bitshen\Desktop\Broadcaster-CH592\LIB\libCH59xBLE.a(gattservapp.o)
                0x0000000000008390                GATT_Indication
 .text.GATT_FindHandleUUID
                0x0000000000008434       0x94 C:\Users\bitshen\Desktop\Broadcaster-CH592\LIB\libCH59xBLE.a(gattservapp.o)
                0x0000000000008434                GATT_FindHandleUUID
 .text.gattProcessReadByGrpTypeReq
                0x00000000000084c8       0x5e C:\Users\bitshen\Desktop\Broadcaster-CH592\LIB\libCH59xBLE.a(gattservapp.o)
 .text.gattProcessReadByTypeReq
                0x0000000000008526       0x34 C:\Users\bitshen\Desktop\Broadcaster-CH592\LIB\libCH59xBLE.a(gattservapp.o)
 .text.gattProcessFindByTypeValueReq
                0x000000000000855a       0x34 C:\Users\bitshen\Desktop\Broadcaster-CH592\LIB\libCH59xBLE.a(gattservapp.o)
 .text.gattProcessFindInfoReq
                0x000000000000858e      0x1aa C:\Users\bitshen\Desktop\Broadcaster-CH592\LIB\libCH59xBLE.a(gattservapp.o)
 .text.GATT_VerifyWritePermissions
                0x0000000000008738       0x6a C:\Users\bitshen\Desktop\Broadcaster-CH592\LIB\libCH59xBLE.a(gattservapp.o)
                0x0000000000008738                GATT_VerifyWritePermissions
 .text.gattProcessWriteReq
                0x00000000000087a2       0x34 C:\Users\bitshen\Desktop\Broadcaster-CH592\LIB\libCH59xBLE.a(gattservapp.o)
 .text.GATT_VerifyPrepareWritePermissions
                0x00000000000087d6       0x56 C:\Users\bitshen\Desktop\Broadcaster-CH592\LIB\libCH59xBLE.a(gattservapp.o)
                0x00000000000087d6                GATT_VerifyPrepareWritePermissions
 .text.gattProcessPrepareWriteReq
                0x000000000000882c       0x34 C:\Users\bitshen\Desktop\Broadcaster-CH592\LIB\libCH59xBLE.a(gattservapp.o)
 .text.GATT_FindNextAttr
                0x0000000000008860       0xc2 C:\Users\bitshen\Desktop\Broadcaster-CH592\LIB\libCH59xBLE.a(gattservapp.o)
                0x0000000000008860                GATT_FindNextAttr
 .text.GATTServApp_ReadAttr
                0x0000000000008922      0x2ea C:\Users\bitshen\Desktop\Broadcaster-CH592\LIB\libCH59xBLE.a(gattservapp.o)
                0x0000000000008922                GATTServApp_ReadAttr
 .text.gattServApp_ProcessReadMultiReq
                0x0000000000008c0c      0x16e C:\Users\bitshen\Desktop\Broadcaster-CH592\LIB\libCH59xBLE.a(gattservapp.o)
                0x0000000000008c0c                gattServApp_ProcessReadMultiReq
 .text.gattServApp_ProcessFindByTypeValueReq
                0x0000000000008d7a      0x1a0 C:\Users\bitshen\Desktop\Broadcaster-CH592\LIB\libCH59xBLE.a(gattservapp.o)
                0x0000000000008d7a                gattServApp_ProcessFindByTypeValueReq
 .text.GATT_VerifyReadPermissions
                0x0000000000008f1a       0x68 C:\Users\bitshen\Desktop\Broadcaster-CH592\LIB\libCH59xBLE.a(gattservapp.o)
                0x0000000000008f1a                GATT_VerifyReadPermissions
 .text.gattProcessReadMultiReq
                0x0000000000008f82       0xae C:\Users\bitshen\Desktop\Broadcaster-CH592\LIB\libCH59xBLE.a(gattservapp.o)
 .text.gattProcessReadReq
                0x0000000000009030       0x30 C:\Users\bitshen\Desktop\Broadcaster-CH592\LIB\libCH59xBLE.a(gattservapp.o)
 .text.gattServApp_ProcessReadByGrpTypeReq
                0x0000000000009060      0x21c C:\Users\bitshen\Desktop\Broadcaster-CH592\LIB\libCH59xBLE.a(gattservapp.o)
                0x0000000000009060                gattServApp_ProcessReadByGrpTypeReq
 .text.gattServApp_ProcessReadByTypeReq
                0x000000000000927c      0x1ae C:\Users\bitshen\Desktop\Broadcaster-CH592\LIB\libCH59xBLE.a(gattservapp.o)
                0x000000000000927c                gattServApp_ProcessReadByTypeReq
 .text.GATTServApp_InitCharCfg
                0x000000000000942a       0x28 C:\Users\bitshen\Desktop\Broadcaster-CH592\LIB\libCH59xBLE.a(gattservapp.o)
                0x000000000000942a                GATTServApp_InitCharCfg
 .text.gattServApp_HandleConnStatusCB
                0x0000000000009452       0x74 C:\Users\bitshen\Desktop\Broadcaster-CH592\LIB\libCH59xBLE.a(gattservapp.o)
                0x0000000000009452                gattServApp_HandleConnStatusCB
 .text.GATT_InitServer
                0x00000000000094c6       0xfa C:\Users\bitshen\Desktop\Broadcaster-CH592\LIB\libCH59xBLE.a(gattservapp.o)
                0x00000000000094c6                GATT_InitServer
 .text.GATTServApp_Init
                0x00000000000095c0       0x34 C:\Users\bitshen\Desktop\Broadcaster-CH592\LIB\libCH59xBLE.a(gattservapp.o)
                0x00000000000095c0                GATTServApp_Init
 .text.GATTServApp_ProcessEvent
                0x00000000000095f4      0x36a C:\Users\bitshen\Desktop\Broadcaster-CH592\LIB\libCH59xBLE.a(gattservapp.o)
                0x00000000000095f4                GATTServApp_ProcessEvent
 .text.l2capAllocConnChannel
                0x000000000000995e       0xe0 C:\Users\bitshen\Desktop\Broadcaster-CH592\LIB\libCH59xBLE.a(l2cap.o)
                0x000000000000995e                l2capAllocConnChannel
 .text.l2capFindLocalCID
                0x0000000000009a3e       0x2c C:\Users\bitshen\Desktop\Broadcaster-CH592\LIB\libCH59xBLE.a(l2cap.o)
                0x0000000000009a3e                l2capFindLocalCID
 .text.l2capFindLocalId
                0x0000000000009a6a       0x30 C:\Users\bitshen\Desktop\Broadcaster-CH592\LIB\libCH59xBLE.a(l2cap.o)
                0x0000000000009a6a                l2capFindLocalId
 .text.l2capFindPsm
                0x0000000000009a9a       0x30 C:\Users\bitshen\Desktop\Broadcaster-CH592\LIB\libCH59xBLE.a(l2cap.o)
                0x0000000000009a9a                l2capFindPsm
 .text.l2capFindRemoteCID
                0x0000000000009aca       0x3c C:\Users\bitshen\Desktop\Broadcaster-CH592\LIB\libCH59xBLE.a(l2cap.o)
                0x0000000000009aca                l2capFindRemoteCID
 .text.l2capFreeChannel
                0x0000000000009b06       0x4e C:\Users\bitshen\Desktop\Broadcaster-CH592\LIB\libCH59xBLE.a(l2cap.o)
                0x0000000000009b06                l2capFreeChannel
 .text.l2capDisconnectChannel
                0x0000000000009b54       0x28 C:\Users\bitshen\Desktop\Broadcaster-CH592\LIB\libCH59xBLE.a(l2cap.o)
                0x0000000000009b54                l2capDisconnectChannel
 .text.l2capHandleTimerCB
                0x0000000000009b7c       0x2c C:\Users\bitshen\Desktop\Broadcaster-CH592\LIB\libCH59xBLE.a(l2cap.o)
                0x0000000000009b7c                l2capHandleTimerCB
 .text.l2capFreePendingPkt
                0x0000000000009ba8       0x58 C:\Users\bitshen\Desktop\Broadcaster-CH592\LIB\libCH59xBLE.a(l2cap.o)
                0x0000000000009ba8                l2capFreePendingPkt
 .text.l2capGetCoChannelInfo
                0x0000000000009c00       0x86 C:\Users\bitshen\Desktop\Broadcaster-CH592\LIB\libCH59xBLE.a(l2cap.o)
                0x0000000000009c00                l2capGetCoChannelInfo
 .text.l2capNumActiveChannnels
                0x0000000000009c86       0x48 C:\Users\bitshen\Desktop\Broadcaster-CH592\LIB\libCH59xBLE.a(l2cap.o)
                0x0000000000009c86                l2capNumActiveChannnels
 .text.l2capStartTimer
                0x0000000000009cce       0x1a C:\Users\bitshen\Desktop\Broadcaster-CH592\LIB\libCH59xBLE.a(l2cap.o)
                0x0000000000009cce                l2capStartTimer
 .text.l2capStopTimer
                0x0000000000009ce8       0x1e C:\Users\bitshen\Desktop\Broadcaster-CH592\LIB\libCH59xBLE.a(l2cap.o)
                0x0000000000009ce8                l2capStopTimer
 .text.l2capDisconnectAllChannels
                0x0000000000009d06       0xdc C:\Users\bitshen\Desktop\Broadcaster-CH592\LIB\libCH59xBLE.a(l2cap.o)
                0x0000000000009d06                l2capDisconnectAllChannels
 .text.l2capHandleConnStatusCB
                0x0000000000009de2       0x3c C:\Users\bitshen\Desktop\Broadcaster-CH592\LIB\libCH59xBLE.a(l2cap.o)
                0x0000000000009de2                l2capHandleConnStatusCB
 .text.l2capHandleRxError
                0x0000000000009e1e        0x6 C:\Users\bitshen\Desktop\Broadcaster-CH592\LIB\libCH59xBLE.a(l2cap.o)
                0x0000000000009e1e                l2capHandleRxError
 .text.L2CAP_GetMTU
                0x0000000000009e24        0x6 C:\Users\bitshen\Desktop\Broadcaster-CH592\LIB\libCH59xBLE.a(l2cap.o)
                0x0000000000009e24                L2CAP_GetMTU
 .text.L2CAP_HostNumCompletedPkts
                0x0000000000009e2a       0x28 C:\Users\bitshen\Desktop\Broadcaster-CH592\LIB\libCH59xBLE.a(l2cap.o)
                0x0000000000009e2a                L2CAP_HostNumCompletedPkts
 .text.L2CAP_ParseConnectReq
                0x0000000000009e52       0x5e C:\Users\bitshen\Desktop\Broadcaster-CH592\LIB\libCH59xBLE.a(l2cap.o)
                0x0000000000009e52                L2CAP_ParseConnectReq
 .text.L2CAP_ParseFlowCtrlCredit
                0x0000000000009eb0       0x2e C:\Users\bitshen\Desktop\Broadcaster-CH592\LIB\libCH59xBLE.a(l2cap.o)
                0x0000000000009eb0                L2CAP_ParseFlowCtrlCredit
 .text.L2CAP_RegisterApp
                0x0000000000009ede       0x30 C:\Users\bitshen\Desktop\Broadcaster-CH592\LIB\libCH59xBLE.a(l2cap.o)
                0x0000000000009ede                L2CAP_RegisterApp
 .text.L2CAP_SetBufSize
                0x0000000000009f0e       0x1e C:\Users\bitshen\Desktop\Broadcaster-CH592\LIB\libCH59xBLE.a(l2cap.o)
                0x0000000000009f0e                L2CAP_SetBufSize
 .text.L2CAP_bm_alloc
                0x0000000000009f2c       0x2a C:\Users\bitshen\Desktop\Broadcaster-CH592\LIB\libCH59xBLE.a(l2cap.o)
                0x0000000000009f2c                L2CAP_bm_alloc
 .text.L2CAP_Init
                0x0000000000009f56      0x15e C:\Users\bitshen\Desktop\Broadcaster-CH592\LIB\libCH59xBLE.a(l2cap.o)
                0x0000000000009f56                L2CAP_Init
 .text.L2CAP_ProcessEvent
                0x000000000000a0b4       0xd4 C:\Users\bitshen\Desktop\Broadcaster-CH592\LIB\libCH59xBLE.a(l2cap.o)
                0x000000000000a0b4                L2CAP_ProcessEvent
 .text.l2capParseCmdReject
                0x000000000000a188       0x5e C:\Users\bitshen\Desktop\Broadcaster-CH592\LIB\libCH59xBLE.a(l2cap_input.o)
                0x000000000000a188                l2capParseCmdReject
 .text.l2capParseDisconnectReq
                0x000000000000a1e6       0x2e C:\Users\bitshen\Desktop\Broadcaster-CH592\LIB\libCH59xBLE.a(l2cap_input.o)
                0x000000000000a1e6                l2capParseDisconnectReq
 .text.l2capParseDisconnectRsp
                0x000000000000a214       0x2e C:\Users\bitshen\Desktop\Broadcaster-CH592\LIB\libCH59xBLE.a(l2cap_input.o)
                0x000000000000a214                l2capParseDisconnectRsp
 .text.L2CAP_ParseParamUpdateReq
                0x000000000000a242       0x4e C:\Users\bitshen\Desktop\Broadcaster-CH592\LIB\libCH59xBLE.a(l2cap_input.o)
                0x000000000000a242                L2CAP_ParseParamUpdateReq
 .text.l2capParseParamUpdateRsp
                0x000000000000a290       0x1e C:\Users\bitshen\Desktop\Broadcaster-CH592\LIB\libCH59xBLE.a(l2cap_input.o)
                0x000000000000a290                l2capParseParamUpdateRsp
 .text.l2capProcessConnectReq
                0x000000000000a2ae       0xfc C:\Users\bitshen\Desktop\Broadcaster-CH592\LIB\libCH59xBLE.a(l2cap_input.o)
                0x000000000000a2ae                l2capProcessConnectReq
 .text.l2capParseConnectRsp
                0x000000000000a3aa       0x5e C:\Users\bitshen\Desktop\Broadcaster-CH592\LIB\libCH59xBLE.a(l2cap_input.o)
                0x000000000000a3aa                l2capParseConnectRsp
 .text.l2capParseSignalHdr
                0x000000000000a408       0x22 C:\Users\bitshen\Desktop\Broadcaster-CH592\LIB\libCH59xBLE.a(l2cap_input.o)
                0x000000000000a408                l2capParseSignalHdr
 .text.l2capParsePacket
                0x000000000000a42a       0x8c C:\Users\bitshen\Desktop\Broadcaster-CH592\LIB\libCH59xBLE.a(l2cap_input.o)
                0x000000000000a42a                l2capParsePacket
 .text.l2capProcessReq
                0x000000000000a4b6      0x15e C:\Users\bitshen\Desktop\Broadcaster-CH592\LIB\libCH59xBLE.a(l2cap_input.o)
                0x000000000000a4b6                l2capProcessReq
 .text.l2capProcessRsp
                0x000000000000a614      0x150 C:\Users\bitshen\Desktop\Broadcaster-CH592\LIB\libCH59xBLE.a(l2cap_input.o)
                0x000000000000a614                l2capProcessRsp
 .text.l2capProcessRxData
                0x000000000000a764       0xf8 C:\Users\bitshen\Desktop\Broadcaster-CH592\LIB\libCH59xBLE.a(l2cap_input.o)
                0x000000000000a764                l2capProcessRxData
 .text.l2capNotifyData
                0x000000000000a85c       0x5e C:\Users\bitshen\Desktop\Broadcaster-CH592\LIB\libCH59xBLE.a(l2cap_output.o)
                0x000000000000a85c                l2capNotifyData
 .text.l2capNotifySignal
                0x000000000000a8ba       0x7a C:\Users\bitshen\Desktop\Broadcaster-CH592\LIB\libCH59xBLE.a(l2cap_output.o)
                0x000000000000a8ba                l2capNotifySignal
 .text.l2capNotifyCreditEvt
                0x000000000000a934       0xa4 C:\Users\bitshen\Desktop\Broadcaster-CH592\LIB\libCH59xBLE.a(l2cap_output.o)
                0x000000000000a934                l2capNotifyCreditEvt
 .text.l2capNotifyChannelEstEvt
                0x000000000000a9d8       0x5c C:\Users\bitshen\Desktop\Broadcaster-CH592\LIB\libCH59xBLE.a(l2cap_output.o)
                0x000000000000a9d8                l2capNotifyChannelEstEvt
 .text.l2capNotifyChannelTermEvt
                0x000000000000aa34       0x3e C:\Users\bitshen\Desktop\Broadcaster-CH592\LIB\libCH59xBLE.a(l2cap_output.o)
                0x000000000000aa34                l2capNotifyChannelTermEvt
 .text.l2capNotifyEvent
                0x000000000000aa72       0x66 C:\Users\bitshen\Desktop\Broadcaster-CH592\LIB\libCH59xBLE.a(l2cap_output.o)
                0x000000000000aa72                l2capNotifyEvent
 .text.l2capStoreFCPkt
                0x000000000000aad8       0x32 C:\Users\bitshen\Desktop\Broadcaster-CH592\LIB\libCH59xBLE.a(l2cap_output.o)
                0x000000000000aad8                l2capStoreFCPkt
 .text.l2capFreeTxSDU
                0x000000000000ab0a       0x9e C:\Users\bitshen\Desktop\Broadcaster-CH592\LIB\libCH59xBLE.a(l2cap_output.o)
                0x000000000000ab0a                l2capFreeTxSDU
 .text.l2capReassembleSegment
                0x000000000000aba8      0x178 C:\Users\bitshen\Desktop\Broadcaster-CH592\LIB\libCH59xBLE.a(l2cap_output.o)
                0x000000000000aba8                l2capReassembleSegment
 .text.l2capEncapSendData
                0x000000000000ad20       0xf0 C:\Users\bitshen\Desktop\Broadcaster-CH592\LIB\libCH59xBLE.a(l2cap_output.o)
                0x000000000000ad20                l2capEncapSendData
 .text.l2capSendFCPkt.part.3
                0x000000000000ae10       0x70 C:\Users\bitshen\Desktop\Broadcaster-CH592\LIB\libCH59xBLE.a(l2cap_output.o)
 .text.l2capSendSegment
                0x000000000000ae80      0x108 C:\Users\bitshen\Desktop\Broadcaster-CH592\LIB\libCH59xBLE.a(l2cap_output.o)
                0x000000000000ae80                l2capSendSegment
 .text.l2capSendNextSegment
                0x000000000000af88       0xb4 C:\Users\bitshen\Desktop\Broadcaster-CH592\LIB\libCH59xBLE.a(l2cap_output.o)
                0x000000000000af88                l2capSendNextSegment
 .text.l2capSendPkt
                0x000000000000b03c       0x3a C:\Users\bitshen\Desktop\Broadcaster-CH592\LIB\libCH59xBLE.a(l2cap_output.o)
                0x000000000000b03c                l2capSendPkt
 .text.L2CAP_SendData
                0x000000000000b076       0x82 C:\Users\bitshen\Desktop\Broadcaster-CH592\LIB\libCH59xBLE.a(l2cap_output.o)
                0x000000000000b076                L2CAP_SendData
 .text.l2capSendCmd
                0x000000000000b0f8       0x8a C:\Users\bitshen\Desktop\Broadcaster-CH592\LIB\libCH59xBLE.a(l2cap_output.o)
                0x000000000000b0f8                l2capSendCmd
 .text.l2capSendReq
                0x000000000000b182       0xc8 C:\Users\bitshen\Desktop\Broadcaster-CH592\LIB\libCH59xBLE.a(l2cap_output.o)
                0x000000000000b182                l2capSendReq
 .text.l2capBuildDisconnectReq
                0x000000000000b24a       0x28 C:\Users\bitshen\Desktop\Broadcaster-CH592\LIB\libCH59xBLE.a(l2cap_sdu.o)
 .text.l2capBuildParamUpdateReq
                0x000000000000b272       0x4c C:\Users\bitshen\Desktop\Broadcaster-CH592\LIB\libCH59xBLE.a(l2cap_sdu.o)
 .text.l2capBuildParamUpdateRsp
                0x000000000000b2be       0x16 C:\Users\bitshen\Desktop\Broadcaster-CH592\LIB\libCH59xBLE.a(l2cap_sdu.o)
 .text.l2capBuildConnectRsp
                0x000000000000b2d4       0x5e C:\Users\bitshen\Desktop\Broadcaster-CH592\LIB\libCH59xBLE.a(l2cap_sdu.o)
 .text.l2capBuildCmdReject
                0x000000000000b332       0x62 C:\Users\bitshen\Desktop\Broadcaster-CH592\LIB\libCH59xBLE.a(l2cap_sdu.o)
                0x000000000000b332                l2capBuildCmdReject
 .text.l2capBuildDisconnectRsp
                0x000000000000b394       0x28 C:\Users\bitshen\Desktop\Broadcaster-CH592\LIB\libCH59xBLE.a(l2cap_sdu.o)
                0x000000000000b394                l2capBuildDisconnectRsp
 .text.l2capSendConnectRsp
                0x000000000000b3bc       0xaa C:\Users\bitshen\Desktop\Broadcaster-CH592\LIB\libCH59xBLE.a(l2cap_sdu.o)
                0x000000000000b3bc                l2capSendConnectRsp
 .text.L2CAP_CmdReject
                0x000000000000b466       0x12 C:\Users\bitshen\Desktop\Broadcaster-CH592\LIB\libCH59xBLE.a(l2cap_sdu.o)
                0x000000000000b466                L2CAP_CmdReject
 .text.L2CAP_DisconnectReq
                0x000000000000b478       0x2a C:\Users\bitshen\Desktop\Broadcaster-CH592\LIB\libCH59xBLE.a(l2cap_sdu.o)
                0x000000000000b478                L2CAP_DisconnectReq
 .text.L2CAP_ConnParamUpdateReq
                0x000000000000b4a2       0x16 C:\Users\bitshen\Desktop\Broadcaster-CH592\LIB\libCH59xBLE.a(l2cap_sdu.o)
                0x000000000000b4a2                L2CAP_ConnParamUpdateReq
 .text.L2CAP_ConnParamUpdateRsp
                0x000000000000b4b8       0x12 C:\Users\bitshen\Desktop\Broadcaster-CH592\LIB\libCH59xBLE.a(l2cap_sdu.o)
                0x000000000000b4b8                L2CAP_ConnParamUpdateRsp
 .text.reportStatusChange
                0x000000000000b4ca       0x3e C:\Users\bitshen\Desktop\Broadcaster-CH592\LIB\libCH59xBLE.a(linkdb.o)
 .text.linkDB_Init
                0x000000000000b508       0xa8 C:\Users\bitshen\Desktop\Broadcaster-CH592\LIB\libCH59xBLE.a(linkdb.o)
                0x000000000000b508                linkDB_Init
 .text.linkDB_Find
                0x000000000000b5b0       0x34 C:\Users\bitshen\Desktop\Broadcaster-CH592\LIB\libCH59xBLE.a(linkdb.o)
                0x000000000000b5b0                linkDB_Find
 .text.linkDB_Authen
                0x000000000000b5e4       0x5c C:\Users\bitshen\Desktop\Broadcaster-CH592\LIB\libCH59xBLE.a(linkdb.o)
                0x000000000000b5e4                linkDB_Authen
 .text.linkDB_FindByAddr
                0x000000000000b640       0x82 C:\Users\bitshen\Desktop\Broadcaster-CH592\LIB\libCH59xBLE.a(linkdb.o)
                0x000000000000b640                linkDB_FindByAddr
 .text.linkDB_FindFirst
                0x000000000000b6c2       0x40 C:\Users\bitshen\Desktop\Broadcaster-CH592\LIB\libCH59xBLE.a(linkdb.o)
                0x000000000000b6c2                linkDB_FindFirst
 .text.linkDB_MTU
                0x000000000000b702       0x18 C:\Users\bitshen\Desktop\Broadcaster-CH592\LIB\libCH59xBLE.a(linkdb.o)
                0x000000000000b702                linkDB_MTU
 .text.linkDB_NumActive
                0x000000000000b71a       0x36 C:\Users\bitshen\Desktop\Broadcaster-CH592\LIB\libCH59xBLE.a(linkdb.o)
                0x000000000000b71a                linkDB_NumActive
 .text.linkDB_NumConns
                0x000000000000b750        0xa C:\Users\bitshen\Desktop\Broadcaster-CH592\LIB\libCH59xBLE.a(linkdb.o)
                0x000000000000b750                linkDB_NumConns
 .text.linkDB_Register
                0x000000000000b75a       0x28 C:\Users\bitshen\Desktop\Broadcaster-CH592\LIB\libCH59xBLE.a(linkdb.o)
                0x000000000000b75a                linkDB_Register
 .text.linkDB_Remove
                0x000000000000b782       0x4c C:\Users\bitshen\Desktop\Broadcaster-CH592\LIB\libCH59xBLE.a(linkdb.o)
                0x000000000000b782                linkDB_Remove
 .text.linkDB_Role
                0x000000000000b7ce       0x18 C:\Users\bitshen\Desktop\Broadcaster-CH592\LIB\libCH59xBLE.a(linkdb.o)
                0x000000000000b7ce                linkDB_Role
 .text.linkDB_State
                0x000000000000b7e6       0x30 C:\Users\bitshen\Desktop\Broadcaster-CH592\LIB\libCH59xBLE.a(linkdb.o)
                0x000000000000b7e6                linkDB_State
 .text.linkDB_UpdateMTU
                0x000000000000b816       0x28 C:\Users\bitshen\Desktop\Broadcaster-CH592\LIB\libCH59xBLE.a(linkdb.o)
                0x000000000000b816                linkDB_UpdateMTU
 .text.linkDB_PerformFunc
                0x000000000000b83e       0x5a C:\Users\bitshen\Desktop\Broadcaster-CH592\LIB\libCH59xBLE.a(linkdb.o)
                0x000000000000b83e                linkDB_PerformFunc
 .text.linkDB_GetSMEvtID
                0x000000000000b898       0x60 C:\Users\bitshen\Desktop\Broadcaster-CH592\LIB\libCH59xBLE.a(linkdb.o)
                0x000000000000b898                linkDB_GetSMEvtID
 .text.linkDB_Add
                0x000000000000b8f8       0xb2 C:\Users\bitshen\Desktop\Broadcaster-CH592\LIB\libCH59xBLE.a(linkdb.o)
                0x000000000000b8f8                linkDB_Add
 .text.linkDB_GetHandleFromSMEvtID
                0x000000000000b9aa       0x3a C:\Users\bitshen\Desktop\Broadcaster-CH592\LIB\libCH59xBLE.a(linkdb.o)
                0x000000000000b9aa                linkDB_GetHandleFromSMEvtID
 .text.linkDB_GetPairingParam
                0x000000000000b9e4       0x76 C:\Users\bitshen\Desktop\Broadcaster-CH592\LIB\libCH59xBLE.a(linkdb.o)
                0x000000000000b9e4                linkDB_GetPairingParam
 .text.linkDB_NeedSendKey
                0x000000000000ba5a       0x4c C:\Users\bitshen\Desktop\Broadcaster-CH592\LIB\libCH59xBLE.a(linkdb.o)
                0x000000000000ba5a                linkDB_NeedSendKey
 .text.smStartRspTimer
                0x000000000000baa6       0x3a C:\Users\bitshen\Desktop\Broadcaster-CH592\LIB\libCH59xBLE.a(sm.o)
 .text.smStartEncryption
                0x000000000000bae0       0xa0 C:\Users\bitshen\Desktop\Broadcaster-CH592\LIB\libCH59xBLE.a(sm.o)
 .text.smFreePairingParams
                0x000000000000bb80       0x7e C:\Users\bitshen\Desktop\Broadcaster-CH592\LIB\libCH59xBLE.a(sm.o)
                0x000000000000bb80                smFreePairingParams
 .text.smEndPairing
                0x000000000000bbfe       0x60 C:\Users\bitshen\Desktop\Broadcaster-CH592\LIB\libCH59xBLE.a(sm.o)
                0x000000000000bbfe                smEndPairing
 .text.smLinkCheck
                0x000000000000bc5e       0x34 C:\Users\bitshen\Desktop\Broadcaster-CH592\LIB\libCH59xBLE.a(sm.o)
                0x000000000000bc5e                smLinkCheck
 .text.smNextPairingState
                0x000000000000bc92       0x60 C:\Users\bitshen\Desktop\Broadcaster-CH592\LIB\libCH59xBLE.a(sm.o)
                0x000000000000bc92                smNextPairingState
 .text.smProcessEncryptChange
                0x000000000000bcf2       0xf8 C:\Users\bitshen\Desktop\Broadcaster-CH592\LIB\libCH59xBLE.a(sm.o)
                0x000000000000bcf2                smProcessEncryptChange
 .text.smSendSMMsg
                0x000000000000bdea       0x5c C:\Users\bitshen\Desktop\Broadcaster-CH592\LIB\libCH59xBLE.a(sm.o)
                0x000000000000bdea                smSendSMMsg
 .text.smSendFailAndEnd
                0x000000000000be46       0x38 C:\Users\bitshen\Desktop\Broadcaster-CH592\LIB\libCH59xBLE.a(sm.o)
                0x000000000000be46                smSendFailAndEnd
 .text.smProcessPairingReq
                0x000000000000be7e       0x40 C:\Users\bitshen\Desktop\Broadcaster-CH592\LIB\libCH59xBLE.a(sm.o)
                0x000000000000be7e                smProcessPairingReq
 .text.smSetPairingReqRsp
                0x000000000000bebe       0x3c C:\Users\bitshen\Desktop\Broadcaster-CH592\LIB\libCH59xBLE.a(sm.o)
                0x000000000000bebe                smSetPairingReqRsp
 .text.SM_StartEncryption
                0x000000000000befa       0x1a C:\Users\bitshen\Desktop\Broadcaster-CH592\LIB\libCH59xBLE.a(sm.o)
                0x000000000000befa                SM_StartEncryption
 .text.sm_dhkey
                0x000000000000bf14       0x3e C:\Users\bitshen\Desktop\Broadcaster-CH592\LIB\libCH59xBLE.a(sm.o)
                0x000000000000bf14                sm_dhkey
 .text.sm_c1    0x000000000000bf52       0xb4 C:\Users\bitshen\Desktop\Broadcaster-CH592\LIB\libCH59xBLE.a(sm.o)
                0x000000000000bf52                sm_c1
 .text.smDetermineKeySize
                0x000000000000c006       0x20 C:\Users\bitshen\Desktop\Broadcaster-CH592\LIB\libCH59xBLE.a(sm.o)
                0x000000000000c006                smDetermineKeySize
 .text.smpParsePairingReq
                0x000000000000c026      0x118 C:\Users\bitshen\Desktop\Broadcaster-CH592\LIB\libCH59xBLE.a(sm.o)
                0x000000000000c026                smpParsePairingReq
 .text.smpParseEncInfo
                0x000000000000c13e       0x2a C:\Users\bitshen\Desktop\Broadcaster-CH592\LIB\libCH59xBLE.a(sm.o)
                0x000000000000c13e                smpParseEncInfo
 .text.smpParseIdentityAddrInfo
                0x000000000000c168       0x34 C:\Users\bitshen\Desktop\Broadcaster-CH592\LIB\libCH59xBLE.a(sm.o)
                0x000000000000c168                smpParseIdentityAddrInfo
 .text.smpParseIdentityInfo
                0x000000000000c19c       0x2a C:\Users\bitshen\Desktop\Broadcaster-CH592\LIB\libCH59xBLE.a(sm.o)
                0x000000000000c19c                smpParseIdentityInfo
 .text.smpParseMasterID
                0x000000000000c1c6       0x3c C:\Users\bitshen\Desktop\Broadcaster-CH592\LIB\libCH59xBLE.a(sm.o)
                0x000000000000c1c6                smpParseMasterID
 .text.smpParsePairingConfirm
                0x000000000000c202       0x2a C:\Users\bitshen\Desktop\Broadcaster-CH592\LIB\libCH59xBLE.a(sm.o)
                0x000000000000c202                smpParsePairingConfirm
 .text.smpParsePairingFailed
                0x000000000000c22c       0x1c C:\Users\bitshen\Desktop\Broadcaster-CH592\LIB\libCH59xBLE.a(sm.o)
                0x000000000000c22c                smpParsePairingFailed
 .text.smpParsePairingRandom
                0x000000000000c248       0x2a C:\Users\bitshen\Desktop\Broadcaster-CH592\LIB\libCH59xBLE.a(sm.o)
                0x000000000000c248                smpParsePairingRandom
 .text.smpParseSigningInfo
                0x000000000000c272       0x2a C:\Users\bitshen\Desktop\Broadcaster-CH592\LIB\libCH59xBLE.a(sm.o)
                0x000000000000c272                smpParseSigningInfo
 .text.smpParsePairingPublicKey
                0x000000000000c29c       0x2c C:\Users\bitshen\Desktop\Broadcaster-CH592\LIB\libCH59xBLE.a(sm.o)
                0x000000000000c29c                smpParsePairingPublicKey
 .text.smpParsePairingDHKeyCheck
                0x000000000000c2c8       0x2a C:\Users\bitshen\Desktop\Broadcaster-CH592\LIB\libCH59xBLE.a(sm.o)
                0x000000000000c2c8                smpParsePairingDHKeyCheck
 .text.smProcessDataMsg
                0x000000000000c2f2      0x104 C:\Users\bitshen\Desktop\Broadcaster-CH592\LIB\libCH59xBLE.a(sm.o)
                0x000000000000c2f2                smProcessDataMsg
 .text.smProcessTMOSMsg
                0x000000000000c3f6      0x170 C:\Users\bitshen\Desktop\Broadcaster-CH592\LIB\libCH59xBLE.a(sm.o)
                0x000000000000c3f6                smProcessTMOSMsg
 .text.SM_CalcRandomAddr
                0x000000000000c566       0x54 C:\Users\bitshen\Desktop\Broadcaster-CH592\LIB\libCH59xBLE.a(sm.o)
                0x000000000000c566                SM_CalcRandomAddr
 .text.SM_GenerateAuthenSig
                0x000000000000c5ba       0xe6 C:\Users\bitshen\Desktop\Broadcaster-CH592\LIB\libCH59xBLE.a(sm.o)
                0x000000000000c5ba                SM_GenerateAuthenSig
 .text.SM_PasskeyUpdate
                0x000000000000c6a0       0xe6 C:\Users\bitshen\Desktop\Broadcaster-CH592\LIB\libCH59xBLE.a(sm.o)
                0x000000000000c6a0                SM_PasskeyUpdate
 .text.SM_ResolveRandomAddrs
                0x000000000000c786       0x5e C:\Users\bitshen\Desktop\Broadcaster-CH592\LIB\libCH59xBLE.a(sm.o)
                0x000000000000c786                SM_ResolveRandomAddrs
 .text.SM_StartPairing
                0x000000000000c7e4       0xc2 C:\Users\bitshen\Desktop\Broadcaster-CH592\LIB\libCH59xBLE.a(sm.o)
                0x000000000000c7e4                SM_StartPairing
 .text.SM_VerifyAuthenSig
                0x000000000000c8a6      0x150 C:\Users\bitshen\Desktop\Broadcaster-CH592\LIB\libCH59xBLE.a(sm.o)
                0x000000000000c8a6                SM_VerifyAuthenSig
 .text.SM_ProcessEvent
                0x000000000000c9f6       0xb4 C:\Users\bitshen\Desktop\Broadcaster-CH592\LIB\libCH59xBLE.a(sm.o)
                0x000000000000c9f6                SM_ProcessEvent
 .text.SM_ParamInit
                0x000000000000caaa       0x66 C:\Users\bitshen\Desktop\Broadcaster-CH592\LIB\libCH59xBLE.a(sm.o)
                0x000000000000caaa                SM_ParamInit
 .text.SM_InitiatorInit
                0x000000000000cb10       0x22 C:\Users\bitshen\Desktop\Broadcaster-CH592\LIB\libCH59xBLE.a(sm.o)
                0x000000000000cb10                SM_InitiatorInit
 .text.SM_ResponderInit
                0x000000000000cb32       0x22 C:\Users\bitshen\Desktop\Broadcaster-CH592\LIB\libCH59xBLE.a(sm.o)
                0x000000000000cb32                SM_ResponderInit
 .text.SM_Init  0x000000000000cb54       0x2a C:\Users\bitshen\Desktop\Broadcaster-CH592\LIB\libCH59xBLE.a(sm.o)
                0x000000000000cb54                SM_Init
 .text.smpInitiatorProcessPairingRsp
                0x000000000000cb7e      0x26e C:\Users\bitshen\Desktop\Broadcaster-CH592\LIB\libCH59xBLE.a(sm_initiator.o)
                0x000000000000cb7e                smpInitiatorProcessPairingRsp
 .text.smInitiatorSendNextKeyInfo
                0x000000000000cdec      0x26e C:\Users\bitshen\Desktop\Broadcaster-CH592\LIB\libCH59xBLE.a(sm_initiator.o)
                0x000000000000cdec                smInitiatorSendNextKeyInfo
 .text.setupInitiatorKeys
                0x000000000000d05a       0x88 C:\Users\bitshen\Desktop\Broadcaster-CH592\LIB\libCH59xBLE.a(sm_initiator.o)
 .text.smpInitiatorProcessIncoming
                0x000000000000d0e2      0x418 C:\Users\bitshen\Desktop\Broadcaster-CH592\LIB\libCH59xBLE.a(sm_initiator.o)
                0x000000000000d0e2                smpInitiatorProcessIncoming
 .text.smpBuildPairingReqRsp
                0x000000000000d4fa       0xc6 C:\Users\bitshen\Desktop\Broadcaster-CH592\LIB\libCH59xBLE.a(sm_pdu.o)
 .text.smpBuildPairingReq
                0x000000000000d5c0        0xa C:\Users\bitshen\Desktop\Broadcaster-CH592\LIB\libCH59xBLE.a(sm_pdu.o)
                0x000000000000d5c0                smpBuildPairingReq
 .text.smpBuildPairingRsp
                0x000000000000d5ca        0xa C:\Users\bitshen\Desktop\Broadcaster-CH592\LIB\libCH59xBLE.a(sm_pdu.o)
                0x000000000000d5ca                smpBuildPairingRsp
 .text.smpBuildPairingConfirm
                0x000000000000d5d4       0x30 C:\Users\bitshen\Desktop\Broadcaster-CH592\LIB\libCH59xBLE.a(sm_pdu.o)
                0x000000000000d5d4                smpBuildPairingConfirm
 .text.smpBuildPairingRandom
                0x000000000000d604       0x30 C:\Users\bitshen\Desktop\Broadcaster-CH592\LIB\libCH59xBLE.a(sm_pdu.o)
                0x000000000000d604                smpBuildPairingRandom
 .text.smpBuildEncInfo
                0x000000000000d634       0x30 C:\Users\bitshen\Desktop\Broadcaster-CH592\LIB\libCH59xBLE.a(sm_pdu.o)
                0x000000000000d634                smpBuildEncInfo
 .text.smpBuildMasterID
                0x000000000000d664       0x44 C:\Users\bitshen\Desktop\Broadcaster-CH592\LIB\libCH59xBLE.a(sm_pdu.o)
                0x000000000000d664                smpBuildMasterID
 .text.smpBuildIdentityInfo
                0x000000000000d6a8       0x30 C:\Users\bitshen\Desktop\Broadcaster-CH592\LIB\libCH59xBLE.a(sm_pdu.o)
                0x000000000000d6a8                smpBuildIdentityInfo
 .text.smpBuildIdentityAddrInfo
                0x000000000000d6d8       0x3a C:\Users\bitshen\Desktop\Broadcaster-CH592\LIB\libCH59xBLE.a(sm_pdu.o)
                0x000000000000d6d8                smpBuildIdentityAddrInfo
 .text.smpBuildSigningInfo
                0x000000000000d712       0x30 C:\Users\bitshen\Desktop\Broadcaster-CH592\LIB\libCH59xBLE.a(sm_pdu.o)
                0x000000000000d712                smpBuildSigningInfo
 .text.smpBuildPublicKey
                0x000000000000d742       0x32 C:\Users\bitshen\Desktop\Broadcaster-CH592\LIB\libCH59xBLE.a(sm_pdu.o)
                0x000000000000d742                smpBuildPublicKey
 .text.smpBuildDHKey
                0x000000000000d774       0x30 C:\Users\bitshen\Desktop\Broadcaster-CH592\LIB\libCH59xBLE.a(sm_pdu.o)
                0x000000000000d774                smpBuildDHKey
 .text.smpBuildPairingFailed
                0x000000000000d7a4       0x1a C:\Users\bitshen\Desktop\Broadcaster-CH592\LIB\libCH59xBLE.a(sm_pdu.o)
                0x000000000000d7a4                smpBuildPairingFailed
 .text.smGeneratePairingReq
                0x000000000000d7be       0x30 C:\Users\bitshen\Desktop\Broadcaster-CH592\LIB\libCH59xBLE.a(sm_pdu.o)
                0x000000000000d7be                smGeneratePairingReq
 .text.smGeneratePairingRsp
                0x000000000000d7ee       0x30 C:\Users\bitshen\Desktop\Broadcaster-CH592\LIB\libCH59xBLE.a(sm_pdu.o)
                0x000000000000d7ee                smGeneratePairingRsp
 .text.smGenerateConfirm
                0x000000000000d81e       0x34 C:\Users\bitshen\Desktop\Broadcaster-CH592\LIB\libCH59xBLE.a(sm_pdu.o)
                0x000000000000d81e                smGenerateConfirm
 .text.smGenerateRandMsg
                0x000000000000d852       0x34 C:\Users\bitshen\Desktop\Broadcaster-CH592\LIB\libCH59xBLE.a(sm_pdu.o)
                0x000000000000d852                smGenerateRandMsg
 .text.smGeneratePairingPublicKey
                0x000000000000d886       0x64 C:\Users\bitshen\Desktop\Broadcaster-CH592\LIB\libCH59xBLE.a(sm_pdu.o)
                0x000000000000d886                smGeneratePairingPublicKey
 .text.smGeneratePairingDHKeyCheck
                0x000000000000d8ea      0x250 C:\Users\bitshen\Desktop\Broadcaster-CH592\LIB\libCH59xBLE.a(sm_pdu.o)
                0x000000000000d8ea                smGeneratePairingDHKeyCheck
 .text.smPairingSendEncInfo
                0x000000000000db3a       0x10 C:\Users\bitshen\Desktop\Broadcaster-CH592\LIB\libCH59xBLE.a(sm_pdu.o)
                0x000000000000db3a                smPairingSendEncInfo
 .text.smPairingSendIdentityAddrInfo
                0x000000000000db4a       0x38 C:\Users\bitshen\Desktop\Broadcaster-CH592\LIB\libCH59xBLE.a(sm_pdu.o)
                0x000000000000db4a                smPairingSendIdentityAddrInfo
 .text.smPairingSendIdentityInfo
                0x000000000000db82       0x10 C:\Users\bitshen\Desktop\Broadcaster-CH592\LIB\libCH59xBLE.a(sm_pdu.o)
                0x000000000000db82                smPairingSendIdentityInfo
 .text.smPairingSendMasterID
                0x000000000000db92       0x38 C:\Users\bitshen\Desktop\Broadcaster-CH592\LIB\libCH59xBLE.a(sm_pdu.o)
                0x000000000000db92                smPairingSendMasterID
 .text.smPairingSendSingingInfo
                0x000000000000dbca       0x10 C:\Users\bitshen\Desktop\Broadcaster-CH592\LIB\libCH59xBLE.a(sm_pdu.o)
                0x000000000000dbca                smPairingSendSingingInfo
 .text.smResponderSendNextKeyInfo
                0x000000000000dbda      0x2e6 C:\Users\bitshen\Desktop\Broadcaster-CH592\LIB\libCH59xBLE.a(sm_responding.o)
                0x000000000000dbda                smResponderSendNextKeyInfo
 .text.smResponderProcessLTKReq
                0x000000000000dec0      0x1b6 C:\Users\bitshen\Desktop\Broadcaster-CH592\LIB\libCH59xBLE.a(sm_responding.o)
                0x000000000000dec0                smResponderProcessLTKReq
 .text.smpResponderProcessIncoming
                0x000000000000e076      0x6f2 C:\Users\bitshen\Desktop\Broadcaster-CH592\LIB\libCH59xBLE.a(sm_responding.o)
                0x000000000000e076                smpResponderProcessIncoming
 .text.xor_128  0x000000000000e768       0x28 C:\Users\bitshen\Desktop\Broadcaster-CH592\LIB\libCH59xBLE.a(sm_toolbox.o)
                0x000000000000e768                xor_128
 .text.leftshift_onebit
                0x000000000000e790       0x2e C:\Users\bitshen\Desktop\Broadcaster-CH592\LIB\libCH59xBLE.a(sm_toolbox.o)
                0x000000000000e790                leftshift_onebit
 .text.padding  0x000000000000e7be       0x38 C:\Users\bitshen\Desktop\Broadcaster-CH592\LIB\libCH59xBLE.a(sm_toolbox.o)
                0x000000000000e7be                padding
 .text.generate_subkey
                0x000000000000e7f6       0xd4 C:\Users\bitshen\Desktop\Broadcaster-CH592\LIB\libCH59xBLE.a(sm_toolbox.o)
                0x000000000000e7f6                generate_subkey
 .text.sm_xor   0x000000000000e8ca       0x24 C:\Users\bitshen\Desktop\Broadcaster-CH592\LIB\libCH59xBLE.a(sm_toolbox.o)
                0x000000000000e8ca                sm_xor
 .text.sm_ah    0x000000000000e8ee       0x90 C:\Users\bitshen\Desktop\Broadcaster-CH592\LIB\libCH59xBLE.a(sm_toolbox.o)
                0x000000000000e8ee                sm_ah
 .text.sm_c1new
                0x000000000000e97e      0x144 C:\Users\bitshen\Desktop\Broadcaster-CH592\LIB\libCH59xBLE.a(sm_toolbox.o)
                0x000000000000e97e                sm_c1new
 .text.sm_s1    0x000000000000eac2       0x96 C:\Users\bitshen\Desktop\Broadcaster-CH592\LIB\libCH59xBLE.a(sm_toolbox.o)
                0x000000000000eac2                sm_s1
 .text.sm_CMAC  0x000000000000eb58      0x172 C:\Users\bitshen\Desktop\Broadcaster-CH592\LIB\libCH59xBLE.a(sm_toolbox.o)
                0x000000000000eb58                sm_CMAC
 .text.HOST_LE_ConnectionCompleteEvent
                0x000000000000ecca       0xca C:\Users\bitshen\Desktop\Broadcaster-CH592\LIB\libCH59xBLE.a(host_input.o)
                0x000000000000ecca                HOST_LE_ConnectionCompleteEvent
 .text.HOST_LE_ConnectionUpdateCompleteEvent
                0x000000000000ed94       0x60 C:\Users\bitshen\Desktop\Broadcaster-CH592\LIB\libCH59xBLE.a(host_input.o)
                0x000000000000ed94                HOST_LE_ConnectionUpdateCompleteEvent
 .text.HOST_LE_ReadRemoteUsedFeaturesCompleteEvent
                0x000000000000edf4       0x66 C:\Users\bitshen\Desktop\Broadcaster-CH592\LIB\libCH59xBLE.a(host_input.o)
                0x000000000000edf4                HOST_LE_ReadRemoteUsedFeaturesCompleteEvent
 .text.HOST_LE_LongTermKeyRequestEvent
                0x000000000000ee5a       0x64 C:\Users\bitshen\Desktop\Broadcaster-CH592\LIB\libCH59xBLE.a(host_input.o)
                0x000000000000ee5a                HOST_LE_LongTermKeyRequestEvent
 .text.HOST_LE_RemoteConnectionParameterRequestEvent
                0x000000000000eebe       0x60 C:\Users\bitshen\Desktop\Broadcaster-CH592\LIB\libCH59xBLE.a(host_input.o)
                0x000000000000eebe                HOST_LE_RemoteConnectionParameterRequestEvent
 .text.HOST_RemoteConnectionParameterRequestEvent
                0x000000000000ef1e       0x42 C:\Users\bitshen\Desktop\Broadcaster-CH592\LIB\libCH59xBLE.a(host_input.o)
                0x000000000000ef1e                HOST_RemoteConnectionParameterRequestEvent
 .text.HOST_LE_DataLengthChangeEvent
                0x000000000000ef60       0x60 C:\Users\bitshen\Desktop\Broadcaster-CH592\LIB\libCH59xBLE.a(host_input.o)
                0x000000000000ef60                HOST_LE_DataLengthChangeEvent
 .text.HOST_LE_EnhancedConnectionCompleteEvent
                0x000000000000efc0      0x128 C:\Users\bitshen\Desktop\Broadcaster-CH592\LIB\libCH59xBLE.a(host_input.o)
                0x000000000000efc0                HOST_LE_EnhancedConnectionCompleteEvent
 .text.HOST_LE_PHYUpdateCompleteReportEvent
                0x000000000000f0e8       0x58 C:\Users\bitshen\Desktop\Broadcaster-CH592\LIB\libCH59xBLE.a(host_input.o)
                0x000000000000f0e8                HOST_LE_PHYUpdateCompleteReportEvent
 .text.HOST_LE_PeriodicAdvertisingSyncEstablishedEvent
                0x000000000000f140       0x9c C:\Users\bitshen\Desktop\Broadcaster-CH592\LIB\libCH59xBLE.a(host_input.o)
                0x000000000000f140                HOST_LE_PeriodicAdvertisingSyncEstablishedEvent
 .text.HOST_LE_PeriodicAdvertisingSyncLostEvent
                0x000000000000f1dc       0x40 C:\Users\bitshen\Desktop\Broadcaster-CH592\LIB\libCH59xBLE.a(host_input.o)
                0x000000000000f1dc                HOST_LE_PeriodicAdvertisingSyncLostEvent
 .text.HOST_LE_ScanTimeoutEvent
                0x000000000000f21c       0x3a C:\Users\bitshen\Desktop\Broadcaster-CH592\LIB\libCH59xBLE.a(host_input.o)
                0x000000000000f21c                HOST_LE_ScanTimeoutEvent
 .text.HOST_LE_AdvertisingSetTerminatedEvent
                0x000000000000f256       0x58 C:\Users\bitshen\Desktop\Broadcaster-CH592\LIB\libCH59xBLE.a(host_input.o)
                0x000000000000f256                HOST_LE_AdvertisingSetTerminatedEvent
 .text.HOST_LE_ScanRequestReceivedEvent
                0x000000000000f2ae       0x6c C:\Users\bitshen\Desktop\Broadcaster-CH592\LIB\libCH59xBLE.a(host_input.o)
                0x000000000000f2ae                HOST_LE_ScanRequestReceivedEvent
 .text.HOST_LE_ChannelSelectionAlgorithmEvent
                0x000000000000f31a       0x48 C:\Users\bitshen\Desktop\Broadcaster-CH592\LIB\libCH59xBLE.a(host_input.o)
                0x000000000000f31a                HOST_LE_ChannelSelectionAlgorithmEvent
 .text.HOST_DisconnectionCompleteEvent
                0x000000000000f362       0x48 C:\Users\bitshen\Desktop\Broadcaster-CH592\LIB\libCH59xBLE.a(host_input.o)
                0x000000000000f362                HOST_DisconnectionCompleteEvent
 .text.HOST_EncryptionChangeEvent
                0x000000000000f3aa       0x50 C:\Users\bitshen\Desktop\Broadcaster-CH592\LIB\libCH59xBLE.a(host_input.o)
                0x000000000000f3aa                HOST_EncryptionChangeEvent
 .text.HOST_ReadRemoteVersionInfoEvent
                0x000000000000f3fa       0x5a C:\Users\bitshen\Desktop\Broadcaster-CH592\LIB\libCH59xBLE.a(host_input.o)
                0x000000000000f3fa                HOST_ReadRemoteVersionInfoEvent
 .text.HOST_CommandCompleteEvent
                0x000000000000f454       0x62 C:\Users\bitshen\Desktop\Broadcaster-CH592\LIB\libCH59xBLE.a(host_input.o)
                0x000000000000f454                HOST_CommandCompleteEvent
 .text.HOST_CommandStatusEvent
                0x000000000000f4b6       0x48 C:\Users\bitshen\Desktop\Broadcaster-CH592\LIB\libCH59xBLE.a(host_input.o)
                0x000000000000f4b6                HOST_CommandStatusEvent
 .text.HOST_DataBufferOverflowEvent
                0x000000000000f4fe       0x3e C:\Users\bitshen\Desktop\Broadcaster-CH592\LIB\libCH59xBLE.a(host_input.o)
                0x000000000000f4fe                HOST_DataBufferOverflowEvent
 .text.HOST_EncryptionKeyRefreshCompleteEvent
                0x000000000000f53c       0x4a C:\Users\bitshen\Desktop\Broadcaster-CH592\LIB\libCH59xBLE.a(host_input.o)
                0x000000000000f53c                HOST_EncryptionKeyRefreshCompleteEvent
 .text.HOST_NumberOfCompletedPacketsEvent
                0x000000000000f586       0x44 C:\Users\bitshen\Desktop\Broadcaster-CH592\LIB\libCH59xBLE.a(host_input.o)
                0x000000000000f586                HOST_NumberOfCompletedPacketsEvent
 .text.HOST_RecvDataPackets
                0x000000000000f5ca      0x266 C:\Users\bitshen\Desktop\Broadcaster-CH592\LIB\libCH59xBLE.a(host_input.o)
                0x000000000000f5ca                HOST_RecvDataPackets
 .text.HCI_DisconnectCmd
                0x000000000000f830        0x4 C:\Users\bitshen\Desktop\Broadcaster-CH592\LIB\libCH59xBLE.a(host_output.o)
                0x000000000000f830                HCI_DisconnectCmd
 .text.HCI_MB_DisconnectCmd